2890645253646
2890695544626
2890745733359
2890796045308
2890846360673
2890896553784
2890946914012
2890997106621
2891047316473
2891097523108
2891147732308
2891197932561
2891248124960
2891298400523
2891348793171
2891399185848
2891449396972
2891499585444
2891549762034
2891599950926
2891650279286
2891700511598
2891750757847
2891802943047
2891854522401
2891904706184
2891955026219
2892006028089
2892056191775
2892106394483
2892156583907
2892206765606
2892257082224
2892307292977
2892357469537
2892407643752
2892457873470
2892508057053
2892558243932
2892608608989
2892658836122
2892709040513
2892759257137
2892809566882
2892859780961
2892909963151
2892960130194
2893010313266
2893060513179
2893110695790
2893160992411
2893211240112
2893261434775
2893311642312
2893361840893
2893412019456
2893462205654
2893512529565
2893562814695
2893612997307
2893663191048
2893713363611
2893763548235
2893813850888
2893864220203
2893914476419
2893964674709
2894014878169
2894065096776
2894115260423
2894165461357
2894215716642
2894265977979
2894316217645
2894366416556
2894416675958
2894466866093
2894517066818
2894567272692
2894617492982
2894667684440
2894717890674
2894768246685
2894818557603
2894868747387
2894918928886
2894969117047
2895019307804
2895069530549
2895119811922
2895170063560
2895220273441
2895270483664
2895320681573
2895370871057
2895421077732
2895471387327
2895521649936
2895571901805
2895622105675
2895672308353
2895722478962
2895772659940
2895822960228
2895873193553
2895923388848
2895973581347
2896023788784
2896073989899
2896124251115
2896174464503
2896224702626
2896274901417
2896325107963
2896375303848
2896425519961
2896475756452
2896525976762
2896576158312
2896626342606
2896676537099
2896726801862
2896777069449
2896827237654
2896877424854
2896927631199
2896977835019
2897028041154
2897078274699
2897128597318
2897178779198
2897228960186
2897279119214
2897329380550
2897379589119
2897429789022
2897480012158
2897530223753
2897580414359
2897630775399
2897681091466
2897731289666
2897781484770
2897831829250
2897882021619
2897932213046
2897982522481
2898032703430
2898082874429
2898133064224
2898183253758
2898233436279
2898283631964
2898333937803
2898384324660
2898434508163
2898484699761
2898534895656
2898585080362
2898635270006
2898685461724
2898735691352
2898785924406
2898836129229
2898886394011
2898936659686
2898986884485
2899037103803
2899087321630
2899137551097
2899187730383
2899238121538
2899288419121
2899338617912
2899388832953
2899439040821
2899489232128
2899539427964
2899589751154
2899639977847
2899690197457
2899740397209
2899790619544
2899840837441
2899891079882
2899941385530
2899991724199
2900041888787
2900092084242
2900142299373
2900192551823
2900242776502
2900293029242
2900343236960
2900393404033
2900443579030
2900493779805
2900543999315
2900594226618
2900644458771
2900694680444
2900744885818
2900795074130
2900845335085
2900895617300
2900945813026
2900996013279
2901046191673
2901096355029
2901146513175
2901196779481
2901246959558
2901297086877
2901347247087
2901397421985
2901447644459
2901497820298
2901548024790
2901598174070
2901648331825
2901698496113
2901748730109
2901798932938
2901849113135
2901899304493
2901949495279
2901999731058
2902049925442
2902100315355
2902150551225
2902200730119
2902250921747
2902301121029
2902351361197
2902401575697
2902451772755
2902501975874
2902552223976
2902602430452
2902652662184
2902702841309
2902753030122
2902803211681
2902853403570
2902903576674
2902953751371
2903004147606
2903054343642
2903104508030
2903154698886
2903204885355
2903255154215
2903305354008
2903355661510
2903405874658
2903456043474
2903506216347
2903556395993
2903606582993
2903656765634
2903707018836
2903757353598
2903807537341
2903857707049
2903908020832
2903958280335
2904008473136
2904058647422
2904108820957
2904159023645
2904209202911
2904259493701
2904309745390
2904359914657
2904410109551
2904460293265
2904510456270
2904560627100
2904610817025
2904661025805
2904711206172
2904761387541
2904811709800
2904861961439
2904912111831
2904962292920
2905012469350
2905062713074
2905112879796
2905163147104
2905213387322
2905263576445
2905313747566
2905363944394
2905414089957
2905464266257
2905514439902
2905564616642
2905614776352
2905664950528
2905715206745
2905765409734
2905815582908
2905865766351
2905915950305
2905966179112
2906016389776
2906066609055
2906116867306
2906167038576
2906217222591
2906267407677
2906317622958
2906367812613
2906417986659
2906468249448
2906518413115
2906568588433
2906618868975
2906669105827
2906719288759
2906769476740
2906819665944
2906869912744
