2890645053126
2890695450804
2890745686132
2890795948199
2890846343251
2890896570114
2890946956470
2890997206976
2891047422698
2891097642798
2891147856406
2891198064134
2891248272482
2891298629645
2891348906469
2891399201978
2891449442496
2891499700065
2891549908554
2891600103187
2902364044142
2902364103331
2902364125582
2902364136663
2902364146942
2902364157521
2902364167880
2902364178079
2902395994885
2902446361556
2902496485449
2902546651099
2902596811420
2902646976028
2902697206688
2902747425877
2902797692724
2902847820875
2902897945980
2902948109667
2902998318747
2903048462587
2903098604323
2903148760967
2903198917761
2903249249848
2903299385382
2903349676273
2903399889221
2903450047087
2903500197509
2903550365393
2903600586135
2903650725607
2903700889173
2903751084168
2903801237986
2903851401172
2903901723491
2903951923524
2904002108200
2904052251749
2904102426216
2904152638061
2904202793202
2904252960535
2904303122749
2904353273983
2904403427511
2904453666176
2904503813602
2904553971047
2904604122181
2904654282612
2904704548987
2904754697075
2904804855232
2904854997439
2904905136400
2904955292203
2905005612568
2905055798385
2905105949238
2905156115830
2905206256214
2905256527519
2905306667612
2905356880119
2905407057321
2905457229252
2905507375797
2905557664855
2905607880387
2905658040568
2905708195328
2905758352573
2905808551354
2905858703620
2905908872175
2905959034039
2906009216641
2906059383072
2906109726290
2906159920913
2906210067138
2906260224954
2906310391095
2906360544463
2906410710684
2906461024958
2906511174179
2906561327326
2906611476135
2906661628892
2906711805823
2906761951156
2906812126775
2906862295230
