2890644988988
2890695200352
2890745583523
2890795830272
2890846122855
2890896468316
2890946733680
2890997135134
2891047327814
2891097559284
2891147774585
2891197987783
2891248186975
2891298427612
2891348805353
2891399041372
2891449351308
2891499606703
2891549845618
2891600018491
2895784817328
2895935020937
2896085311056
2896235579866
2896385895071
2896536109941
2896686399188
2896836655244
2896986900350
2897137096776
2897287338977
2897437595805
2897587900490
2897738093891
2897888278886
2898038566251
2898188821355
2898339016048
2898489171168
2898639407308
2898789661672
2898939926414
2899090101972
2899240331850
2899390567820
2899540843242
2899691071537
2899841330088
2899991598968
2900141893055
2900292107435
2900442355426
2900592617504
2900742883739
2900893108568
2901043366559
2901193642191
2901343982473
2901494247716
2901644503413
2901794797649
2901945047695
2902095322737
2902245562784
2902395895703
2902446099704
2902496396385
2902546554471
2902596720202
2902646877747
2902697052584
2902747295727
2902797458322
2902847742631
2902897878025
2902948020863
2902998202212
2903048379194
2903098525738
2903148666052
2903198822806
2903249031475
2903299304163
2903349465074
2903399750826
2903449950859
2903500111300
2903550265649
2903600431069
2903650645349
2903700790211
2903750955360
2903801149814
2903851300026
2903901524785
2903951787494
2904001981005
2904052170660
2904102318357
2904152491311
2904202696905
2904252861553
2904303030559
2904353193605
2904403337445
2904453508044
2904503725380
2904553881092
2904604041613
2904654192696
2904704349730
2904754610386
2904804760317
2904854919115
2904905035775
2904955202778
2905005397842
2905055663577
2905105855195
2905156028099
2905206170957
2905256342238
2905306582956
2905356733659
2905406915640
2905457147301
2905507292744
2905557468073
2905607750869
2905657946074
2905708108899
2905758260163
2905808436172
2905858615758
2905908768374
2905958933454
2906009107800
2906059290311
2906109483312
2906159766629
2906209985067
2906260128426
2906310297533
2906360459136
2906410611501
2906460797379
2906511089132
2906561239484
2906611391148
2906661540629
2906711698435
2906761872441
2906812018475
2906862185849
