2890644986654
2890695200332
2890745584304
2890795846462
2890846122865
2890896462856
2890946769105
2890997159880
2891047352088
2891097602344
2891147950239
2891198258251
2891248464315
2891298721534
2891349123639
2891399429166
2891449694510
2891499904221
2891550126545
2891600280744
2895784797832
2895935023903
2896085310806
2896235594813
2896385946846
2896536249338
2896686508169
2896836726245
2896986982902
2897137236384
2897287506756
2897437782839
2897588109014
2897738424971
2897888722744
2898038994109
2898189284929
2898339538270
2898489784759
2898640017853
2898790297613
2898940595777
2899090950114
2899241213084
2899391483527
2899541753829
2899692014003
2899842273997
2899992519805
2900142783966
2900293103038
2900443395572
2900593650046
2900743925508
2900894244230
2901044504495
2901094765010
2901144997202
2901195241227
2901245479000
2901295700453
2901345933668
2901396184976
2901446469715
2901496718288
2901546946113
2901597258624
2901647530018
2901697893884
2901748171099
2901798634759
2901848992473
2901899210459
2901949452069
2901999688420
2902049914121
2902100213397
2902150615573
2902200909951
2902251125082
2902301344351
2902351582204
2902401828152
2902452033265
2902502339113
2902552643289
2902602852709
2902653022778
2902703307988
2902753561531
2902803785208
2902854122043
2902904322227
2902954502284
2903004771235
2903055026480
2903105239126
2903155546488
2903205916955
2903256251687
2903306441141
2903356644240
2903406861396
2903457160542
2903507365454
2903557686801
2903607891954
2903658098851
2903708306458
2903758517252
2903808750406
2903858977931
2903909374196
2903959646062
2904009862546
2904060081604
2904110326060
2904160549276
2904210775177
2904261151606
2904311350477
2904361541344
2904411748140
2904461951099
2904512152405
2904562363779
2904612754735
2904663016953
2904713233597
2904763448578
2904813671584
2904863900561
2904914112938
2904964362643
2905014634589
2905064828912
2905115029818
2905165242374
2905215524008
2905265719473
2905315936027
2905366170655
2905416390425
2905466619101
2905516846035
2905567014510
2905617225354
2905667442419
2905717667559
2905767988074
2905818242869
2905868600924
2905918879432
2905969104842
2906019322839
2906069543351
2906119745188
2906169991497
2906220323623
2906270616408
2906320810381
2906371024180
2906421247015
2906471534941
2906521748740
2906572097758
2906622318480
2906672514907
2906722726833
2906772954437
2906823176371
2906873432058
