2890645073714
2890695418885
2890745705898
2890795956735
2890846343201
2890896590461
2890946962231
2890997225460
2891047438828
2891097725751
2891148070150
2891198337998
2891248546086
2891298895565
2891349245554
2891399543437
2891449771782
2891499982315
2891550181156
2891600354951
2901044615069
2901094869943
2901145121642
2901195331273
2901245594432
2901295824161
2901346041396
2901396323020
2901446577694
2901496805839
2901547068538
2901597410433
2901647733904
2901698008264
2901748457056
2901798849374
2901849104880
2901899313710
2901949549569
2901999779728
2902050014135
2902100406543
2902150743769
2902200994466
2902251211270
2902301438023
2902351695733
2902401906546
2902452197548
2902502499539
2902552719769
2902602930883
2902653123824
2902703432287
2902753643732
2902803924554
2902854203393
2902904392126
2902954633215
2903004879845
2903055103512
2903105322861
2903155743170
2903206058857
2903256320524
2903306520417
2903356721924
2903407032160
2903457230551
2903507522874
2903557757131
2903607965480
2903658177997
2903708381557
2903758627495
2903808833179
2903859192065
2903909496291
2903959724115
2904009938295
2904060174195
2904110428979
2904160626148
2904210995673
2904261233627
2904311420136
2904361615681
2904411828658
2904462033391
2904512230068
2904562538131
2904612883602
2904663094897
2904713315368
2904763533134
2904813761530
2904863983895
2904914202142
2904964489196
2905014708966
2905064914139
2905115110967
2905165386450
2905215596522
2905265799751
2905316023298
2905366259078
2905416474730
2905466709488
2905516925010
2905567098044
2905617310981
2905667526033
2905717824498
2905768089201
2905818461943
2905868717308
2905918958447
2905969189618
2906019411643
2906069619892
2906119828772
2906170171107
2906220467158
2906270691386
2906320891971
2906371110509
2906421424793
2906471606292
2906521904527
2906572196681
2906622402154
2906672595536
2906722799717
2906773056566
2906823260476
2906873605998
