1272807402039
1272857792369
1272908086563
1272958408742
1273008792248
1273059249989
1273109767402
1273160129447
1273210502881
1273260853220
1273311277057
1273361642999
1273411919237
1273462203436
1273512578382
1273562890488
1273613243120
1273663658270
1273714006672
1273764326787
1273814650325
1273864915398
1273915143100
1273965367997
1274015599669
1274065973081
1274116193260
1274167581030
1274217801065
1274268048607
1274318355103
1274368639946
1274418879432
1274469114145
1274519376793
1274576075287
1274626286625
1274676585707
1274726834847
1274777147574
1274827429632
1274877660041
1274927948257
1274978285684
1275028578792
1275078832868
1275129070604
1275179298528
1275229491270
1275279847672
1275330070494
1275380387475
1275430734830
1275480997126
1275531310813
1275581810394
1275632244926
1275682538595
1275732837416
1275783273791
1275833591621
1275884280131
1275934593134
1275984984515
1276035305489
1276085679877
1276136031768
1276186345247
1276236701704
1276287265732
1276337820867
1276388128300
1276438417018
1276488754219
1276539129929
1276589507463
1276639783703
1276690076939
1276740591354
1276791017057
1276841288836
1276891591677
1276941950658
1276992344693
1277042678067
1277093023419
1277143416130
1277193797644
1277244157752
1277294426616
1277344718291
1277395072315
1277445463976
1277495830045
1277546299085
1277596720935
1277647255586
1277697584169
1277748121708
1277798562300
1277849093577
1277899474160
1277949703176
1278000242481
1278050630771
1278101045175
1278151371538
1278201748251
1278252193369
1278302627801
1278353094576
1278403491464
1278453821443
1278504230350
1278554582582
1278604957201
1278655254428
1278705486917
1278755888881
1278806340493
1278856841106
1278907256176
1278957541291
1279007900775
1279058244166
1279108736465
1279159074375
1279209472577
1279259886379
1279310231205
1279360552577
1279410859843
1279461170833
1279511467571
1279561845483
1279612185345
1279662471403
1279712800374
1279763140404
1279813542493
1279863866070
1279914258062
1279964779191
1280015286874
1280065596759
1280116058026
1280166550459
1280216950639
1280267490303
1280317810525
1280368384056
1280418950607
1280469511679
1280519838776
1280570236558
1280620575009
1280670959147
1280721291139
1280771795378
1280822260179
1280872814114
1280923214983
1280973517930
1281023984818
1281074432546
1281124716237
1281175086099
1281225442018
1281275803365
1281326202116
1281376472105
1281426786793
1281477166772
1281527749555
1281578121094
1281628506665
1281679065476
1281729405409
1281779828310
1281830085590
1281880389990
1281930962968
1281981500653
1282031795927
1282082291161
1282132619290
1282183178171
1282233715537
1282284303924
1282334562116
1282384923926
1282435359283
1282485649058
1282535986807
1282586366509
1282636688678
1282687064138
1282737347800
1282787609205
1282837922056
1282888210401
1282938495635
1282988780016
1283039208833
1283089469113
1283140046866
1283190421730
1283240788626
1283291223538
1283341526368
1283391790609
1283442188199
1283492490432
1283542814976
1283593230171
1283643680130
1283693962927
1283744244464
1283794559454
1283845133233
1283895450447
1283946093855
1283996437950
1284046815863
1284097196911
1284147486568
1284197851283
1284248201048
1284298498621
1284348796941
1284399116212
1284449469640
1284499764151
1284550092651
1284600436297
1284650742023
1284701059463
1284751438202
1284801734681
1284852096214
1284902426804
1284952743511
1285003076532
1285053469247
1285103969570
1285154491368
1285204763225
1285255412048
1285306062486
1285356283317
1285406682710
1285457261863
1285507786069
1285558229127
1285608695214
1285659197513
1285709760945
1285760244818
1285810619053
1285860870851
1285911187981
1285961564185
1286011825110
1286062116189
1286112607083
1286162938762
1286213194811
1286263567976
1286313862874
1286364302780
1286414591117
1286464947647
1286515324632
1286565621616
1286615879545
1286666178385
1286716428274
1286766739755
1286817013639
1286867295268
1286917671326
1286967922515
1287018225651
1287068489669
1287118855396
1287169116476
1287219447313
1287269718241
1287319973515
1287370225014
1287420539295
1287470797373
1287521052460
1287571343699
1287621685785
1287671934947
1287722171138
1287772390112
1287822751192
1287872980820
1287923321482
1287973691936
1288023924967
1288074311305
1288124604825
1288174892440
1288225189290
1288275619002
1288325893208
1288376248481
1288426677847
1288476990543
1288527423393
1288577964534
1288628444067
1288678940179
1288729354918
1288779707787
1288829916884
1288880190053
1288930598660
1288980823403
1289031074009
1289081390356
1289131682029
1289182008548
1289232283991
1289282628678
1289332858655
1289383085811
1289433369953
1289483631461
1289533869633
1289584190654
1289634528292
1289684756265
1289734985320
1289785204647
1289835573621
1289885825847
1289936086011
1289986323037
1290036523643
1290086808797
1290137145042
1290187414469
1290237644606
1290287909073
1290338137739
1290388340994
1290438711277
1290488974577
1290539295999
1290589717630
1290639965333
1290690200512
1290740426435
1290790793085
1290841010839
1290891326830
1290941616574
1290991972847
1291042353611
1291092594027
1291142876229
1291193089806
1291243344197
1291293674924
1291344029693
1291394383803
1291444889975
1291495183616
1291545457833
1291595685470
1291645932986
1291696225387
1291746467065
1291796743570
1291846980102
1291897274848
1291947574962
1291997823865
1292048084223
1292098336959
1292148598014
1292198886620
1292249145326
1292299429167
1292349625078
1292399905597
1292450252038
1292500469960
1292550786845
1292601089266
1292651330033
1292701658855
1292751898211
1292802127928
1292852375340
1292902666298
1292952952782
1293003176823
1293053445027
1293103673229
1293154158053
1293204374874
1293254588898
1293304806171
1293355117022
1293405544203
1293455774855
1293506008292
1293556246928
1293606564363
1293657066816
1293707400949
1293757919529
1293808294649
1293858587071
1293908935736
1293959401287
1294009643290
1294059938593
1294110452331
1294160793228
1294211039538
1294261275787
1294311593504
1294361916452
1294412237067
1294462536455
1294512820600
1294563115892
1294613338052
1294663621419
1294713939959
1294764251184
1294814467772
1294864731545
1294915029954
1294965244663
1295015553709
1295065883286
1295116264012
1295166601759
1295216922377
1295267228928
1295317587997
1295367932150
1295418123239
1295468343071
1295518654913
1295568850304
1295619127991
1295669358266
1295719593990
1295769830561
1295820068459
1295870324640
1295920576773
1295970825538
1296021045428
1296071309869
1296121643448
1296171847633
1296222065023
1296272281011
1296322539275
1296372917536
1296423362134
1296473957912
1296524392135
1296574820515
1296625269731
1296675602688
1296725914454
1296776378666
1296826625460
1296876926485
1296927395570
1296977784203
1297028121331
1297078448032
1297128748165
1297179189512
1297229605330
1297279976892
1297330365098
1297380628870
1297431044073
1297481470272
1297531870810
1297582225459
1297632486080
1297682790323
1297733108648
1297783428598
1297833950934
1297884359215
1297934642276
1297985128771
1298035606276
1298085831339
1298136334859
1298186677097
1298237060975
1298287558335
1298338005842
1298388342356
1298438792812
1298489073047
1298539387999
1298589725129
1298640212640
1298690801036
1298741356077
1298791793767
1298842326514
1298892706470
1298943032642
1298993388063
1299043750171
1299094170397
1299144461675
1299194848044
1299245201661
1299295572564
1299345823395
1299396191481
1299446412450
1299496847298
