1272807415809
1272857752075
1272908041231
1272958294729
1273008620736
1273059009622
1273109476247
1273159863750
1273210229599
1273260644161
1273311038369
1273361452183
1273411772942
1273462154079
1273512538925
1273562805093
1273613096011
1273663518784
1273713851259
1273764256246
1278698986807
1278849521166
1278999972057
1279150466971
1279301070766
1279451446886
1279601851222
1279752230099
1279902797600
1280053380265
1280204096067
1280354616280
1280505048800
1280655486832
1280806140345
1280956639455
1281107300434
1281257674271
1281408161693
1281558647722
1281709199399
1281859650807
1282010400743
1282160872873
1282311309279
1282461792344
1282612183387
1282762483075
1282912851896
1283063146964
1283213527661
1283363942457
1283514440615
1283664997246
1283815592626
1283966079058
1284116373797
1284266767248
1284417255696
1284567681879
1284718104353
1284868440161
1285018766199
1285169167716
1285319803227
1285470450526
1285520772405
1285571112166
1285621484509
1285671847700
1285722132437
1285772450547
1285822682132
1285872889893
1285923205607
1285973450263
1286023660591
1286073875027
1286124298916
1286174550513
1286224731255
1286275016857
1286325314696
1286375541669
1286425745657
1286476050625
1286526236083
1286576479624
1286626692527
1286676887562
1286727148232
1286777355353
1286827555416
1286877753185
1286927950658
1286978177801
1287028465223
1287078653410
1287128910699
1287179144072
1287229448197
1287279646210
1287329850975
1287380109558
1287430407455
1287480602368
1287530792396
1287580991737
1287631182071
1287681494573
1287731692453
1287781967187
1287832150121
1287882441212
1287932696159
1287982931087
1288033200205
1288083421942
1288133635170
1288183838779
1288234056268
1288284278493
1288334481428
1288384708964
1288435014230
1288485303306
1288535645312
1288585981924
1288636192953
1288686503077
1288736843396
1288787070977
1288837272963
1288887572091
1288937788304
1288987969859
1289038236559
1289088500653
1289138685585
1289188888369
1289239121871
1289289413151
1289339656120
1289389846621
1289440130522
1289490362260
1289540555736
1289590894366
1289641142655
1289691370104
1289741668809
1289791859576
1289842073234
1289892258760
1289942473077
1289992686178
1290042877607
1290093062642
1290143325800
1290193726567
1290243946312
1290294227085
1290344420040
1290394617238
1290444865077
1290495059311
1290545373580
1290595575691
1290645770603
1290695955261
1290746154521
1290796405879
1290846676401
1290896857998
1290947046826
1290997394489
1291047683074
1291097913379
1291148103317
1291198408246
1291248662946
1291298878464
1291349080821
1291399321735
1291449602604
1291499882421
1291550139532
1291600351614
1291650565323
1291700787833
1291751021567
1291801202165
1291851507044
1291901714031
1291951941036
1292002166230
1292052385079
1292102611755
1292152827495
1292203037815
1292253230768
1292303441560
1292353640598
1292403985639
1292454335575
1292504571675
1292554791960
1292605021621
1292655259939
1292705590110
1292755805249
1292806003869
1292856177490
1292906456115
1292956662511
1293006839980
1293057032234
1293107217082
1293157524739
1293207754662
1293258045266
1293308218370
1293358397379
1293408593489
1293458784932
1293508985675
1293559178747
1293609441980
1293659684203
1293709887494
1293760281468
1293810546244
1293860809287
1293911046931
1293961386455
1294011574878
1294061827590
1294112098064
1294162272070
1294212457057
1294262648386
1294312828309
1294362999885
1294413158172
1294463414674
1294513740329
1294563935423
1294614221473
1294664381617
1294714642735
1294764806294
1294814960364
1294865149378
1294915333070
1294965510974
1295015649912
1295065837930
1295116051726
1295166424864
1295216619400
1295266975867
1295317369258
1295367585082
1295417766818
1295468061085
1295518279926
1295568494722
1295618658949
1295668898834
1295719099027
1295769318701
1295819543992
1295869766377
1295920031334
1295970284240
1296020605088
1296070923766
1296121119332
1296171366834
1296221553940
1296271899316
1296322156384
1296372591232
1296423007503
1296473301644
1296523825411
1296574395379
1296624740267
1296675079245
1296725261468
1296775588822
1296825895676
1296876156339
1296926532326
1296976784706
1297027121121
1297077575590
1297127848062
1297178272783
1297228644446
1297279157460
1297329504960
1297379749110
1297429953151
1297480208468
1297530556972
1297581006367
1297631290836
1297681583244
1297731871318
1297782162730
1297832519449
1297882876296
1297933198437
1297983591934
1298034104630
1298084323024
1298134529516
1298185008141
1298235366034
1298285687723
1298336159480
1298386539657
1298436809579
1298487080290
1298537420794
1298587789831
1298638132705
1298688397426
1298738872685
1298789130761
1298839493050
1298889817693
1298940022931
1298990365195
1299040706049
1299091084740
1299141405512
1299191838068
1299242190760
1299292496582
1299342846031
1299393151907
1299443377469
1299493750579
