1272807530739
1272857874438
1272908139941
1272958418531
1273008748886
1273059165682
1273109649890
1273160028395
1273210406382
1273260786225
1273311172160
1273361601912
1273411926656
1273462250718
1273512653686
1273562896285
1273613244936
1273663630638
1273713969849
1273764380755
1285420266238
1285420360223
1285420372616
1285420377539
1285420381522
1285420385190
1285420390618
1285420395549
1285470603199
1285521000071
1285571320634
1285621666075
1285672082308
1285722325361
1285772607327
1285822830392
1285873052129
1285923385811
1285973579621
1286023788657
1286074082823
1286124527175
1286174664151
1286224851565
1286275159562
1286325471621
1286375699700
1286425896624
1286476188576
1286526390914
1286576615483
1286626809937
1286677020765
1286727300104
1286777499760
1286827683242
1286877893117
1286928096775
1286978307966
1287028583558
1287078757963
1287129063285
1287179282024
1287229574021
1287279770164
1287329969473
1287380212140
1287430552700
1287480719958
1287530919275
1287581128901
1287631316062
1287681622086
1287731809654
1287782094090
1287832273507
1287882599801
1287932836308
1287983079366
1288033341093
1288083546602
1288133754980
1288183982482
1288234201085
1288284426825
1288334628425
1288384867422
1288435193515
1288485499580
1288535860541
1288586098136
1288636366859
1288686718109
1288737021962
1288787191898
1288837456871
1288887694820
1288937922556
1288988079047
1289038380079
1289088644222
1289138822389
1289189030979
1289239236146
1289289556353
1289339776867
1289389953128
1289440246622
1289490502526
1289540698686
1289591039777
1289641305851
1289691537286
1289741798490
1289791956192
1289842211279
1289892364816
1289942616747
1289992803717
1290043023255
1290093162303
1290143473357
1290193940508
1290244071242
1290294357593
1290344536602
1290394729903
1290444979572
1290495176872
1290545503762
1290595716092
1290645884658
1290696073254
1290746258429
1290796538803
1290846820343
1290896988160
1290947194597
1290997575717
1291047918143
1291098070597
1291148198654
1291198513949
1291248803839
1291298985005
1291349184751
1291399453709
1291449789992
1291500034818
1291550312105
1291600486402
1291650715402
1291700960061
1291751119050
1291801345456
1291851654228
1291901857869
1291952126646
1292002280617
1292052541274
1292102750115
1292152952855
1292203178148
1292253382652
1292303587507
1292353743888
1292404117274
1292454459740
1292504726424
1292554944908
1292605169881
1292655402669
1292705730029
1292755938532
1292806103568
1292856314534
1292906594185
1292956759176
1293006992654
1293057154288
1293107329187
1293157677993
1293207893957
1293258176702
1293308331265
1293358567730
1293408719038
1293458928654
1293509102351
1293559287415
1293609548646
1293659807327
1293710066127
1293760427845
1293810645758
1293860930438
1293911205792
1293961543372
1294011656437
1294061961999
1294112196445
1294162372515
1294212619067
1294262764476
1294312958390
1294363099871
1294413270926
1294463510817
1294513895582
1294564075231
1294614340223
1294664492306
1294714758741
1294764911270
1294815066530
1294865261854
1294915455802
1294965599340
1295015794580
1295065951882
1295116187905
1295166580656
1295216762556
1295267131111
1295317539669
1295367784302
1295417896293
1295468181956
1295518393832
1295568596680
1295618816773
1295669032118
1295719211589
1295769501049
1295819691643
1295869939572
1295920190173
1295970460901
1296020771309
1296071092973
1296121262599
1296171491846
1296221680010
1296272045809
1296322319733
1296372791510
1296423228746
1296473512110
1296524042169
1296574653078
1296624952218
1296675225943
1296725440392
1296775741271
1296826049908
1296876361337
1296926730838
1296976967018
1297027300308
1297077704433
1297128050580
1297178457067
1297228829363
1297279357096
1297329688713
1297379875198
1297430153835
1297480405187
1297530757673
1297581231267
1297631472635
1297681811336
1297732158289
1297782347677
1297832727169
1297883108498
1297933360947
1297983785621
1298034288133
1298084458526
1298134736250
1298185203295
1298235550906
1298285894769
1298336403650
1298386735331
1298437029057
1298487260801
1298537615184
1298588060321
1298638303582
1298688610851
1298739064863
1298789324845
1298839696445
1298890001410
1298940170960
1298990550359
1299040897686
1299091234534
1299141593967
1299192033752
1299242373725
1299292700974
1299342997984
1299393275934
1299443551015
1299493914270
