1272807994774
1272858767386
1272909025492
1272959286936
1273009621800
1273059960864
1273110296446
1273160637375
1273210875665
1273261119505
1273311351782
1273361710254
1273411939472
1273462225415
1273512575826
1273562858982
1273613213605
1273663657052
1273713987136
1273764325936
1282461896697
1282512332987
1282562682049
1282613034196
1282663391879
1282713746494
1282764160155
1282814480633
1282865015784
1282915386125
1282965718903
1283016152830
1283066444965
1283116862509
1283167371182
1283217940422
1283268381993
1283318797289
1283369333916
1283419771138
1283470122385
1283520559620
1283570951569
1283621603488
1283672051909
1283722436537
1283772762936
1283823307978
1283873869754
1283924494505
1283975038797
1284025680567
1284077307774
1284127678919
1284178013268
1284228398178
1284278747159
1284329211867
1284379559308
1284430030754
1284480385808
1284530734740
1284581157882
1284631546616
1284681941943
1284732387871
1284782764814
1284833183618
1284883594066
1284933995113
1284984504890
1285034892185
1285085347065
1285135987814
1285186480505
1285237021772
1285287639411
1285338042023
1285388394396
1285438797276
1285489289916
1285539912598
1285590496028
1285640995401
1285691512006
1285741944646
1285792413172
1285842770188
1285893133865
1285943538818
1285993867581
1286044204856
1286094639314
1286145075477
1286195482511
1286245826774
1286296237395
1286346631651
1286397008079
1286447479217
1286497845984
1286548277087
1286598639105
1286648958941
1286699383393
1286749898198
1286800332900
1286850785197
1286901121883
1286951546188
1287001919303
1287052385163
1287102719895
1287153185024
1287203609822
1287253954858
1287304266222
1287354662960
1287404945454
1287455276492
1287505644295
1287556027931
1287606332970
1287656735274
1287707045624
1287757447765
1287807793970
1287858105077
1287908539196
1287958960722
1288009366394
1288059838610
1288110145537
1288160635676
1288211002366
1288261371448
1288311742661
1288362175031
1288412609061
1288463240152
1288513885311
1288564325043
1288614904250
1288665652258
1288716081622
1288766786061
1288817414725
1288867866581
1288918240985
1288968758378
1289019094152
1289069461362
1289119813005
1289170191917
1289220593181
1289271026522
1289321424325
1289371949428
1289422388176
1289472778919
1289523126971
1289573516860
1289623880028
1289674293429
1289724785115
1289775201327
1289825582039
1289876067237
1289926517602
1289976880157
1290027219894
1290077590341
1290127970313
1290178559726
1290229032314
1290279429172
1290329891175
1290380195459
1290430595246
1290480967714
1290531571484
1290581943147
1290632421792
1290682863267
1290733180523
1290783649902
1290834165603
1290884654344
1290935055754
1290985515374
1291036047648
1291086479620
1291136847578
1291187290479
1291237645384
1291288181496
1291338570287
1291389095516
1291439891063
1291490480450
1291540923681
1291591439467
1291641793805
1291692161066
1291742487436
1291792781740
1291843311109
1291893746348
1291944182152
1291994587803
1292045032979
1292095415816
1292145797067
1292196215298
1292246531945
1292296906178
1292347187997
1292397656551
1292448210209
1292498619653
1292548921166
1292599262782
1292649597949
1292699950915
1292750285466
1292800623845
1292851058375
1292901353143
1292951757867
1293002137635
1293052459215
1293102791436
1293153381293
1293203865538
1293254345683
1293304659996
1293355099659
1293405401493
1293455695342
1293506129664
1293556374106
1293606794592
1293657213577
1293707597647
1293758050816
1293808420104
1293858762579
1293908993110
1293959436254
1294009808165
1294061039335
1294111557996
1294161849972
1294212119455
1294262492622
1294312939671
1294363337792
1294413625089
1294463902859
1294514188612
1294564406176
1294614626316
1294664950840
1294715287187
1294765629676
1294815899450
1294866272089
1294916615098
1294966927141
1295017160091
1295067426157
1295117898703
1295168295464
1295218537904
1295269174391
1295319557606
1295369861428
1295420201137
1295470458980
1295520770581
1295571072639
1295621329065
1295671618837
1295721906655
1295772297778
1295822700306
1295873009129
1295923386281
1295973742147
1296024033957
1296074303665
1296124635363
1296174995924
1296225288301
1296275590510
1296325962742
1296376282795
1296426863355
1296477322114
1296527752911
1296578349719
1296628869475
1296679318564
1296729686543
1296780191848
1296830708770
1296881063995
1296931378526
1296981738675
1297032139785
1297082596645
1297132933949
1297183402857
1297233752637
1297284232992
1297334552843
1297384809628
1297435113349
1297485640580
1297536241160
1297586748228
1297637238858
1297687613902
1297738140216
1297788745677
1297839375913
1297889814603
1297940122087
1297990768230
1298041094612
1298091435225
1298141925378
1298192423102
1298242827184
1298293531923
1298344170888
1298394621056
1298445183100
1298495717700
1298546143114
1298596611751
1298647181444
1298697705830
1298748326018
1298798790343
1298849132087
1298899496267
1298949850700
1299000371364
1299051034707
1299101601094
1299152076525
1299202656466
1299253199677
1299303595846
1299353939090
1299404208534
1299454634182
1299505185451
