1272807089004
1272858671284
1272908938259
1272959206385
1273009533872
1273059865037
1273110184327
1273160518429
1273210801808
1273261034108
1273311274893
1273361619324
1273411852566
1273462103484
1273512449340
1273562740611
1273613066945
1273663473122
1273713851233
1273764144880
1278698979078
1278849508915
1279000177143
1279150601838
1279301114078
1279451472804
1279601926605
1279752276766
1279902774429
1280053387049
1280204141885
1280354616204
1280505047248
1280655486786
1280806186249
1280956603215
1281107230366
1281257627208
1281408187343
1281558627152
1281709213377
1281859650697
1282010443038
1282160872773
1282311372673
1282461729694
1282512178328
1282562518240
1282612897892
1282663220233
1282713573629
1282764017702
1282814335441
1282864836606
1282915248155
1282965590927
1283015999734
1283066314571
1283116674012
1283167119062
1283217746599
1283268201282
1283318593545
1283369084588
1283419570212
1283469945019
1283520382204
1283570743750
1283621384323
1283671820092
1283722290940
1283772622230
1283823100383
1283873683173
1283924301675
1283974795416
1284025336348
1284077114617
1284127508320
1284177850360
1284228224126
1284278596713
1284328980041
1284379396019
1284429861075
1284480215972
1284530568589
1284580991534
1284631356192
1284681744759
1284732214551
1284782585471
1284833019319
1284883459557
1284933796625
1284984329169
1285034680003
1285085116871
1285135827131
1285186288777
1285236821038
1285287397191
1285337906729
1285388215701
1285438609106
1285489117186
1285539697000
1285590316309
1285640802354
1285691225163
1285741721054
1285792275466
1285842608206
1285892978805
1285943402443
1285993727384
1286044057341
1286094458347
1286144886943
1286195341836
1286245670515
1286296065044
1286346458959
1286396835625
1286447304077
1286497673330
1286548121243
1286598494022
1286648815883
1286699190132
1286749721090
1286800177518
1286850644586
1286900959616
1286951393201
1287001729385
1287052209450
1287102585578
1287152997327
1287203466972
1287253814246
1287304128388
1287354518404
1287404834231
1287455129536
1287505507016
1287555840970
1287606188656
1287656600316
1287706900027
1287757253611
1287807644503
1287857952469
1287908349649
1287958750947
1288009263205
1288059703408
1288110002764
1288160452104
1288210842610
1288261197288
1288311588270
1288361969551
1288412408294
1288463003444
1288513656263
1288564107869
1288614712045
1288665472983
1288715864025
1288766608559
1288817204014
1288867668670
1288918086497
1288968612558
1289018929243
1289069325466
1289119660008
1289170019334
1289220400968
1289270879699
1289321245388
1289371781853
1289422240686
1289472635231
1289522983817
1289573319575
1289623712656
1289674079425
1289724610369
1289775047780
1289825396635
1289875893405
1289926332350
1289976708945
1290027070577
1290077417424
1290127780259
1290178378157
1290228843563
1290279239475
1290329710452
1290380061738
1290430392827
1290480795618
1290531357408
1290581778455
1290632239798
1290682710616
1290733030856
1290783462521
1290833979833
1290884443680
1290934855703
1290985295375
1291035852331
1291086309197
1291136693790
1291187105858
1291237478711
1291287977855
1291338361691
1291388833441
1291439626418
1291490309907
1291540707840
1291591264773
1291641620543
1291691995068
1291742332614
1291792655029
1291843094158
1291893564272
1291943987579
1291994384098
1292044911745
1292095219647
1292145660561
1292196071096
1292246385337
1292296773591
1292347071342
1292397510182
1292447897837
1292498475569
1292548790294
1292599113244
1292649447096
1292699793173
1292750151922
1292800490009
1292850916214
1292901225512
1292951588500
1293001979237
1293052320861
1293102626240
1293153110386
1293203714214
1293254199436
1293304504054
1293354973244
1293405257143
1293455557648
1293506003678
1293556273562
1293606562634
1293657059830
1293707433628
1293757847904
1293808297605
1293858657880
1293908910853
1293959277224
1294009704639
1294059993685
1294111418214
1294161732017
1294212028690
1294262385888
1294312817979
1294363240603
1294413529210
1294463811322
1294514088018
1294564324982
1294614551326
1294664857757
1294715178421
1294765536742
1294815794187
1294866172473
1294916486253
1294966746894
1295017078623
1295067314304
1295117787220
1295168137609
1295218447909
1295268953972
1295319440010
1295369731954
1295420117670
1295470377057
1295520672940
1295570952079
1295621218403
1295671488036
1295721809329
1295772175596
1295822571585
1295872894777
1295923268825
1295973650526
1296023899888
1296074198968
1296124536867
1296174855127
1296225173639
1296275469695
1296325830209
1296376121715
1296426724599
1296477148807
1296527580752
1296578188667
1296628664579
1296679155747
1296729523778
1296780080874
1296830589118
1296880898743
1296931252217
1296981593790
1297031918100
1297082490403
1297132739409
1297183239121
1297233627719
1297284080627
1297334430896
1297384710108
1297434959876
1297485389451
1297536101215
1297586536900
1297637056932
1297687486447
1297737956146
1297788514681
1297839190133
1297889656688
1297939987392
1297990558721
1298040971684
1298091331697
1298141750447
1298192248543
1298242657991
1298293319279
1298343964103
1298394443660
1298444987300
1298495550024
1298545995862
1298596447389
1298647033618
1298697460484
1298748168016
1298798635478
1298848991305
1298899365905
1298949740692
1299000137580
1299050852696
1299101451856
1299151855298
1299202462229
1299253076385
1299303443831
1299353792136
1299404112090
1299454411769
1299505030851
