157145822417
157196142179
157246525563
157296842273
157347200159
157397534578
157448132324
157498585770
157548918121
157599268877
157649553041
157699895878
157750324910
157800626523
157850993125
157901431435
157951942623
158002284483
158052764959
158103229885
158153500793
158203748806
158254057776
158304353695
158360529508
158410964447
158461261500
158511584884
158568101724
158618353125
158668617138
158719127779
158769492178
158819827006
158870086110
158920412922
158970707215
159021055542
159071330492
159121583573
159171915611
159222307058
159272820288
159323105977
159373435399
159423731100
159474001715
159524241051
159574720754
159625322030
159675687894
159726032272
159776389884
159826719886
159876966940
159927403291
159977838298
160028242251
160078616738
160129003950
160179384808
160229757741
160280101129
160330390069
160380768945
160431117381
160481545539
160531906590
160582300489
160632895414
160683353904
160733723413
160784123203
160834505128
160884922237
160935337886
160985808148
161036201504
161086501677
161136791223
161187187772
161237496477
161287852224
161338209273
161388514020
161438912033
161489168099
161539631045
161589978884
161640519381
161690936209
161741348472
161791667280
161842087833
161892470427
161942836480
161993165677
162043572994
162093931387
162144344159
162194773797
162245177812
162295623644
162346030044
162396394301
162446701907
162497107412
162547565235
162597908341
162648256801
162698571960
162748929274
162799297861
162849735241
162900087936
162950441463
163000705609
163050982145
163101267908
163151588477
163201960376
163252360036
163302602453
163352832301
163403117195
163453455144
163503735434
163553958880
163604315863
163654679961
163704994429
163755389116
163805894452
163856299663
163906683363
163957134691
164007517722
164057984447
164108425244
164158761839
164209204348
164259624611
164309850782
164360292244
164410574567
164460876094
164511201888
164561545603
164611939342
164662355358
164712708621
164763100094
164813449583
164863873264
164914136046
164964554812
165014913935
165065313268
165115742593
165166170078
165216619943
165267024316
165317229074
165367647928
165418083475
165468535754
165518928355
165569377944
165619796909
165670141171
165720609177
165771112888
165821528277
165871963589
165922409765
165972727816
166023097860
166073490596
166123780146
166174141487
166224430821
166274727529
166325216536
166375597348
166426009086
166476378061
166526785745
166577245261
166627534350
166677928271
166728356542
166778717088
166829051341
166879484861
166929809177
166980170954
167030477959
167080903569
167131334856
167181624025
167231945696
167282361552
167332659653
167382987967
167433406752
167483754477
167534174349
167584602908
167634972324
167685398373
167735923867
167786428996
167836881946
167887218151
167937558408
167987980599
168038413502
168088748314
168139157622
168189537159
168240032678
168290445607
168340835915
168391421375
168441915175
168492280131
168542674392
168592922045
168643332424
168693717241
168744104427
168794624536
168845004879
168895351410
168945747103
168996188352
169046563445
169096901048
169147335721
169197700504
169248165589
169298573685
169348911077
169399311230
169449558637
169499847117
169550241892
169600505420
169650919990
169701308053
169751662449
169801991858
169852331751
169902773517
169953145703
170003529106
170053876327
170104257391
170154654069
170204974202
170255276773
170305661054
170356130623
170406505530
170456730876
170507022595
170557262179
170607603516
170657990531
170708332969
170758663904
170808979003
170859351347
170909593644
170959874461
171010107171
171060343596
171110691765
171161052814
171211522200
171261908626
171312170361
171362465924
171412873136
171463250554
171513514760
171563846353
171614265493
171664566377
171714917432
171765357663
171815700189
171865989425
171916296381
171966675801
172016925700
172067297663
172117747417
172168013111
172218443509
172268850374
172319252542
172369571031
172420039318
172470356581
172520757542
172571134195
172621451204
172671974794
172722352406
172772596651
172822989577
172873315130
172923811414
172974149119
173024426978
173075015955
173125350491
173175739004
173226177559
173276445879
173326638869
173376968958
173427395877
173477707015
173528099236
173578361857
173628577997
173678862572
173729139498
173779405675
173829756104
173880097050
173930403529
173980671093
174030892512
174081151847
174131411645
174181691263
174232018952
174282305657
174332527588
174382934898
174433190006
174483381533
174533641551
174583938241
174634228656
174684537171
174734799541
174785122922
174835446862
174885783303
174936033227
174986337703
175036591202
175086900389
175137125395
175187387170
175237636470
175287863359
175338064181
175388305746
175438543230
175488842293
175539050909
175589383871
175639681311
175689960655
175740311261
175790548028
175840952791
175891287643
175941514897
175991844236
176042098967
176092316236
176142660854
176192918926
176243266207
176293698359
176344030752
176394380623
176444708130
176495044137
176545351767
176595578737
176645885886
176696211311
176746426678
176796753788
176847035722
176897246993
176947445429
176997723481
177048027339
177098281338
177148520373
177198755455
177249132748
177299410346
177349758231
177400230712
177450473645
177500710676
177550975436
177601272627
177651518166
177701834189
177752141405
177802418669
177852679255
177902902294
177953211546
178003447181
178053802434
178104091962
178154509492
178204737381
178254994525
178305292973
178355553162
178405770503
178455999433
178506381954
178556669984
178606876189
178657178847
178707419782
178757661145
178807902185
178858241956
178908501061
178958777159
179009000992
179059267027
179109637311
179159872755
179210165613
179260456257
179310725390
179360960361
179411239922
179461524480
179511781512
179562107824
179612456453
179662811337
179713201434
179763513312
179813813404
179864099394
179914491297
179964728473
180015041465
180065304588
180115550242
180165769177
180216048321
180266310804
180316518503
180366946794
180417264729
180467495035
180517745674
180568029167
180618325024
180668559492
180718762152
180768973980
180819226033
180869434391
180919652590
180969959708
181020201955
181070509846
181120713911
181171052060
181221412560
181271663686
181322020380
181372237914
181422443188
181472674212
181522927291
181573141705
181623376407
181673787650
181724042048
181774267188
181824500569
181874734393
181925036902
181975415247
182025669692
182075944640
182126158902
182176407207
182226641868
182276899008
182327127414
182377360538
182427603712
182477845483
182528070310
182578280500
182628507416
182678702190
182728882648
182779082354
182829356276
182879595211
182929825382
182980015129
183030200216
183080386845
183130639899
183180902063
