157146135147
157196512664
157246796037
157297106343
157347406912
157397702030
157447956939
157498365850
157548776645
157599131882
157649491139
157699822723
157750227602
157800572160
157850968441
157901336299
157951775026
158002194436
158052576015
158103023017
162326336127
162476772989
162627160025
162777579126
162928041685
163078457127
163228956938
163379279023
163529764291
163680291528
163830764511
163981209187
164131708836
164282143370
164432603692
164583078675
164733526239
164883875005
165034264509
165184709661
165335134753
165485517799
165636034460
165786562247
165937188807
166087652329
166238223995
166388618267
166539215196
166689610735
166840055499
166990649033
167141123229
167291615619
167441974844
167592374710
167742905381
167893325365
168043679335
168194101494
168344496653
168495156073
168645569551
168796018098
168946461426
169054483402
169104827805
169155106220
169205430164
169255797430
169306085524
169356306983
169406604322
169456817212
169507021018
169557334275
169607534058
169657844214
169708168797
169758542242
169808866769
169859087613
169909439191
169959752225
170009984763
170060246428
170110457457
170160736775
170210948374
170261166463
170311409312
170361614806
170411881146
170462175461
170512482820
170562738856
170612979186
170663256942
170713490123
170763875999
170814216118
170864408563
170914659555
170964917997
171015129363
171065361246
171115648226
171165900431
171216129589
171266404566
171316608824
171366871576
171417062354
171467291647
171517580937
171567818979
171618011929
171668202944
171718382316
171768655723
171818837873
171869136445
171919339511
171969667639
172019887113
172070071723
172120254171
172170503576
172220688721
172270898160
172321170820
172371425090
172421625634
172471948065
172522241900
172572500095
172622682750
172672922183
172723154367
172773350677
172823549919
172873786856
172923988480
172974264028
173024469230
173074790346
173125082072
173175329324
173225673865
173276130606
173326381628
173376698721
173427113456
173477454655
173527762712
173578080798
173628283060
173678608832
173728827572
173779148117
173829550058
173879857480
173930067972
173980299783
174030627270
174080861524
174131178078
174181439642
174231795349
174282109794
174332305625
174382709134
174432939816
174483180557
174533481504
174583700487
174633938734
174684252719
174734584922
174784948438
174835187823
174885429665
174935639553
174985942799
175036225986
175086437236
175136714773
175186960597
175237161071
175287400779
175337602967
175387870731
175438187850
175488421788
175538699588
175589058744
175639404712
175689639043
175739908879
175790198878
175840480201
175890782854
175941039817
175991316895
176041666241
176091948293
176142255384
176192518940
176242830643
176293132809
176343404800
176393660595
176444053585
176494334293
176544597228
176594830799
176645124771
176695505102
176745801438
176796103809
176846365127
176896622976
176947027066
176997272582
177047541046
177097831600
177148140480
177198415055
177248766817
177299221750
177349528332
177399866293
177450102007
177500348887
177550630840
177600973499
177651266114
177701526227
177751858196
177802143855
177852379498
177902639309
177952868176
178003097268
178053467593
178103810753
178154078595
178204313325
178254548324
178304885107
178355201412
178405437694
178455697040
178505968052
178556274127
178606522814
178656820480
178707162250
178757422503
178807655356
178857895666
178908227267
178958489472
179008797802
179059135190
179109455968
179159744391
179209956211
179260236085
179310556395
179360782763
179411011677
179461358325
179511575125
179561888794
179612219021
179662561539
179712893922
179763222257
179813446736
179863749181
179914079523
179964296418
180014486563
180064801827
180115079679
180165328072
180215570925
180265820658
180316147408
180366418818
180416686569
180466921008
180517269282
180567531371
180617826995
180668159849
180718379254
180768594022
180818895517
180869104953
180919326924
180969570568
181019834809
181070115755
181120450994
181170698755
181220933456
181271212567
181321522658
181371805414
181422168083
181472394258
181522651347
181572864533
181623240689
181673520179
181723746317
181773983008
181824305123
181874528945
181924751290
181975102031
182025303492
182075518386
182125749016
182176016825
182226200843
182276388820
182326633634
182376898404
182427136018
182477380358
182527667627
182577875440
182628073085
182678285310
182728607516
182778803684
182829007299
182879267941
182929457018
182979681427
183029856381
183080045079
183130210752
183180417511
