157146267448
157196631074
157246919119
157297246943
157347526446
157397793195
157448135542
157498499779
157548943697
157599253223
157649619843
157699979237
157750362618
157800714613
157851101251
157901471817
157951934625
158002334515
158052712673
158103155031
169004175244
169004269765
169004277665
169004280333
169004282475
169004284506
169004287519
169004290144
169054710132
169105014052
169155339107
169205653900
169255990852
169306264325
169356515516
169406755008
169456948518
169507200038
169557477834
169607747883
169658113946
169708376009
169758720142
169809001510
169859242869
169909651054
169959930224
170010158726
170060426471
170110568820
170160884917
170211111376
170261322156
170311551123
170361775492
170412035406
170462409853
170512653920
170562853634
170613139554
170663399875
170713645169
170764035552
170814349892
170864684705
170914809648
170965077159
171015309661
171065506139
171115780520
171166044924
171216335121
171266554171
171316757256
171366998045
171417209301
171467486189
171517719101
171567964099
171618191193
171668340441
171718542163
171768818882
171818970784
171869296120
171919572140
171969849588
172020044472
172070219229
172120365513
172170618388
172220815898
172271085705
172321352885
172371532775
172421786476
172472107735
172522398310
172572650364
172622870402
172673066988
172723297232
172773500865
172823693615
172873914508
172924188031
172974433030
173024588193
173074973892
173125251975
173175529671
173225950369
173276318097
173326522209
173376862087
173427302084
173477619157
173527968911
173578238574
173628428840
173678744429
173728990873
173779329886
173829715710
173879990476
173930215718
173980449540
174030795510
174081034560
174131346265
174181659155
174231970575
174282230857
174332460670
174382890732
174433119589
174483282397
174533617491
174583841280
174634185331
174684405089
174734736249
174785116427
174835364589
174885614190
174935804914
174986145880
175036364769
175086627101
175136877659
175187132600
175237335920
175287543037
175337756139
175388090228
175438358771
175488594456
175538858060
175589251076
175639580010
175689870482
175740127982
175790380441
175840615606
175890957417
175941223836
175991507835
176041885524
176092175233
176142417189
176192727166
176243004848
176293379906
176343624206
176393877656
176444249745
176494539871
176544763960
176595004005
176645356273
176695738344
176745977862
176796333128
176846528200
176896781479
176947189102
176997441255
177047770377
177098097925
177148308616
177198665833
177248963530
177299372905
177349741378
177400049709
177450252283
177500524866
177550797293
177601169964
177651428588
177701759856
177752014101
177802286970
177852594024
177902819103
177953027916
178003229766
178053653001
178104029586
178154273129
178204477027
178254706756
178305044024
178355365666
178405619665
178455872722
178506149972
178556482442
178606660574
178657022266
178707334848
178757574877
178807785286
178858074412
178908386696
178958668339
179008960514
179059289576
179109598933
179159887875
179210131103
179260436729
179310692824
179360933789
179411153894
179461498535
179511750411
179562058984
179612365290
179662756085
179713088367
179763379676
179813571894
179863902557
179914259283
179964477799
180014611988
180065087863
180115258566
180165473240
180215750820
180265987347
180316303999
180366663703
180416856847
180467114797
180517431040
180567741670
180618028777
180668326338
180718501755
180768776413
180819071138
180869242300
180919453885
180969750436
181019996043
181070291897
181120578731
181170863350
181221104353
181271443781
181321691310
181372018898
181422321415
181472578827
181522813754
181572980439
181623432994
181673658787
181723898901
181774130214
181824502018
181874715593
181924921843
181975257178
182025461408
182075655868
182125919183
182176146328
182226353260
182276552207
182326783572
182377052640
182427291538
182477541282
182527832736
182578011764
182628195753
182678410136
182728728329
182778925882
182829173467
182879390232
182929618110
182979789479
183029978024
183080128438
183130321230
183180534813
