157146845866
157197226222
157247495554
157297766652
157348040256
157398292285
157448782554
157499230856
157549465064
157599721055
157649933231
157700134418
157750398398
157800807974
157851128573
157901491552
157951932537
158002327703
158052706806
158103220874
167442169643
167492664440
167543161655
167593837231
167644446932
167694805903
167745352604
167796027055
167846416131
167896797255
167947419702
167997788022
168048128176
168098498206
168148918545
168199250676
168249910036
168300522005
168350928127
168401385559
168451800083
168502146514
168552548019
168602920628
168653334953
168703747163
168754110765
168804473742
168854899471
168905269376
168955684440
169005964739
169056373827
169106749597
169157301199
169207759934
169258158005
169308539982
169358833731
169409186945
169459583549
169510112747
169560532024
169610925890
169661367184
169711865437
169762211766
169812590031
169863058214
169913591407
169964056646
170014359844
170064681186
170115023937
170165353609
170215723753
170266065123
170316412141
170366844289
170417230520
170467625548
170518054397
170568435804
170618798004
170669191299
170719635600
170769997097
170820367328
170870616613
170920921312
170971348655
171021705990
171072053768
171122386026
171172875668
171223388840
171273818217
171324230821
171374721080
171425245459
171475626793
171525974086
171576358286
171626631174
171676993668
171727461541
171777879676
171828252566
171878530291
171928934372
171979389331
172029835803
172080306800
172130811353
172181191244
172231600363
172281979946
172332568404
172383506110
172434061429
172484674426
172535178700
172585657983
172636173940
172686598226
172737055587
172787381164
172837936389
172888358000
172938838535
172989245356
173039747429
173090290737
173140789495
173191277513
173241729709
173292204274
173342569286
173393057463
173443416284
173493956051
173544436968
173594771598
173645140939
173695530402
173745895551
173796463946
173846828607
173897388685
173947922670
173998400232
174048774714
174099251631
174149780513
174200239700
174250683048
174301062246
174351363747
174401718990
174452117283
174502407443
174552784064
174603142299
174653645148
174703971778
174754313265
174804699039
174855186129
174905576292
174956032337
175006402736
175056893337
175107481845
175158215356
175208595004
175259073211
175309503539
175359907872
175410387067
175460925923
175511417891
175561802704
175612182249
175662514080
175712885252
175763271573
175813810914
175864348629
175914747561
175965151062
176015527606
176066041835
176116412653
176166817793
176217419285
176267961061
176318457997
176369030777
176419524958
176470013412
176520509931
176570998601
176621383279
176671821510
176722305638
176772958621
176823609113
176874095857
176924537722
176974998355
177025542068
177075980323
177126452335
177176840229
177227212678
177277590519
177327976539
177378378044
177428782826
177479206305
177529604768
177580086807
177630514360
177680927996
177731322089
177781672790
177832158381
177882577728
177933004667
177983428668
178033780972
178084273506
178134756131
178185133252
178235734978
178286281969
178336723796
178387226930
178437700115
178488227864
178538682755
178589122570
178639480466
178689812434
178740294249
178790709410
178841068493
178891427193
178941858801
178992305851
179042857678
179093313757
179143730697
179194130620
179244500640
179294909890
179345350678
179395760002
179446155799
179496495563
179546954918
179597321946
179647851675
179698312262
179748819591
179799417676
179849808857
179900442391
179951092852
180001680837
180052140109
180102583632
180152992873
180203374898
180253781069
180304303838
180354862505
180405280216
180455705429
180506128268
180556619254
180606988345
180657526163
180708059387
180758551495
180808874385
180859273337
180909731393
180960195010
181010654171
181061080102
181111479485
181161953471
181212427482
181262787369
181313116822
181363523354
181414046781
181464454656
181514990488
181565448129
181615885281
181666266438
181716675476
181767003417
181817518887
181867921510
181918382335
181968731337
182019175393
182069612264
182119993302
182170392983
182220722556
182271066419
182321394672
182371782412
182422434017
182472929191
182523281410
182573864180
182624243790
182674670260
182725060377
182775596639
182825976453
182876493739
182926950333
182977404028
183027736857
183078050648
183128480294
183178818257
183229127367
