157146691039
157197136254
157247388433
157297657427
157347906649
157398190349
157448656686
157499123480
157549375389
157599626881
157649864406
157700061795
157750287105
157800686869
157850996548
157901345535
157951777116
158002196133
158052544514
158103109266
162326335994
162476713963
162627249946
162777689642
162928105290
163078551435
163228971361
163379369203
163529839031
163680312362
163830778396
163981238298
164131708875
164282143310
164432612156
164583181022
164733619964
164884088875
165034558836
165185069279
165335474064
165485955792
165636466779
165787016062
165937434855
166087865334
166238285331
166388725472
166539254036
166689606401
166840055456
166990568641
167141064736
167291582008
167441986610
167492445250
167542974310
167593388678
167644278288
167694638217
167745172309
167795836049
167846240544
167896609858
167947196510
167997626080
168047953503
168098324049
168148773223
168199078803
168249616725
168300362814
168350732239
168401193594
168451614662
168501998035
168552385664
168602765856
168653155353
168703568098
168753941095
168804291063
168854701199
168905109207
168955491224
169005857728
169056223156
169106607878
169157123320
169207628699
169258021066
169308390442
169358726785
169409065386
169459439218
169509963496
169560349573
169610801166
169661206869
169711693319
169762088003
169812473357
169862930326
169913374111
169963857953
170014255853
170064516040
170114883356
170165212571
170215597731
170265961562
170316276117
170366702155
170417082396
170467489447
170517890743
170568326587
170618624050
170669070558
170719457530
170769837999
170820251460
170870507492
170920778297
170971229025
171021540620
171071907308
171122219894
171172679161
171223205581
171273664783
171324028078
171374538993
171425061567
171475482594
171525812677
171576238098
171626514768
171676814994
171727297134
171777725825
171828093854
171878403412
171928749300
171979160234
172029641156
172080097698
172130619761
172181057201
172231416035
172281854068
172332339721
172383365733
172433838381
172484406725
172534997677
172585409049
172635997602
172686415868
172736842820
172787221754
172837672719
172888180161
172938586146
172989066391
173039513240
173090130596
173140583853
173191071065
173241547055
173291956081
173342426304
173392906457
173443238786
173493741897
173544207029
173594641090
173644983012
173695355322
173745729383
173796254377
173846656943
173897167592
173947747204
173998241141
174048600370
174099087017
174149578654
174200086274
174250479540
174300879115
174351223169
174401520816
174451921164
174502262881
174552604444
174602961057
174653486426
174703813922
174754162715
174804510665
174855003266
174905372131
174955795157
175006245215
175056701527
175107200681
175157976309
175208425748
175258853971
175309315609
175359771897
175410196861
175460722539
175511243954
175561616158
175612024076
175662357439
175712707083
175763094688
175813629938
175864149505
175914582836
175964950200
176015334798
176065831634
176116233013
176166610301
176217250230
176267791660
176318199925
176368870225
176419255485
176469795185
176520251016
176570821132
176621218846
176671617915
176722044540
176772748852
176823364045
176873935197
176924314111
176974815118
177025313076
177075771652
177126278676
177176644588
177227038220
177277426461
177327816169
177378214264
177428584113
177479037242
177529411192
177579898044
177630284107
177680758125
177731154690
177781512321
177831955133
177882404228
177932792576
177983210353
178033617036
178084047680
178134527768
178184971196
178235520692
178286080360
178336506766
178387025380
178437483583
178488063874
178538488546
178588897103
178639330107
178689665710
178740093470
178790524692
178840900953
178891257413
178941667751
178992118296
179042604090
179093081843
179143558754
179193945096
179244334757
179294691221
179345163833
179395569090
179445945207
179496353834
179546792161
179597133924
179647687954
179698140156
179748539354
179799225008
179849610273
179900219723
179950836138
180001480416
180051891680
180102389668
180152798917
180203190165
180253586604
180304103801
180354642574
180405107140
180455505817
180505931252
180556444936
180606796236
180657209534
180707870308
180758357024
180808722830
180859085081
180909493213
180960022987
181010430238
181060883148
181111288098
181161733840
181212291218
181262617725
181312974796
181363305197
181413854318
181464249070
181514780480
181565267734
181615673605
181666123259
181716496527
181766856345
181817377016
181867742801
181918185338
181968578497
182018988734
182069400114
182119805911
182170256846
182220566407
182270924136
182321264870
182371622096
182422278689
182472761930
182523119838
182573660935
182624071520
182674507921
182724837507
182775405422
182825787741
182876267494
182926735413
182977235014
183027587994
183077917649
183128341901
183178657901
183229006434
