2848209141590
2848259356829
2848309712888
2848359901598
2848410049844
2848460216363
2848510386550
2848560526810
2848610681789
2848660832950
2848710987727
2848761178111
2848811360019
2848861551504
2848911728943
2848961930437
2849012093039
2849062303340
2849112526774
2849162718540
2849212933899
2849263104206
2849313275434
2849363796376
2849413992110
2849464198042
2849514381723
2849564697847
2849614863655
2849665046314
2849715233291
2849765544627
2849815775105
2849865957363
2849916115767
2849966349711
2850016522552
2850066712034
2850117097006
2850167334867
2850217522435
2850267711797
2850317949668
2850368121106
2850418326347
2850468523453
2850518843716
2850569020083
2850619195780
2850669465219
2850719732754
2850769930582
2850820122157
2850870440346
2850920635348
2850970814421
2851021074573
2851071338552
2851121567567
2851171754875
2851221962640
2851272107429
2851322311638
2851372602517
2851422839497
2851473054556
2851523242525
2851573432487
2851623694663
2851673915493
2851724270860
2851774472414
2851824690118
2851874877085
2851925088397
2851975356925
2852025551256
2852075773188
2852125990821
2852176197795
2852226383250
2852276577601
2852326861606
2852377081124
2852427280013
2852477465918
2852527655761
2852577851013
2852628162460
2852678418244
2852728652308
2852778872617
2852829103154
2852879289932
2852929567085
2852979903718
2853030122935
2853080312266
2853130510594
2853180736544
2853231056055
2853281271795
2853331590355
2853381847983
2853432062951
2853482259336
2853532455450
2853582709461
2853632888133
2853683121175
2853733396626
2853783585557
2853833788534
2853883992442
2853934265939
2853984493611
2854034715843
2854084912168
2854135111368
2854185269823
2854235541997
2854285804083
2854335993204
2854386200348
2854436392836
2854486580024
2854536765639
2854587031752
2854637259995
2854687462712
2854737650230
2854787865640
2854838142503
2854888328308
2854938652799
2854988903353
2855039089509
2855089291414
2855139491516
2855189768810
2855240013183
2855290219716
2855340441758
2855390722889
2855440929593
2855491135575
2855541341117
2855591534556
2855641726142
2855691930612
2855742113462
2855792299628
2855842550573
2855892831364
2855943052814
2855993248508
2856043448560
2856093739769
2856144025618
2856194324673
2856244594502
2856294795305
2856344957828
2856395149404
2856445367519
2856495577859
2856545941652
2856596205451
2856646395865
2856696599974
2856746798503
2856797069285
2856847385190
2856897722995
2856947970074
2856998173912
2857048383161
2857098582471
2857148814542
2857199064825
2857249291216
2857299562218
2857349749807
2857399943256
2857450129182
2857500423507
2857550629820
2857600857643
2857651065960
2857701253338
2857751435968
2857801739430
2857851938720
2857902123674
2857952327793
2858002507447
2858052739888
2858102905046
2858153219448
2858203477927
2858253686475
2858303890493
2858354098450
2858404326342
2858454559636
2858504790794
2858555136825
2858605330695
2858655539243
2858705752088
2858756055550
2858806299533
2858856669908
2858906899995
2858957123260
2859007330094
2859057521570
2859107791079
2859157978808
2859208176616
2859258440976
2859308626351
2859358795516
2859409061308
2859459255910
2859509437157
2859559620508
2859609809940
2859660092484
2859710279031
2859760544192
2859810866660
2859861041996
2859911223303
2859961403558
2860011653352
2860061843155
2860112121821
2860162335438
2860212574301
2860262762401
2860312964686
2860363142577
2860413331369
2860463636724
2860513917244
2860564097600
2860614308592
2860664534792
2860714771621
2860764955553
2860815115541
2860865303060
2860915599279
2860965802998
2861016210080
2861066412156
2861116583765
2861166760043
2861216966166
2861267135682
2861317295540
2861367554049
2861417736809
2861467947821
2861518094585
2861568272255
2861618457600
2861668641963
2861718961745
2861769109741
2861819276652
2861869442411
2861919678789
2861969890653
2862020072521
2862070239262
2862120412935
2862170664442
2862220840189
2862271005046
2862321207732
2862371372289
2862421539680
2862471765930
2862521931018
2862572094793
2862622262636
2862672417875
2862722570239
2862772726350
2862822917515
2862873106006
2862923279569
2862973433967
2863023679202
2863073870277
2863124049952
2863174202927
2863224367353
2863274508536
2863324659578
2863374805871
2863424945892
2863475086604
2863525248376
2863575501947
2863625715964
2863675888225
2863726056077
2863776233417
2863826415667
2863876586214
2863926795653
2863977119904
2864027442442
2864077743340
2864127916372
2864178079686
2864228247238
2864278426041
2864328592371
2864378759021
2864428934968
2864479184682
2864529504695
2864579686694
2864629883289
2864680089733
2864730271160
2864780455453
2864830772551
2864880945633
2864931157798
2864981361015
2865031553413
2865081738357
2865131927489
2865182110750
2865232302677
2865282478044
2865332656907
2865382945161
2865433128532
2865483312535
2865533488092
2865583661835
2865633832072
2865683997561
2865734211348
2865784443469
2865834633322
2865884830208
2865935033366
2865985215255
2866035404767
2866085583009
2866135776930
2866186014361
2866236377814
2866286753169
2866336986983
2866387161057
2866437338918
2866487512782
2866537677820
2866587857424
2866638161227
2866688446346
2866738646719
2866788829238
2866839038608
2866889258226
2866939449542
2866989722999
2867040045687
2867090380507
2867140579638
2867190770583
2867240956629
2867291110676
2867341290121
2867391466439
2867441648638
2867491811772
2867542094957
2867592266246
2867642451591
2867692639301
2867742818004
2867793048712
2867843238826
2867893461790
2867943729868
2867993973059
2868044181126
2868094357595
2868144526409
2868194706595
2868244894274
2868295084769
2868345260676
2868395548440
2868445810927
2868496072963
2868546260252
2868596634606
2868646820331
2868696999094
2868747177486
2868797506125
2868847728989
2868897921608
2868948115289
2868998308077
2869048485758
2869098672295
2869148871746
2869199116210
2869249309190
2869299505886
2869349730693
2869399966141
2869450171322
2869500355525
2869550539037
2869600719773
2869650893688
2869701189416
2869751394908
2869801604378
2869851794141
2869901994123
2869952180320
2870002364763
2870052629124
2870102862077
2870153093266
2870203299901
2870253510292
2870303764714
2870353933158
2870404237853
2870454548750
2870504790078
2870555165874
2870605353553
2870655517759
2870705682817
2870755915469
2870806119990
2870856292251
2870906475562
2870956768005
2871006965893
2871057107738
2871107335421
2871157532318
2871207760291
2871257955585
2871308212702
2871358474007
2871408675071
2871458955822
2871509128094
2871559429923
2871609801582
2871660054682
2871710284599
2871760469684
2871810662563
2871860841767
2871911084948
2871961260145
2872011461920
2872061699342
2872111889065
2872162085530
2872212345463
2872262658343
2872312888210
2872363159564
2872413414638
2872463604902
2872513789706
2872563990550
2872614178560
2872664357594
2872714541686
2872764766835
2872815044160
2872865214167
2872915505848
2872965737549
2873015924246
2873066111766
2873116301669
2873166574275
2873216768547
2873266955365
2873317097250
2873367273268
2873417460367
2873467675867
2873517877523
2873568200752
2873618410662
2873668606808
2873718797092
2873768984802
2873819299966
2873869532999
2873919853904
2873970055530
2874020244451
2874070563813
2874120741705
