2848207725061
2848257943275
2848308255253
2848358527477
2848408735813
2848459088936
2848509308453
2848559587300
2848609807167
2848660025452
2848710256200
2848760491135
2848810718827
2848860966817
2848911224674
2848961471081
2849011717918
2849061971779
2849112284357
2849162592868
2855000764775
2855151040302
2855301318413
2855451568362
2855601806971
2855752024671
2855902263480
2856052520873
2856202759131
2856352993151
2856503247829
2856653518737
2856803768557
2856954030879
2857104330240
2857254565963
2857404828686
2857555016482
2857705264237
2857855529134
2858005762073
2858156013586
2858306294162
2858456547989
2858606830779
2858757104763
2858907329998
2859057580899
2859207840587
2859358134728
2859508380731
2859658630330
2859808900227
2859959215107
2860109473673
2860259791337
2860410026951
2860560284194
2860710561966
2860860866457
2861011131435
2861161520280
2861311826194
2861462130765
2861612403417
2861662556392
2861712737148
2861762901725
2861813053948
2861863270350
2861913493324
2861963770979
2862013943941
2862064121141
2862114291357
2862164453600
2862214597468
2862264756765
2862314933193
2862365134277
2862415282102
2862465450065
2862515735635
2862565903557
2862616020386
2862666174132
2862716317770
2862766465456
2862816623119
2862866781234
2862916926445
2862967083217
2863017244237
2863067478442
2863117700584
2863167923649
2863218082705
2863268230651
2863318369390
2863368557590
2863418713140
2863468867447
2863519012668
2863569171835
2863619397323
2863669600331
2863719818707
2863769978034
2863820149924
2863870319700
2863920476021
2863970671905
2864020981209
2864071300710
2864121486646
2864171635825
2864221793709
2864271935634
2864322088479
2864372240572
2864422384631
2864472526055
2864522671817
2864572817559
2864622973048
2864673136623
2864723376559
2864773522341
2864823668323
2864873806671
2864923964445
2864974123732
2865024273502
2865074430434
2865124588619
2865174738699
2865224909357
2865275159581
2865325312827
2865375470260
2865425615081
2865475779948
2865525945055
2865576100305
2865626248972
2865676401597
2865726544995
2865776691979
2865826901659
2865877090740
2865927245248
2865977394457
2866027551139
2866077714333
2866127866917
2866178019562
2866228208073
2866278425467
2866328645265
2866378929953
2866429119897
2866479328334
2866529477813
2866579633393
2866629812717
2866679966273
2866730123667
2866780286049
2866830447150
2866880658543
2866930888400
2866981027119
2867031202996
2867081366301
2867131533743
2867181737572
2867231885869
2867282017645
2867332164889
2867382314559
2867432477903
2867482735291
2867532980456
2867583267218
2867633457732
2867683607131
2867733755418
2867783907171
2867834026144
2867884177376
2867934318079
2867984493525
2868034700881
2868084870878
2868135098741
2868185250685
2868235403690
2868285535126
2868335689894
2868385841437
2868435996016
2868486163087
2868536339826
2868586612983
2868636853229
2868687011284
2868737145905
2868787308118
2868837467264
2868887619629
2868937798833
2868987957007
2869038103591
2869088321807
2869138522070
2869188737951
2869238945136
2869289101518
2869339267026
2869389453894
2869439594467
2869489744998
2869539927417
2869590121088
2869640285805
2869690501766
2869740664600
2869790831130
2869840988594
2869891140137
2869941335751
2869991521988
2870041682798
2870091836795
2870141971908
2870192181006
2870242466005
2870292618089
2870342845962
2870393058357
2870443277425
2870493486063
2870543633929
2870593819254
2870644005220
2870694145983
2870744319306
2870794541118
2870844791363
2870894948717
2870945080874
2870995229071
2871045387005
2871095535252
2871145703135
2871195892588
2871246016440
2871296197778
2871346439747
2871396594516
2871446772327
2871496935551
2871547109686
2871597480823
2871647659146
2871697943163
2871748087973
2871798240307
2871848395367
2871898552310
2871948717117
2871998864963
2872049027366
2872099188867
2872149415208
2872199580336
2872249871526
2872300088620
2872350237117
2872400389151
2872450601606
2872500860747
2872551054618
2872601242098
2872651387700
2872701542298
2872751732753
2872802029353
2872852269199
2872902428937
2872952586561
2873002744756
2873052944578
2873103120105
2873153306583
2873203480617
2873253631348
2873303804611
2873354022276
2873404168770
2873454332185
2873504485140
2873554644828
2873604793836
2873654950619
2873705112020
2873755283480
2873805426287
2873855609308
2873905890049
2873956020463
2874006158121
2874056330402
2874106539731
