2848207777046
2848258071942
2848308362440
2848358609568
2848408946351
2848459178030
2848509417675
2848559677616
2848609895821
2848660113535
2848710355873
2848760583966
2848810823701
2848861082029
2848911347841
2848961567278
2849011823874
2849062070360
2849112446456
2849162691300
2861595080012
2861595159889
2861595176430
2861595184985
2861595192820
2861595200694
2861595209400
2861595216724
2861612487682
2861662683947
2861712836561
2861763023910
2861813166035
2861863398296
2861913726344
2861963881022
2862014053493
2862064224882
2862114389979
2862164540700
2862214687053
2862264865405
2862315065126
2862365220075
2862415372809
2862465677053
2862515830950
2862565997190
2862616113317
2862666257696
2862716412755
2862766559890
2862816720328
2862866867112
2862917018314
2862967179665
2863017413759
2863067628148
2863117872822
2863168021870
2863218171048
2863268304537
2863318487357
2863368648457
2863418805269
2863468947966
2863519089360
2863569343912
2863619493170
2863669748574
2863719915956
2863770084299
2863820260257
2863870410607
2863920573551
2863970822463
2864021121637
2864071415211
2864121575680
2864171732943
2864221875950
2864272022904
2864322183494
2864372323565
2864422466442
2864472613877
2864522756212
2864572911021
2864623074325
2864673332364
2864723482704
2864773611685
2864823753841
2864873900374
2864924059010
2864974214119
2865024403802
2865074527172
2865124674357
2865174832742
2865225113924
2865275249737
2865325407481
2865375551450
2865425717970
2865475883549
2865526037716
2865576188327
2865626339529
2865676483257
2865726630342
2865776846483
2865827032409
2865877186116
2865927330155
2865977488580
2866027657535
2866077803457
2866127952946
2866178144743
2866228367286
2866278532684
2866328881531
2866379049884
2866429272037
2866479419161
2866529565164
2866579750639
2866629906710
2866680059465
2866730205507
2866780384851
2866830532727
2866880841319
2866930975510
2866981152339
2867031301899
2867081479800
2867131679110
2867181827628
2867231971977
2867282106669
2867332253382
2867382402961
2867432676720
2867482885437
2867533178581
2867583388782
2867633548249
2867683695324
2867733847548
2867784016993
2867834118654
2867884257443
2867934407714
2867984648551
2868034791438
2868085039558
2868135183668
2868185341783
2868235489508
2868285627015
2868335776063
2868385936662
2868436100738
2868486251710
2868536561454
2868586789378
2868636946150
2868687085410
2868737240620
2868787409094
2868837553674
2868887733889
2868937893998
2868988044048
2869038195030
2869088477915
2869138679870
2869188881906
2869239040492
2869289194730
2869339395854
2869389537698
2869439686576
2869489834042
2869540051676
2869590216373
2869640450468
2869690595309
2869740771587
2869790925424
2869841080984
2869891238558
2869941452015
2869991614438
2870041778173
2870091910551
2870142075518
2870192388268
2870242545291
2870292749050
2870342962407
2870393190391
2870443434494
2870493573714
2870543772634
2870593939335
2870644086751
2870694231331
2870744477558
2870794740856
2870844888051
2870895065983
2870945169086
2870995327272
2871045476200
2871095645345
2871145799553
2871195985088
2871246094554
2871296371137
2871346529893
2871396710399
2871446872071
2871497031228
2871547300387
2871597577061
2871647897014
2871698030493
2871748174533
2871798336004
2871848493297
2871898657463
2871948804668
2871998957874
2872049120558
2872099350866
2872149507117
2872199790132
2872250032944
2872300179417
2872350325440
2872400501548
2872450784924
2872500953468
2872551174559
2872601330671
2872651479819
2872701648083
2872751932541
2872802209465
2872852367540
2872902524282
2872952681776
2873002894963
2873053051565
2873103252840
2873153428888
2873203572256
2873253725792
2873303922689
2873354111009
2873404266730
2873454420768
2873504579404
2873554735806
2873604889362
2873655048329
2873705258079
2873755362786
2873805526071
2873855814255
2873905978572
2873956093708
2874006261641
2874056451184
2874106729721
