2848207724910
2848257988789
2848308280689
2848358603667
2848408955348
2848459188610
2848509428494
2848559685851
2848609902773
2848660122792
2848710360442
2848760590348
2848810829000
2848861089132
2848911342221
2848961625956
2849011824425
2849062134489
2849112478815
2849162711297
2861011922141
2861062136449
2861112378117
2861162635024
2861212917738
2861263139891
2861313452770
2861363709987
2861413967615
2861464219853
2861514491216
2861564742122
2861615038321
2861665276543
2861715490841
2861765718173
2861815939274
2861866110623
2861916334699
2861966552533
2862016973963
2862067282545
2862117480212
2862167701673
2862217929336
2862268147241
2862318351561
2862368659221
2862418886783
2862469152386
2862519378345
2862569606559
2862619807352
2862670016210
2862720419176
2862770668018
2862820891383
2862871109968
2862921341859
2862971568110
2863021802334
2863072137405
2863122397918
2863172631582
2863222858603
2863273096695
2863323324338
2863373539478
2863423842549
2863474160058
2863524372492
2863574585308
2863624807581
2863675020576
2863725248540
2863775597125
2863825985204
2863876374544
2863926636741
2863976861919
2864027086205
2864077319288
2864127550868
2864177771739
2864227997628
2864278294739
2864328560442
2864378739335
2864428963180
2864479301477
2864529558063
2864579768224
2864629983804
2864680217678
2864730427248
2864780705314
2864831038401
2864881338317
2864931581158
2864981781560
2865031982614
2865082202302
2865132414787
2865182752733
2865233031360
2865283292164
2865333502004
2865383729817
2865433937623
2865484151751
2865534416332
2865584702613
2865634899228
2865685101605
2865735338985
2865785550809
2865835754909
2865886024088
2865936281736
2865986545135
2866036777977
2866087006702
2866137240727
2866187470834
2866237848042
2866288122000
2866338449357
2866388689643
2866438919490
2866489152052
2866539411764
2866589699498
2866640023317
2866690297607
2866740528034
2866790761308
2866840970036
2866891195415
2866941485572
2866991755333
2867042051552
2867092290636
2867142507840
2867192726847
2867242944281
2867293230201
2867343494461
2867393716013
2867443943776
2867494167672
2867544369057
2867594585249
2867645098447
2867695398835
2867745626999
2867795861574
2867846099156
2867896436360
2867946695070
2867997047133
2868047247175
2868097453128
2868147682774
2868197903525
2868248193302
2868298418059
2868348801149
2868399067944
2868449298372
2868499513913
2868549733851
2868599943892
2868650173779
2868700517496
2868750779152
2868801051747
2868851262810
2868901488880
2868951708278
2869001940169
2869052297891
2869102551823
2869152781970
2869203025963
2869253258004
2869303490346
2869353706868
2869404113511
2869454338790
2869504548610
2869554747961
2869604951129
2869655219627
2869705434857
2869755777753
2869806035120
2869856283151
2869906493983
2869956730492
2870007035378
2870057257320
2870107628117
2870157853646
2870208092921
2870258313451
2870308536675
2870358784165
2870409047444
2870459381663
2870509642988
2870559944036
2870610228314
2870660455927
2870710680194
2870760902978
2870811293681
2870861560306
2870911797737
2870962040909
2871012271648
2871062491176
2871112711726
2871163048620
2871213326195
2871263540163
2871313755654
2871364014304
2871414276751
2871464492923
2871514732729
2871565022877
2871615311352
2871665559573
2871715795351
2871766025760
2871816255787
2871866508266
2871916743363
2871967051885
2872017353294
2872067613597
2872117848674
2872168142599
2872218450771
2872268760335
2872319096718
2872369452868
2872419784623
2872470037031
2872520351605
2872570600898
2872620808053
2872671075861
2872721472295
2872771770468
2872822063091
2872872305771
2872922551989
2872972784902
2873023046086
2873073357444
2873123643114
2873173907766
2873224195329
2873274425807
2873324673858
2873374887576
2873425193914
2873475430794
2873525656043
2873575910365
2873626151523
2873676399514
2873726670697
2873777053186
2873827287481
2873877515956
2873927731998
2873977962556
2874028196120
2874078423924
2874128813936
