2848207619837
2848257851366
2848308163594
2848358448541
2848408742796
2848459087143
2848509319313
2848559575959
2848609812527
2848660025903
2848710260227
2848760498479
2848810718286
2848860968660
2848911224985
2848961513238
2849011719060
2849062014097
2849112318029
2849162599761
2855000757582
2855151041985
2855301373364
2855451576818
2855601836916
2855752091484
2855902348787
2856052610969
2856202864846
2856353126026
2856503420878
2856653695653
2856803982290
2856954246577
2857104490204
2857254741086
2857404997688
2857555267294
2857705533493
2857855831632
2858006214416
2858156466390
2858306750642
2858456994852
2858607259509
2858757528403
2858907794724
2859058020569
2859208286198
2859358608331
2859508865654
2859659153705
2859809464086
2859959724515
2860109982680
2860260265350
2860410564962
2860560937798
2860711260823
2860861556097
2861011829490
2861062020586
2861112269477
2861162520924
2861212800943
2861263024458
2861313297374
2861363590066
2861413843516
2861464114649
2861514374712
2861564629384
2861614880460
2861665191216
2861715393431
2861765628528
2861815846062
2861866017641
2861916240185
2861966456386
2862016724423
2862067171881
2862117397109
2862167607129
2862217836535
2862268058588
2862318259721
2862368512100
2862418790546
2862469035791
2862519290854
2862569510522
2862619733827
2862669914503
2862720151703
2862770576499
2862820796307
2862871018760
2862921241875
2862971480198
2863021702520
2863071952414
2863122300939
2863172538250
2863222766594
2863272994066
2863323230285
2863373452808
2863423673708
2863474028576
2863524282006
2863574490704
2863624714299
2863674932654
2863725140661
2863775393741
2863825823115
2863876256076
2863926538399
2863976774838
2864026988676
2864077227730
2864127463668
2864177676583
2864227900379
2864278165511
2864328462792
2864378648748
2864428869468
2864479121605
2864529450224
2864579692484
2864629905991
2864680132892
2864730350176
2864780622120
2864830884667
2864881211884
2864931499197
2864981702615
2865031904029
2865082129668
2865132331564
2865182586967
2865232906299
2865283206235
2865333426254
2865383641404
2865433853638
2865484073927
2865534287835
2865584606766
2865634825663
2865685016758
2865735233631
2865785461955
2865835671555
2865885878970
2865936194155
2865986417720
2866036697729
2866086912378
2866137136595
2866187386439
2866237611196
2866287998122
2866338285205
2866388603454
2866438828021
2866489046397
2866539296401
2866589550112
2866639875505
2866690183967
2866740432879
2866790664610
2866840897292
2866891108665
2866941333622
2866991674895
2867041927183
2867092220026
2867142426430
2867192645046
2867242860667
2867293085705
2867343406149
2867393621960
2867443855023
2867494084118
2867544287216
2867594495153
2867644744796
2867695319619
2867745530832
2867795768302
2867846007166
2867896243255
2867946615604
2867996855941
2868047182285
2868097360868
2868147592237
2868197822014
2868248060658
2868298331961
2868348582566
2868398949355
2868449211903
2868499425390
2868549645238
2868599853756
2868650082281
2868700328267
2868750658940
2868800948768
2868851181821
2868901398393
2868951618122
2869001852116
2869052107220
2869102433745
2869152688688
2869202918295
2869253163410
2869303399479
2869353624677
2869403865344
2869454254785
2869504458344
2869554666381
2869604869929
2869655140231
2869705348779
2869755612378
2869805924186
2869856204937
2869906400421
2869956636279
2870006892004
2870057172774
2870107420094
2870157772156
2870207986645
2870258222994
2870308448302
2870358685363
2870408945526
2870459245172
2870509549897
2870559818645
2870610137166
2870660359740
2870710594185
2870760807612
2870811059500
2870861468697
2870911699166
2870961938050
2871012180039
2871062400389
2871112623433
2871162906098
2871213232032
2871263457381
2871313668113
2871363907618
2871414152412
2871464393931
2871514642002
2871564897366
2871615177606
2871665464508
2871715707820
2871765923481
2871816159299
2871866410315
2871916650752
2871966915263
2872017218345
2872067517280
2872117758748
2872168019523
2872218331811
2872268637639
2872318960898
2872369258400
2872419667357
2872469924865
2872520150334
2872570510632
2872620723578
2872670936253
2872721277796
2872771654604
2872821926118
2872872208252
2872922446064
2872972691279
2873022936665
2873073208870
2873123512474
2873173813292
2873224099653
2873274331784
2873324575828
2873374800215
2873425040571
2873475338804
2873525564785
2873575821451
2873626049145
2873676246592
2873726577666
2873776866161
2873827195091
2873877422253
2873927640800
2873977863624
2874028089504
2874078331404
2874128577110
