71882860150
71933491293
71983946729
72034615908
72085109249
72135584874
72186126484
72236648490
72287117734
72337687034
72388214056
72438676510
72489151873
72539799293
72590186976
72640588513
72691060583
72741290294
72791672795
72881343366
72931716648
72981976843
73281917741
73332303580
73382755296
73433293024
73483730031
73534070896
73584408241
73681504513
73731838012
73783117446
73881829057
73932252967
73982811166
74033065442
74083470650
74181581659
74232089725
74282481535
74333125376
74383564294
74434031344
74484322008
74534631884
74584963264
74635312650
74685547841
74735801094
74786190116
74836664737
74886967720
74937468636
74987895626
75038231740
75088570515
75138897724
75189345805
75239928374
75290337514
75340785075
75391288019
75441771667
75492248915
75542819727
75593248134
75643816758
75694374955
75744862308
75795240810
75845597791
75895915881
75946321320
75996881296
76047375517
76097716026
76148065186
76198358761
76248923697
76299271181
76350038362
76400570215
76451130899
76501541107
76552079642
76602552305
76653077446
76703667954
76754169051
76804554303
76855259861
76905577245
76956139884
77006608576
77057150642
77107552212
77158087070
77208418298
77258985000
77309505489
77360000204
77410546928
77461147802
77511659891
77562175272
77612662255
77663227724
77713768393
77764268003
77814641701
77865101993
77915544188
77965928881
78016432559
78067052562
78117552194
78167905552
78218496301
78269017767
78319500574
78369956740
78420488328
78471013271
78521557124
78572035297
78622591511
78673180458
78723512519
78774030507
78824398289
78874894478
78925548202
78976181696
79026695492
79077121127
79127583511
79178122990
79228588542
79279066760
79329665420
79380296530
79430792227
79481314502
79531808259
79582305927
79632743851
79683173450
79733683841
79784259575
79834790865
79885430491
79936100975
79986569468
80037329904
80087659425
80137966740
80188388696
80238855600
80289393721
80339870359
80390519343
80440925606
80491449667
80541923098
80592340973
80642910631
80693370803
80743831293
80794299700
80844618533
80895200617
80945592380
80995817802
81046141394
81096503846
81147082846
81197559311
81248019386
81298607245
81349108159
81399562144
81450064721
81500589988
81551081509
81601575846
81652248061
81702874668
81753416261
81803892282
81854505678
81904950628
81955577308
82005857209
82056340362
82106669632
82157267253
82207591756
82257876353
82308266073
82358799436
82409296510
82459609137
82510110083
82560712857
82611150058
82661657205
82712133840
82762591801
82813068653
82863532111
82913889116
82964545593
83014858695
83065240072
83115733243
83166278310
83216790259
83267259121
83317814144
83368261325
83418857280
83469329536
83519797497
83570449701
83621024560
83671512780
83722019086
83772553255
83822867177
83873325015
83923722076
83974123523
84024585388
84075124197
84125592232
84176217470
84226770510
84277111129
84327552632
84377904906
84428294182
84478872279
84529365134
84579868802
84630413695
84680907760
84731307578
84781682553
84832220746
84882718855
84933300108
84983830826
85034176807
85084707670
85135125260
85185655374
85236153701
85286604388
85337141331
85387682905
85437977477
85488422487
85538932993
85589413535
85639887123
85690306141
85740777333
85791178143
85841423035
85891938497
85942406604
85992933677
86043328271
86093779705
86144261720
86194683311
86245277402
86295661872
86345964273
86396247340
86446617138
86496888956
86547205619
86597704800
86648249495
86698679691
86748995316
86799305223
86849751290
86900262688
86950757155
87001071029
87051629444
87102054586
87152502350
87203020554
87253504053
87303990096
87354489042
87404828081
87455287521
87505763405
87556243856
87606807277
87657249056
87707656433
87758156986
87808390304
87858822411
87909225273
87959775502
88010169262
88060564506
88111102111
88161468131
88211882632
88262447659
88312893906
88363241039
88413691071
88464234488
88514952244
88565433323
88615768853
88666266751
88716644576
88767071405
88817573235
88868129192
88918768781
88969314641
89019924829
89070335036
89120812449
89171184513
89221702615
89272243817
89322728909
89373216704
89423678553
89474256858
89524581347
89575021144
89625311993
89675791955
89726230597
89776580107
89827011276
89877418982
89928063287
89978541723
90028955767
90079371342
90129815076
90180243878
90230762004
90281105753
90331624593
90382135293
90432527412
90482813862
90533269018
90583673969
90634155220
90684614286
90734955811
90785221831
90835653517
90886019846
90936564154
90986923690
91037199304
91087644358
91138034762
91188502310
91238973734
91289410017
91339782777
91390222313
91440565389
91491048893
91541470481
91591867057
91642378328
91692766888
91743187696
91793464995
91844034435
91894581255
91945008772
91995462674
92045945077
92096417174
92146800051
92197313898
92247770284
92298307161
92348941733
92399308463
92449650462
92500239537
92550834252
92601563053
92652094336
92702594650
92753166085
92803501789
92853840537
92904268392
92954682147
93005126809
93055545978
93106010234
93156450700
93206700875
93257178589
93307782041
93358478378
93409009454
93459382264
93509872751
93560243154
93610670140
93661188306
93711730670
93762243827
93812889875
93863420434
93913760323
93964251982
94014732479
94065187493
94115672148
94166154175
94216660298
94267116451
94317599800
94367951829
94418492690
94468955655
94519448645
94569899350
94620593846
94671038639
94721501317
94771935584
94822484622
94872937499
94923254455
94973706058
95024258280
95074739545
95125209230
95175626946
95226009404
95276410986
95326767604
95377079139
95427600699
95478023973
95528405537
95578812881
95629336553
95679851724
95730417699
95780924383
95831377497
95881733564
95932255234
95982574484
96033045395
96083495845
96133917016
96184323008
96234905712
96285322484
96335841687
96386303768
96436691298
96487146715
96537469832
96587819968
96638280237
96688546809
96738910709
96789174203
96839672602
96890146625
96940671170
96991180584
97041621608
97091928368
97142439536
97192894971
97243473212
97293962969
97344414066
97394915815
97445409408
97495962289
97546425653
97596901918
97647483851
97698076030
97748602740
97798875985
97849356599
97899726905
97950321183
98000833419
98051571904
98102180360
98152641349
98202961844
98253516958
98303969331
98354525823
98405000588
98455300223
98505760887
98556324205
98606915420
98657483809
98708124825
98758557647
98809048507
98859489767
98910012763
98960525682
99010895863
99061330301
99111758753
