71795507399
71846059707
71896676164
71947058867
71997519323
72047987988
72098494290
72149094737
72199621017
72250121466
72300643625
72351018581
72401498987
72452138908
72502431700
72552940352
72603426886
72653802027
72704170511
78302799945
78453360672
78604118905
78754614030
78905208225
79055858931
79206273589
79356890586
79507432410
79657868014
79808543853
79959095398
80109456498
80260082161
80410632474
80561270338
80711910420
80862345977
81012877340
81163420180
81313889195
81464729079
81615097698
81765620462
81916078191
82066607206
82216997856
82367621051
82518129419
82668566417
82819056499
82969552961
83119975904
83270499873
83421106150
83571666901
83722119632
83872717429
84023248071
84173815099
84324403492
84475002825
84625672249
84776488439
84926904787
85077355521
85127648925
85177956978
85228243859
85278672888
85328969938
85379366483
85429659300
85480085246
85530472720
85580753162
85631087215
85681360103
85732125149
85782367242
85832580616
85882845307
85933262096
85983519625
86033922413
86084141914
86134515939
86184869784
86235306131
86285782121
86336073879
86386379171
86436813759
86487033574
86537280759
86587630230
86638156425
86688472598
86738831950
86789176932
86839458291
86889723252
86940092993
86990436330
87040800893
87091123885
87141528715
87191855528
87242427777
87292827555
87343075701
87393430500
87443734495
87494072145
87544382429
87594844481
87645345277
87695798189
87746075652
87796280534
87846527595
87896887653
87947330915
87997626131
88047972484
88098379603
88148755111
88198982212
88249319442
88299733917
88349983219
88400369717
88450726191
88501017136
88551374067
88601748355
88652038161
88702327525
88752551389
88802935316
88853249482
88903617298
88953921540
89004226789
89054778826
89105205869
89155525860
89205882757
89256263039
89306537741
89356850701
89407233471
89457665748
89508162724
89558596935
89608993297
89659407908
89709742716
89760203165
89810581525
89861031665
89911624941
89961876137
90012314114
90062806435
90113078101
90163487054
90213757202
90264039914
90314393627
90364743853
90415105733
90465424590
90515729252
90566135945
90616401350
90666782953
90717207892
90767415024
90817704311
90867962317
90918359300
90968733368
91018930339
91069196855
91119423803
91169882323
91220186166
91270465883
91320727333
91371024789
91421347363
91471803636
91522305619
91572680168
91622974021
91673401404
91723871179
91774154436
91824391601
91874739848
91925022325
91975268096
92025501858
92075713873
92125927053
92176260207
92226609074
92276965430
92327211728
92377492623
92427737438
92478218309
92528631727
92579074750
92629349487
92679704858
92730287246
92780661529
92830994026
92881258534
92931719408
92982080524
93032323406
93082590173
93132987650
93183292497
93233510636
93283888996
93334276018
93384572084
93434973475
93485408310
93535807999
93586072426
93636527067
93686912305
93737163037
93787567188
93837979936
93888252631
93938632397
93989147065
94039376010
94089748508
94140150895
94190626415
94241059258
94291440364
94341767992
94392152648
94442543650
94493004324
94543252989
94593619332
94643942818
94694269436
94744517071
94794800814
94845016376
94895381680
94945692006
94995993017
95046374073
95096760450
95147134807
95197414805
95247632184
95297944936
95348276439
95398463255
95448696003
95499012296
95549280101
95599642867
95649931437
95700144282
95750497799
95800928373
95851263233
95901523859
95951989089
96002368842
96052755093
96103404498
96153880646
96204159049
96254614951
96304981956
96355380929
96405661441
96456046897
96506273097
96556620523
96606967100
96657181441
96707484140
96757821701
96808087169
96858456228
96908855215
96959251247
97009508447
97059986254
97110345454
97160583426
97211011657
97261436254
97311791432
97362031295
97412333924
97462897231
97513227619
97563616619
97614014361
97664351455
97714827166
97765145969
97815400471
97865743578
97916176181
97966617620
98017074745
98067522686
98118047777
98168549330
98218934986
98269412293
98319780568
98370035209
98420275611
98470496172
98520927558
98571313588
98621604637
98672085826
98722419188
98772733314
98823130451
98873506014
98923901682
98974129376
99024424886
99074660843
