71795644462
71846296981
71896789834
71947223943
71997677337
72048192850
72098675200
72149263775
72199802979
72250324084
72300802309
72351185284
72401689032
72452247487
72502593988
72553087250
72603592075
72653959907
72704346141
85032199222
85032267178
85032274456
85032277289
85032279621
85032281800
85032284545
85032287690
85077554659
85127822379
85178161245
85228597963
85278878304
85329193257
85379599203
85429866856
85480298771
85530695407
85580993232
85631279058
85681581896
85732343851
85782517246
85832769166
85883114836
85933448023
85983753336
86034116860
86084330187
86134698450
86185081384
86235512682
86285972759
86336239327
86386612417
86437010751
86487219028
86537444197
86587834503
86638366072
86688651734
86739032258
86789371496
86839667637
86889910743
86940263115
86990660046
87041056253
87091318576
87141715470
87192157032
87242600420
87293013561
87343302323
87393619513
87443919790
87494243090
87544584672
87595051314
87645569540
87695987153
87746243053
87796429928
87846764093
87897108137
87947521451
87997871861
88048188641
88098578016
88148964367
88199150090
88249503540
88299926092
88350175172
88400555549
88450886437
88501230545
88551566264
88601925351
88652150041
88702495756
88752759611
88803127819
88853432538
88903741245
88954126509
89004469410
89054937445
89105410125
89155709728
89206072889
89256456251
89306723783
89357039877
89407348107
89457889871
89508343384
89558843116
89609201299
89659595517
89709930695
89760399456
89810764429
89861298649
89911747698
89962089231
90012542813
90062996374
90113291830
90163650111
90213948765
90264257940
90314550286
90364940400
90415297386
90465587939
90516032367
90566320332
90616624184
90666977880
90717361159
90767566040
90817832656
90868138825
90918512225
90968886423
91019059611
91069339470
91119604528
91170025832
91220376047
91270631784
91320905761
91371163677
91421555948
91471933319
91522476804
91572799144
91623162992
91673611609
91724092012
91774336682
91824590321
91874906723
91925194478
91975444104
92025592817
92075954919
92126050006
92176377416
92226810146
92277154481
92327343182
92377634199
92427899116
92478448742
92528793832
92579273919
92629586859
92679900261
92730505431
92780877252
92831135623
92881418932
92931926475
92982287245
93032413839
93082759781
93133135521
93183415353
93233707798
93284121507
93334460883
93384797552
93435125247
93485576432
93535988876
93586277905
93636758426
93687073834
93737354368
93787757719
93838187820
93888451406
93938806398
93989293330
94039565717
94089973278
94140342573
94190900406
94241262634
94291645967
94341939663
94392352193
94442707833
94493187656
94543449282
94593826161
94644193547
94694472819
94744692756
94794958155
94845180944
94895578599
94945848911
94996167626
95046528626
95096921304
95147308069
95197597739
95247782725
95298125258
95348429183
95398617691
95448915730
95499201013
95549493978
95599791587
95650077986
95700302351
95750678120
95801146865
95851396445
95901715873
95952217107
96002616043
96052960093
96103607195
96154091931
96204343396
96254794791
96305233360
96355626537
96405800603
96456183508
96506441181
96556786473
96607115888
96657422767
96707674209
96757977650
96808283613
96858662189
96908979133
96959443742
97009670510
97060169056
97110471108
97160785468
97211205799
97261649773
97312052137
97362207382
97412518336
97463070467
97513457629
97563822128
97614212385
97664602785
97715036737
97765357443
97815584012
97865955080
97916377459
97966834595
98017295895
98067726716
98118291009
98168742304
98219162252
98269596283
98319971533
98370233635
98420446653
98470620218
98521139416
98571522727
98621814313
98672263459
98722625152
98772950423
98823339910
98873704247
98924061924
98974296844
99024621488
99074815452
