71886516969
71937034987
71987395336
72037854363
72088351430
72138787914
72189238814
72239822489
72290215608
72340656249
72391097122
72441411115
72491855268
72542332901
72592760192
72643313996
72693811137
82217201810
82267824951
82318422390
82368932232
82419394578
82469870451
82520337755
82570944076
82621526056
82671980835
82722545238
82773168612
82823577600
82874050850
82924562848
82975159240
83025612291
83076117160
83126486516
83176981843
83227460741
83278040795
83328645688
83379303280
83429835320
83480599330
83531209474
83581940454
83632492855
83682893007
83733284386
83783688581
83834126391
83884897714
83935370609
83985791856
84036533166
84087045689
84137594415
84188265848
84238888968
84289390322
84339865313
84390307200
84440706015
84491245700
84541846631
84592454427
84643136761
84693757742
84744336343
84794908410
84845301395
84895918943
84946440749
84996899207
85047299635
85097734259
85148237628
85198627404
85249066239
85299619572
85350105105
85400730697
85451138870
85501632935
85552214404
85602801763
85653257846
85703733830
85754353189
85804694699
85855153796
85905616349
85956039329
86006682501
86057200590
86107746858
86158348676
86208962916
86259431084
86310026517
86360432135
86410949024
86461504579
86511980946
86562466135
86612966005
86663540716
86713961515
86764648595
86815223222
86865784965
86916274025
86966684641
87017471005
87068048531
87118682700
87169368342
87219815253
87270479450
87321081405
87371643591
87422105334
87472817079
87523354122
87573898629
87624667043
87675348156
87725761999
87776364634
87826795181
87877185756
87927723468
87978407711
88032396501
88082959529
88133622930
88184167618
88234612199
88285254963
88335837030
88386253051
88436874597
88487596791
88538034399
88588632980
88639065104
88689634206
88740103924
88790609327
88841229529
88891655200
88942246022
88992833357
89043284384
89093752923
89144292346
89194789954
89245314248
89295923217
89346609638
89397102311
89447747187
89498297389
89548886721
89599639654
89650104861
89700552333
89751096828
89801729137
89852321356
89902872427
89953516654
90004056139
90054714831
90105211494
90155675090
90206236501
90256634658
90307107761
90357494185
90407948662
90458551364
90508931449
90559469569
90610026613
90660485399
90710765729
90761107793
90811702247
90862090650
90912425708
90962940234
91013208125
91063735711
91114135352
91164501736
91215027738
91265407834
91315829271
91366372068
91416901347
91467449759
91518165492
91568455832
91618933345
91669487574
91719964626
91770658571
91821159977
91872029273
91922680474
91973186818
92023540172
92074089239
92124608693
92175187913
92225685990
92276355390
92327062830
92377492864
92427945017
92478376804
92528714147
92579334237
92629850844
92680166983
92730566542
92781151132
92831540034
92881916300
92932478083
92985924335
93036270957
93086637152
93136918248
93187322307
93237677172
93288204711
93338808774
93389511636
93439870708
93490306121
93540734167
93591322934
93641797081
93692198060
93742671466
93793159999
93843622375
93894105773
93944707579
93995219382
94045867902
94096351267
94146823923
94197360376
94247985842
94298559232
94348989790
94399639412
94450116444
94500527526
94551180123
94601758752
94652207550
94702835713
94753373738
94803727040
94854101352
94904618395
94955243730
95005782287
95056227508
95106638598
95157123927
95207549885
95257908103
95308378320
95358884421
95409318977
95459717730
95510093495
95560448769
95610965979
95661449193
95712158706
95762850469
95813238746
95863841938
95914492565
95965180357
96015651142
96066329250
96116889420
96167433811
96218137421
96268497377
96318929963
96369383604
96419860046
96470232263
96520708526
96571113591
96621525666
96672051326
96722406782
96772988354
96823464204
96874017136
96924490317
96975175337
97025888659
97076318602
97126753576
97177351817
97227812366
97278362093
97328808184
97379223841
97429892506
97480548697
97530973367
97581478169
97631985822
97682509173
97733198749
97783729454
97834182428
97884658587
97935296673
97985890157
98038211502
98088643347
98139073547
98189491194
98239979135
98290557810
98341071311
98391622320
98442208514
98492688933
98543124518
98593693239
98644275360
98694745409
98745308717
98795815603
98846235804
98896688882
98947172264
98997571395
99048180791
99098522424
