71886314752
71936859827
71987251491
72037703046
72088194730
72138601407
72189080308
72239655829
72290036176
72340507172
72390947136
72441289059
72491695523
72542159765
72592545941
72643148710
72693688344
78302840292
78453444860
78604152522
78754662707
78905202705
79055939741
79206379291
79356990302
79507607655
79657966188
79808633949
79959202318
80109638033
80260159141
80410616741
80561357054
80712018031
80862453109
81012897873
81163341331
81313955111
81464666049
81615209543
81765803057
81916179860
82066609745
82217016924
82267686814
82318224767
82368764240
82419178116
82469684944
82520084131
82570719614
82621318460
82671801872
82722310661
82772960532
82823379220
82873826300
82924383639
82974973137
83025418282
83075940314
83126307152
83176788424
83227283830
83277830279
83328444289
83379091647
83429613490
83480283953
83531042607
83581711051
83632317845
83682697993
83733112763
83783470923
83833911384
83884693005
83935178882
83985592962
84036282834
84086817657
84137381282
84188070648
84238679686
84289201536
84339705265
84390100667
84440506559
84491047998
84541598558
84592185588
84642929892
84693493192
84744132160
84794712640
84845161013
84895727480
84946253221
84996703379
85047116415
85097502674
85148044064
85198449984
85248818858
85299445176
85349885264
85400533183
85450970071
85501340947
85552035956
85602577097
85653070470
85703501086
85754145468
85804555161
85854966566
85905416212
85955813040
86006436588
86056994279
86107552373
86158084219
86208758946
86259238890
86309842993
86360267294
86410785494
86461286561
86511799398
86562269612
86612786191
86663333967
86713749332
86764376509
86815000232
86865610119
86916047881
86966504103
87017261444
87067815574
87118449294
87169143675
87219626336
87270229003
87320879515
87371447050
87421867240
87472549517
87523164081
87573647479
87624471000
87675135703
87725574164
87776144212
87826604141
87877009616
87927494261
87978193563
88032132998
88082756932
88133404715
88183922079
88234425097
88285008462
88335642803
88386052862
88436605292
88487372860
88537815258
88588433854
88638905384
88689415185
88739881960
88790409382
88841026218
88891465790
88942008378
88992637353
89043077417
89093518565
89144073224
89194558377
89245083816
89295683318
89346401721
89396906869
89447521288
89498083810
89548639349
89599355433
89649910415
89700337518
89750880139
89801519119
89852032264
89902708786
89953270371
90003823527
90054501621
90105020555
90155437779
90206038236
90256450997
90306900163
90357309641
90407714059
90458315283
90508772731
90559271301
90609782987
90660368241
90710631551
90760948207
90811511141
90861922248
90912287176
90962783699
91013082874
91063564253
91113953520
91164350403
91214857521
91265227507
91315655711
91366201657
91416712396
91467243657
91517990783
91568332015
91618716914
91669293372
91719779592
91770454706
91820929374
91871758715
91922479033
91973018125
92023411467
92073861754
92124464762
92175030217
92225427106
92276119864
92326847806
92377303070
92427711116
92478225869
92528543489
92579116676
92629726931
92680043019
92730415143
92780917535
92831442851
92881737782
92932324313
92982674597
93036132977
93086514767
93136802218
93187189329
93237504301
93287994989
93338595817
93389337035
93439721798
93490197671
93540544002
93591078533
93641635635
93692036518
93742507451
93793005480
93843459304
93893856973
93944495126
93995090481
94045640049
94096187472
94146646204
94197166443
94247808025
94298381625
94348814285
94399457083
94449935196
94500340308
94550878412
94601577433
94651983144
94702596979
94753203761
94803559750
94853925805
94904463016
94954886573
95005628460
95056077239
95106443550
95156986810
95207380785
95257741904
95308225213
95358642101
95409148134
95459506014
95509912657
95560270485
95610789060
95661244236
95711907370
95762628365
95813074479
95863709933
95914247810
95964943294
96015437260
96066101318
96116696383
96167207245
96217913899
96268328294
96318723791
96369195890
96419668631
96470056834
96520508112
96570926468
96621331935
96671856556
96722253514
96772791349
96823242505
96873829492
96924295366
96974964083
97025661001
97076106629
97126629164
97177145001
97227643642
97278176222
97328632884
97379011246
97429687228
97480312407
97530782916
97581243127
97631793145
97682288881
97732973107
97783524749
97833988141
97884449247
97935033035
97985647948
98037990835
98088428023
98138872378
98189283595
98239761525
98290356441
98340875356
98391345605
98442016839
98492474425
98542909758
98593451986
98644070001
98694507008
98745099143
98795607267
98846034065
98896490043
98946997340
98997386181
99048027563
99098365819
