99187273052474
99187323307374
99187373565388
99187423782316
99187474147734
99187524441446
99187574657993
99187624845092
99187675033554
99187725275192
99187775479489
99187825662101
99187875888244
99187926100877
99187976312076
99188026534383
99188076796455
99188127060420
99188177307046
99188227590041
99188277752211
99188327929995
99188378108822
99188429065109
99188479287467
99188529505527
99188579814294
99188630090168
99188680612922
99188730919486
99188781091622
99188831279613
99188881463698
99188931734334
99188982026960
99189032302509
99189082590367
99189132846544
99189183072712
99189233301045
99189283630981
99189333840612
99189384249707
99189434626430
99189484893946
99189535105340
99189585370692
99189635573772
99189685764353
99189735955824
99189786194904
99189836535939
99189886751640
99189936984977
99189987255898
99190037433877
99190087667907
99190138087019
99190188377932
99190238625435
99190288889273
99190339151690
99190389413065
99190439847832
99190490230255
99190540589449
99190590821616
99190641068217
99190691389980
99190741602085
99190791803212
99190842116972
99190892358906
99190942544911
99190992740713
99191043117771
99191093320395
99191143490024
99191193761800
99191243972517
99191294311964
99191344570368
99191394924980
99191445090873
99191495297833
99191545491271
99191595689297
99191645897269
99191696192343
99191746409741
99191796612575
99191846798801
99191897078460
99191947368262
99191997570283
99192047788832
99192098018909
99192148211665
99192198461625
99192248725287
99192298943454
99192349125794
99192399334015
99192449569461
99192499779495
99192549981076
99192600320532
99192650598267
99192700810585
99192751055086
99192801449973
99192851668210
99192901858082
99192952115481
99193002339442
99193052523669
99193102752257
99193153068740
99193203264916
99193253455913
99193303801924
99193354140273
99193404342789
99193454665883
99193504897367
99193555077937
99193605274333
99193655499837
99193705726563
99193755931312
99193806280639
99193856592514
99193906802943
99193956993378
99194007293714
99194057537607
99194107733171
99194157978677
99194208283270
99194258494259
99194308677132
99194358998602
99194409207538
99194459399075
99194509676103
99194559902267
99194610111353
99194660376561
99194710679221
99194760946081
99194811135885
99194861457676
99194911786459
99194961984998
99195012252374
99195062475397
99195112703549
99195162976775
99195213166274
99195263437026
99195313617780
99195363817845
99195414091752
99195464431838
99195514652858
99195564877044
99195615119960
99195665325545
99195715528495
99195765865055
99195816074246
99195866423186
99195916737540
99195967025650
99196017304886
99196067559211
99196117858440
99196168052175
99196218198773
99196268482096
99196318782026
99196369058608
99196419322248
99196469497402
99196519742132
99196569893417
99196620197715
99196670544081
99196720732337
99196770911929
99196821093084
99196871272956
99196921463729
99196971657950
99197021929089
99197072295665
99197122484377
99197172673561
99197222948936
99197273106547
99197323357403
99197373561290
99197423776707
99197473965730
99197524181908
99197574415104
99197624635448
99197674863756
99197725223501
99197775436634
99197825641563
99197875968393
99197926178543
99197976369632
99198026674988
99198076865045
99198127029468
99198177217921
99198227454695
99198277726396
99198327961927
99198378156982
99198428401738
99198478654408
99198528845245
99198579305267
99198629515226
99198679685349
99198729971274
99198780179600
99198830379482
99198880558210
99198930842747
99198981088091
99199031288713
99199081495383
99199131791602
99199182069120
99199232333787
99199282609011
99199332811315
99199383022443
99199433215041
99199483418136
99199533602640
99199583803791
99199634120524
99199684370076
99199734652563
99199784924101
99199835105149
99199885280278
99199935581120
99199985875460
99200036094975
99200086310574
99200136510748
99200186671736
99200236831502
99200286986370
99200337264924
99200387582422
99200437787353
99200487941730
99200538089627
99200588272231
99200638461046
99200688645263
99200738875947
99200789066114
99200839279910
99200889523254
99200939739188
99200989911855
99201040109654
99201090361923
99201140530664
99201190706266
99201240899627
99201291114765
99201341265886
99201391434647
99201441576903
99201491776064
99201541948712
99201592128741
99201642314500
99201692473484
99201742636916
99201792806498
99201842997976
99201893273274
99201943442606
99201993594324
99202043755708
99202093978805
99202144201300
99202194395949
99202244554389
99202294708280
99202344928572
99202395129361
99202445304108
99202495468707
99202545637844
99202595801642
99202645964749
99202696242016
99202746455356
99202796629541
99202846788741
99202896928049
99202947104144
99202997276629
99203047482870
99203097720502
99203147917658
99203198094720
99203248311929
99203298473525
99203348649826
99203398816471
99203448978989
99203499149810
99203549309814
99203599530689
99203649736810
99203699901571
99203750058279
99203800286176
99203850476831
99203900627129
99203950791893
99204000960510
99204051089210
99204101328925
99204151562079
99204201800071
99204251972314
99204302178413
99204352329029
99204402597893
99204452772930
99204502992101
99204553194334
99204603378626
99204653588642
99204703866921
99204754134222
99204804339700
99204854619662
99204904807972
99204954959700
99205005097179
99205055339213
99205105585384
99205155773950
99205205972290
99205256259220
99205306582640
99205356972901
99205407317577
99205457651094
99205507835441
99205558065125
