99187267097766
99187317323228
99187367689057
99187417980946
99187468211035
99187518513251
99187568768260
99187618997708
99187669174541
99187719378007
99187769591008
99187819815238
99187870165742
99187920450221
99187970675613
99188020911462
99188071191282
99188121423906
99188171708544
99188222059670
99201051096300
99201051176943
99201051201474
99201051211871
99201051220856
99201051230272
99201051240419
99201051249654
99201082101372
99201132357588
99201182467931
99201232654191
99201282874016
99201333031579
99201383223377
99201433325898
99201483636715
99201533770678
99201583928239
99201634185778
99201684345002
99201734505239
99201784739889
99201835069246
99201885230184
99201935442990
99201985687372
99202035950976
99202086112931
99202136341787
99202186544910
99202236686682
99202286851491
99202337012164
99202387276429
99202437472070
99202487625321
99202537809893
99202587967852
99202638134785
99202688339460
99202738444541
99202788609130
99202838760247
99202888990295
99202939214604
99202989362046
99203039505202
99203089772194
99203139961636
99203190096308
99203240258636
99203290491470
99203340612840
99203390771311
99203440970099
99203491219752
99203541354193
99203591523002
99203641710050
99203692041089
99203742239677
99203792443764
99203842730899
99203892887777
99203943118195
99203993310681
99204043457091
99204093606325
99204143811092
99204194090503
99204244212282
99204294353052
99204344489104
99204394765450
99204444892407
99204495050306
99204545321443
99204595516594
99204645674012
99204695896528
99204746137295
99204796389842
99204846536922
99204896676891
99204946820188
99204997131948
99205047274196
99205097550617
99205147686144
99205197857320
99205248076626
99205298335819
99205348436147
99205398786511
99205448966282
99205499269799
99205549410894
