99187267053074
99187317209815
99187367532143
99187417871429
99187468129333
99187518377371
99187568654086
99187618928576
99187669116718
99187719291126
99187769505941
99187819728748
99187869957655
99187920349268
99187970585497
99188020806392
99188071086272
99188121331737
99188171581709
99188221881601
99194469851442
99194620136589
99194770481593
99194920921806
99195071170936
99195221481607
99195371770642
99195522061040
99195672332176
99195822594457
99195972888627
99196123108778
99196273405615
99196423655385
99196573922193
99196724094115
99196874322259
99197024462949
99197174695737
99197324952224
99197475111200
99197625392878
99197775673625
99197925955865
99198076235153
99198226508732
99198376827825
99198527091928
99198677403068
99198827659738
99198978018692
99199128281142
99199278531734
99199428805433
99199579124848
99199729384304
99199879629676
99200029919730
99200180226704
99200330510719
99200480788404
99200631023058
99200781310319
99200931637671
99201081957693
99201132140167
99201182401321
99201232528022
99201282688519
99201332919483
99201383093852
99201433240416
99201483382833
99201533658111
99201583828073
99201633995902
99201684252569
99201734406074
99201784580454
99201834828757
99201885145593
99201935329271
99201985570488
99202035804192
99202086041963
99202136223510
99202186415956
99202236588228
99202286766360
99202336913170
99202387050073
99202437320528
99202487518363
99202537673266
99202587833358
99202637994512
99202688158149
99202738314014
99202788498156
99202838667693
99202888851194
99202939037759
99202989268901
99203039423145
99203089597203
99203139832782
99203190016125
99203240151918
99203290313524
99203340537975
99203390676814
99203440853435
99203491070113
99203541284668
99203591418708
99203641585773
99203691836929
99203742129443
99203792345500
99203842552843
99203892802686
99203942987798
99203993181156
99204043366079
99204093518849
99204143671359
99204193894546
99204244142746
99204294271035
99204344415712
99204394572308
99204444816230
99204494955518
99204545132578
99204595380417
99204645587287
99204695783730
99204745977058
99204796225788
99204846453243
99204896596817
99204946739984
99204996892669
99205047182583
99205097362043
99205147610818
99205197773370
99205247951157
99205298178847
99205348357526
99205398597696
99205448806024
99205499081144
99205549344103
