99187266087081
99187316343292
99187366703191
99187417192840
99187467665883
99187517968910
99187568342491
99187618601276
99187668858700
99187719122463
99187769403515
99187819667158
99187869975644
99187920404998
99187970654259
99188020876115
99188071096489
99188121320789
99188171533751
99188221881872
99194469843249
99194620125991
99194770383082
99194920647966
99195070988426
99195221359346
99195371659860
99195521959142
99195672281603
99195822543143
99195972859369
99196123160994
99196273460746
99196423743661
99196574007463
99196724362757
99196874707393
99197025026219
99197175272649
99197325550200
99197475816563
99197626020002
99197776285134
99197926534902
99198076794308
99198227040551
99198377360636
99198527620902
99198677917748
99198828091832
99198978362791
99199128625623
99199278946711
99199429219488
99199579606666
99199730014397
99199880268694
99200030554362
99200180853062
99200331138300
99200481472278
99200531744661
99200582104068
99200632339720
99200682606053
99200732920786
99200783209046
99200833461636
99200883707655
99200933937378
99200984193734
99201034431980
99201084801313
99201135019977
99201185228684
99201235451093
99201285676358
99201335878414
99201386133898
99201436495960
99201486786963
99201537027964
99201587231011
99201637448042
99201687660265
99201737861790
99201788236573
99201838753651
99201889052548
99201939322528
99201989541818
99202039752524
99202090013484
99202140342286
99202190603626
99202240811998
99202291016314
99202341303217
99202391601298
99202441938564
99202492168822
99202542369161
99202592608865
99202642921701
99202693135923
99202743356886
99202793589258
99202843916488
99202894132422
99202944337400
99202994642565
99203044912912
99203095132966
99203145376669
99203195706636
99203245919648
99203296144699
99203346442002
99203396647321
99203446886717
99203497174864
99203547442216
99203597746580
99203647967265
99203698277949
99203748604089
99203798820878
99203849019425
99203899273476
99203949450718
99203999682280
99204050018986
99204100275249
99204150504316
99204200736689
99204250966998
99204301171475
99204351377994
99204401738000
99204452023431
99204502236382
99204552452918
99204602682095
99204653039336
99204703348667
99204753781734
99204804128698
99204854486901
99204904795240
99204954987816
99205005268405
99205055517831
99205105847692
99205156015773
99205206240388
99205256530302
99205306786961
99205356998985
99205407317356
99205457628796
99205507883702
99205558104571
