99187266222550
99187316522022
99187366939764
99187417510485
99187467785096
99187518191730
99187568462906
99187618720980
99187668953964
99187719256700
99187769519803
99187819788945
99187870183651
99187920503918
99187970738115
99188020961764
99188071181607
99188121429686
99188171691296
99188222076928
99200481571192
99200531965928
99200582217867
99200632446828
99200682785250
99200733069783
99200783323195
99200833571538
99200883788650
99200934050476
99200984300020
99201034624660
99201084920451
99201135105299
99201185310179
99201235550098
99201285758003
99201335959118
99201386319066
99201436605001
99201486899060
99201537115820
99201587314720
99201637532202
99201687741280
99201738042881
99201788430294
99201838838572
99201889182895
99201939407409
99201989625698
99202039835592
99202090170986
99202140479895
99202190688217
99202240891971
99202291153872
99202341437470
99202391719915
99202442049448
99202492247273
99202542460113
99202592791869
99202643007273
99202693226614
99202743443520
99202793764840
99202844006738
99202894210762
99202944488411
99202994781717
99203045010485
99203095230358
99203145527089
99203195792539
99203246011801
99203296242983
99203346520803
99203396742459
99203447008820
99203497295474
99203547596302
99203597838823
99203648110102
99203698428540
99203748685465
99203798910316
99203849114694
99203899333806
99203949532545
99203999859685
99204050100232
99204100367733
99204150593595
99204200827069
99204251040351
99204301248423
99204351557353
99204401854384
99204452109525
99204502322245
99204552552624
99204602849013
99204653126391
99204703551696
99204753891177
99204804254137
99204854658036
99204904861100
99204955109519
99205005357954
99205055685150
99205105928527
99205156092000
99205206382545
99205256607461
99205306878333
99205357145990
99205407473827
99205457746893
99205507966610
99205558275416
