81481974812
81532446871
81582740423
81633185135
81683539834
81733815018
81784282882
81834643951
81884954964
81935277807
81985766860
82036201215
82086573442
82136952107
82187368945
82237781561
82288131159
82338545049
82388969601
82439475775
82489848034
82540144451
82590395256
82640621480
82690872286
82741106395
82800087184
82850732881
82901420252
82951719073
83001975063
83052307834
83102540448
83152782086
83203045819
83260544987
83310937515
83361184173
83411417591
83461698124
83511987720
83562395919
83612728590
83662993986
83713201940
83763467111
83813731201
83863995951
83914312741
83964643057
84014949054
84065276598
84115572767
84165848516
84216199048
84266567345
84316797081
84367094250
84417531732
84467945118
84518275243
84568630379
84619035878
84669417301
84719837184
84770245495
84820562727
84870863586
84921153372
84971477256
85021808688
85072213309
85122538288
85172888863
85223206758
85273596806
85323899963
85374289455
85424656717
85475017777
85525408635
85575734396
85626082798
85676382821
85726764259
85777109271
85827436431
85877858290
85928360337
85978805121
86029142759
86079457307
86129766558
86180106563
86230392371
86280764991
86331085895
86381411838
86431651298
86481983420
86532415482
86582770354
86633039155
86683362786
86733727894
86784109532
86834409785
86884817999
86935152272
86985476050
87035839372
87086140989
87136500500
87186849782
87237163706
87287615003
87338077790
87388397149
87438844476
87489344947
87539761397
87590163481
87640593874
87690929510
87741482996
87791819405
87842271070
87892650302
87943025116
87993358993
88043680760
88094117547
88144610792
88194890018
88245185998
88295482685
88345736843
88396362669
88446733850
88497104620
88547557135
88597860611
88648172809
88698470422
88748731344
88799026834
88849288391
88899609636
88949875177
89000266716
89050493384
89100753187
89151050921
89201485854
89251891588
89302198570
89352532605
89402903983
89453308980
89503701927
89553979438
89604454894
89654739292
89705121325
89755469926
89805868507
89856185766
89906484161
89956788260
90007080710
90057412820
90107723906
90158043914
90208374694
90258753577
90309056582
90359359813
90409729079
90460076178
90510416791
90560678653
90610944006
90661246236
90711526243
90761859184
90812225887
90862689234
90913029975
90963340138
91013781069
91064160629
91114495963
91164809861
91215118814
91265434622
91315741529
91366196180
91416687243
91467004494
91517351412
91567781759
91618004157
91668452676
91718885456
91769198924
91819617430
91869989502
91920322981
91970670852
92020991388
92071247565
92121669672
92172129434
92222542700
92272891433
92323190672
92373572807
92423808280
92474185998
92524536025
92574863971
92625289084
92675617310
92726009389
92776255234
92826581837
92876978192
92927424458
92977881052
93028246305
93078751237
93129086587
93179458616
93229736783
93279953777
93330193024
93380498879
93430797213
93481166251
93531732308
93582073702
93632386669
93682762054
93733132233
93783408270
93833695374
93884162979
93934550649
93985030936
94035347360
94085643891
94135954558
94186355888
94236793369
94287035637
94337433569
94387743706
94438246098
94488599656
94539032389
94589559666
94639979451
94690360216
94740801641
94791185460
94841555894
94891998180
94942429845
94992878790
95043491411
95094148006
95144512012
95194841950
95245122080
95295346625
95345750040
95396090625
95446419899
95496860121
95547200232
95597480242
95647768678
95698199738
95748691536
95798985780
95849268841
95899644478
95949956487
96000216913
96050458667
96100779466
96151148269
96201447679
96251799309
96302085735
96352335847
96402751281
96453142096
96503399459
96553749800
96604115606
96654578531
96704881196
96755281322
96805637245
96855996704
96906368418
96956739461
97007077388
97057347108
97107709957
97158136253
97208396106
97258686970
97308946056
97359248014
97409583199
97460039493
97510530061
97560862249
97611142881
97661412700
97711849409
97762171740
97812447457
97862720455
97913071009
97963440287
98013787508
98064205289
98114556453
98164867835
98215186750
98265629991
98315886572
98366241118
98416543169
98466815472
98517222606
98567632417
98617978045
98668361979
98718753700
98769077741
98819392989
98869724805
98920176419
98970597246
99020956454
99071195498
99121424525
99171731764
99222044477
99272309113
99322688273
99373042206
99423429264
99473739411
99524261092
99574644547
99624989680
99675305499
99725699621
99776023769
99826309981
99876602953
99927026319
99977367237
100027745071
100078088008
100128427467
100178827552
100229151299
100279644852
100330212038
100380551995
100430928554
100481228272
100531580025
100581901058
100632172664
100682434919
100732984624
100783324716
100833669258
100883994723
100934290035
100984697088
101035073433
101085499606
101135909989
101186311838
101236578602
101286883092
101337155854
101387447761
101437736181
101488071704
101538477265
101588755333
101639145640
101689470856
101739717568
101790105718
101840498102
101890843923
101941130325
101991515964
102041823173
102092234723
102142567934
102192930720
102243340956
102293655563
102343990405
102394384855
102444764074
102495293111
102545669520
102595974875
102646350508
102696671725
102747039931
102797342995
102847675024
102898088051
102948452885
102998861104
103049252598
103099684548
103150060669
103200274901
103250519422
103300769748
103351042023
103401385953
103451605467
103501956766
103552437064
103602810844
103653130897
103703424172
103753662682
103803861025
103854151107
103904425822
103954677090
104005007413
104055390826
104105631884
104155971462
104206194407
104256450167
104306714547
104356971813
104407408723
104457690928
104507953919
104558281560
104608498117
104658701199
104708949342
104759318541
104809779223
104860159962
104910531371
104960852262
105011200199
105061639908
105111888451
105162291821
105212523877
105262844494
105313048296
105363315559
105413624288
105464126500
105514484280
105564870326
105615126484
105665530713
105715867830
105766225156
105816494271
105866813551
105917130644
105967362531
106017581179
106067820885
106118111152
106168452642
106218766168
106269097758
106319336592
106369663278
106420100628
106470403546
106520632750
106570953990
106621149832
106671370638
106721644886
106771870852
106822231075
106872481806
106922781050
106973155170
107023363209
107073622376
107123836431
107174165907
107224367499
107274672127
107324981694
107375359535
107425605973
107475994126
107526243660
107576589736
107626793902
107677150028
107727375720
107777693555
107827913530
107878164296
107928401046
107978603082
108028813243
108079138446
108129470221
108179668657
108229870631
108280181450
108330478837
