81482479063
81532950692
81583232075
81633505108
81683734951
81734066791
81784379295
81834747989
81885035076
81935306166
81985694798
82036049717
82086389631
82136832138
82187267968
82237635648
82288077701
82338402202
82388849246
82439274290
87462940167
87613478877
87763988385
87914604213
88065140234
88215552401
88365856344
88516483490
88666866157
88817303627
88967751857
89118241852
89268594907
89419033618
89569512659
89719862951
89870295410
90020737395
90171235071
90321672053
90472036087
90622483275
90772876660
90923230559
91073676094
91224047741
91374513462
91524861995
91675308986
91825717185
91976166959
92126608424
92277000893
92427406792
92577792793
92728124706
92878427384
93028732596
93179207503
93329564063
93479958176
93630435058
93780868425
93931329133
94081735114
94232172285
94302400654
94352679028
94402997179
94453228016
94503543952
94553784092
94604203111
94654480673
94704739998
94755083348
94805317597
94855604915
94905901108
94956118232
95006436844
95056745023
95106994905
95157262922
95207504824
95257868536
95308104698
95358418673
95408769876
95458985374
95509353136
95559591001
95609829702
95660077483
95710313633
95760546515
95810810539
95861013329
95911201475
95961518951
96011726254
96061946203
96112146428
96162330922
96212538504
96262764003
96312998047
96363221324
96413421087
96463746560
96513936243
96564236797
96614471160
96664829930
96715117379
96765304371
96815511341
96865810216
96915988089
96966286790
97016529431
97066725638
97116919694
97167115045
97217312916
97267546653
97317776491
97368076499
97418357688
97468637408
97518942743
97569197832
97619437875
97669758439
97720034345
97770266869
97820593850
97870891736
97921100973
97971318441
98021623349
98072019779
98122260271
98172633449
98222933500
98273197911
98323503455
98373789666
98423986727
98474234898
98524543461
98574785156
98625017217
98675452990
98725789741
98776031271
98826274721
98876654841
98927149309
98977411838
99027720259
99077942863
99128139838
99178405102
99228735386
99279088132
99329361094
99379774214
99430074029
99480327430
99530672473
99580939254
99631221998
99681513210
99731709532
99781990381
99832260399
99882521836
99932758177
99983042201
100033312577
100083620905
100134007644
100184324269
100234568745
100284878834
100335100131
100385399112
100435619906
100485847660
100536168266
100586383577
100636702725
100686882290
100737099041
100787425824
100837637285
100887925762
100938179025
100988408250
101038645647
101089044525
101139419724
101189643439
101239955619
101290186094
101340388700
101390703666
101440898276
101491072166
101541313864
101591585120
101641903981
101692140560
101742376163
101792552706
101842812398
101893020470
101943239871
101993564625
102043846007
102094127021
102144574890
102194824712
102245119698
102295436278
102345618168
102395825936
102446130497
102496539673
102546733762
102596936065
102647164431
102697341191
102747532958
102797731489
102847939739
102898191144
102948406503
102998652351
103048896772
103099300440
103149682369
103199924037
103250213858
103300462779
103350725638
103400964201
103451315042
103501747821
103552162702
103602446451
103652712688
103703127312
103753395899
103803693647
103854016885
103904264714
103954500807
104004771096
104055073007
104105364138
104155577523
104205824232
104256094060
104306402489
104356654082
104406954084
104457219561
104507552135
104557784754
104608102021
104658400920
104708700294
104759119530
104809457156
104859762161
104910076525
104960437730
105010722105
105061128130
105111388313
105161848689
105212105722
105262453991
105312686992
105362968289
105413355980
105463805736
105514245168
105564540037
105614841574
105665237303
105715630366
105765905615
105816239363
105866509136
105916753946
105967039376
106017273238
106067545911
106117899594
106168203520
106218473650
106268846003
106319205303
106369504730
106419784426
106470012278
106520264845
106570506653
106620772877
106671052156
106721293069
106771547007
106821767621
106872043629
106922349057
106972751585
107022984364
107073216165
107123500308
107173789286
107224030845
107274315784
107324575626
107374917734
107425199634
107475470187
107525798469
107576031957
107626330455
107676763976
107727004218
107777246484
107827480562
107877703457
107927927824
107978227691
108028493200
108078871106
108129108871
108179342501
108229527140
108279793052
108330082817
