81482608079
81533044688
81583339729
81633594791
81683822458
81734159273
81784537092
81834877134
81885143970
81935427899
81985811610
82036202776
82086564733
82136973080
82187403152
82237768053
82288195456
82338511886
82388986326
82439442623
94252187800
94252295154
94252306014
94252309047
94252311264
94252313316
94252316479
94252319045
94302522143
94352837062
94403142304
94453418340
94503730555
94553999974
94604487172
94654690596
94704888496
94755244125
94805499809
94855799784
94906085549
94956259956
95006581614
95056897095
95107159248
95157425665
95207751717
95257990682
95308320110
95358701532
95408923676
95459130036
95509496667
95559781939
95609980485
95660259569
95710461544
95760725746
95810982478
95861106294
95911337231
95961677782
96011862274
96062074558
96112295117
96162459210
96212685173
96262904176
96313148290
96363326706
96413598326
96463891756
96514071573
96564372487
96614631586
96664964023
96715331742
96765449400
96815643383
96865912083
96916115974
96966379572
97016664649
97066856047
97117105702
97167209630
97217399468
97267661854
97317979201
97368266387
97418514604
97468877481
97519141630
97569379306
97619593780
97669912844
97720181785
97770452244
97820746202
97871021977
97921270027
97971470849
98021760227
98072189725
98122480081
98172790939
98223141408
98273371445
98323661293
98373909524
98424153740
98474396294
98524726251
98574926517
98625217056
98675688168
98726005547
98776178832
98826471760
98876854835
98927340926
98977618019
99027894809
99078090756
99128330216
99178566871
99228896008
99279270005
99329545142
99379956451
99430254634
99480528927
99530805910
99581256969
99631390413
99681649750
99731854678
99782176514
99832421732
99882710504
99932909712
99983182623
100033454956
100083783787
100134241805
100184498992
100234726414
100285103999
100335230896
100385559618
100435795437
100486087165
100536298442
100586552770
100636848292
100687060307
100737283932
100787547290
100837822959
100888100281
100938312217
100988606984
101038903115
101089251845
101139543895
101189773542
101240112116
101290312169
101340516480
101390857571
101441006421
101491191105
101541477851
101591783741
101642091540
101692296271
101742538035
101792703816
101843001276
101893165536
101943393558
101993709794
102044043814
102094265738
102144753495
102195100159
102245277824
102295562030
102345741417
102395994275
102446361365
102496685628
102546890190
102597082273
102647274914
102697504103
102747675664
102797897577
102848085630
102898313157
102948565854
102998803829
103049105766
103099541781
103149875407
103200090974
103250398930
103300591519
103350884272
103401151211
103451499229
103501943036
103552382612
103602590358
103652908283
103703355480
103753588086
103803826066
103854155984
103904409262
103954639987
104004938913
104055303837
104105487184
104155732385
104206013009
104256328486
104306565261
104356885022
104407165829
104457482976
104507743206
104557957314
104608249695
104658533075
104708898304
104759295489
104809711484
104859957101
104910310163
104960619000
105010885072
105061365166
105111605995
105162026597
105212287275
105262652315
105312825505
105363200021
105413611232
105464100925
105514442572
105564777967
105615045119
105665423305
105715775778
105766159414
105816415835
105866684019
105916984989
105967169833
106017445956
106067782041
106118083262
106168364657
106218667896
106269040875
106319343152
106369672101
106419943442
106470182150
106520448863
106570730060
106620929967
106671185960
106721463325
106771682322
106821973161
106872213610
106922588944
106972909148
107023171668
107073407410
107123682456
107174035280
107224198695
107274484375
107324808214
107375146295
107425377264
107475690968
107525973615
107576230071
107626583173
107676957482
107727185694
107777552225
107827615012
107877886993
107928096017
107978340722
108028632576
108078996401
108129317306
108179450187
108229678228
108279974320
108330255103
