81483108890
81533376218
81583606588
81633835107
81684059205
81734290253
81784581754
81834848262
81885148772
81935397783
81985834478
82036229822
82086590168
82136964722
82187359391
82237746311
82288114817
82338503140
82388956510
82439345809
92277212913
92327581514
92377964310
92428253201
92478611457
92528937170
92579330304
92629740626
92680056078
92730418065
92780703059
92831110336
92881589027
92932036394
92982476986
93032922111
93083432970
93133861379
93184196636
93234551371
93284815391
93335222397
93385748099
93436119705
93486481053
93537048219
93587593594
93638013015
93688397444
93738745312
93789180763
93839611651
93889965099
93940465990
93990950438
94041300786
94091713195
94142053084
94192418342
94243004084
94293309242
94343627578
94394046486
94444368093
94494863460
94545352715
94595767802
94646198384
94696502879
94746859853
94797360902
94847764672
94898306597
94948842848
94999241279
95049741808
95100182062
95150575478
95201020259
95251429740
95301761474
95352223629
95402616234
95452938940
95503589267
95554092305
95604528904
95654885362
95705241933
95755695162
95806088930
95856444736
95906777106
95957153269
96007525993
96057888884
96108400641
96158800767
96209205698
96259540955
96310055715
96360416143
96410759485
96461083268
96511457867
96561830075
96612213196
96662677462
96713225270
96763622226
96814027782
96864392352
96914774340
96965213557
97015564848
97065904941
97116356117
97166820164
97217230365
97267691711
97318198480
97368490562
97418745143
97469129770
97519482059
97569810237
97620098102
97670386585
97720704124
97771074929
97821625671
97871892261
97922264390
97972617239
98022967038
98073338423
98123690752
98174058701
98224498227
98274943518
98325310870
98375555879
98425889494
98476220184
98526606199
98577013615
98627468439
98677952522
98728298558
98778680935
98829050461
98879319581
98929640404
98980060366
99030424999
99080767356
99131210793
99181507910
99231868229
99282212486
99332498199
99382794523
99433381167
99483724400
99534361845
99584886906
99635221856
99685512061
99735980174
99786389361
99836758582
99887150775
99937484323
99987870117
100038251476
100088665775
100139030844
100189395267
100239804512
100290274254
100340654301
100391026730
100441405359
100491794038
100542151692
100592491810
100642912722
100693310378
100743684290
100794098752
100844491444
100894953528
100945346888
100995741352
101046249492
101097016341
101147624368
101198070294
101248464847
101298808068
101349203361
101399628945
101450035727
101500435020
101550856860
101601203871
101651670448
101702131843
101752766664
101803199397
101853571678
101903992507
101954435344
102004834059
102055208948
102105693158
102156124070
102206647151
102257030360
102307580427
102358064938
102408554537
102459031968
102509711486
102560278945
102610727619
102661159445
102711591035
102762008597
102812400360
102862831798
102913195306
102963584627
103014011036
103064433829
103114884753
103165519169
103215976350
103266305357
103316635762
103366981573
103417353186
103467752865
103518164348
103568743509
103619184482
103669684776
103720064721
103770498861
103820770886
103871182040
103921517529
103971921014
104022302028
104072669747
104123013407
104173373179
104223781710
104274312554
104324746787
104375257145
104425698357
104476191622
104526617866
104576968498
104627389715
104677786985
104728267944
104778744153
104829174500
104879605358
104930249676
104980615741
105031164613
105081616672
105132214483
105182818012
105233586100
105283974111
105334518913
105385556562
105436134653
105486694442
105537064194
105587451598
105637895653
105688353507
105738715885
105789120243
105839493078
105889863293
105940329953
105990759286
106041172997
106091588487
106142000302
106192431830
106242782660
106293211106
106343645759
106394092672
106444539066
106495008392
106545328250
106595797323
106646283755
106696765980
106747145761
106797496622
106848035932
106898581315
106949141781
106999588472
107049994004
107100466302
107150930006
107201413354
107251876051
107302327907
107352737510
107403111635
107453585501
107504115676
107554689519
107605217097
107655609051
107706134375
107756500186
107806895152
107857513071
107907894167
107958312050
108008866123
108059270094
108109646352
108160177180
108210561734
108261051641
108311482859
