81482925747
81533302431
81583524322
81633755261
81683969627
81734190851
81784456265
81834765445
81885052025
81935290711
81985677047
82036082688
82086385978
82136827908
82187222180
82237555273
82287956810
82338324483
82388779208
82439163338
87462918047
87613462533
87763998802
87914604157
88065024457
88215552326
88365884817
88516370964
88666866351
88817303625
88967781770
89118241829
89268611456
89419084458
89569506968
89719990374
89870384210
90020756981
90171246947
90321754580
90472119473
90622588699
90773012977
90923360248
91073749324
91224068960
91374597496
91524936616
91675409465
91825774041
91976166922
92126646252
92277016933
92327434151
92377791970
92428149303
92478486400
92528795535
92579194900
92629573009
92679901529
92730274126
92780586337
92830981246
92881379231
92931847265
92982352009
93032701450
93083243820
93133712780
93184064493
93234375963
93284702059
93335049389
93385552806
93435958084
93486306941
93536828201
93587417290
93637859094
93688238902
93738575554
93788989116
93839474649
93889812507
93940281610
93990801376
94041096077
94091557472
94141895554
94192227902
94242769624
94293176071
94343469374
94393896119
94444212654
94494719043
94545176960
94595555560
94646030661
94696365043
94746673934
94797205098
94847593433
94898133301
94948663926
94999113698
95049575094
95100045239
95150442113
95200822170
95251243933
95301637620
95351997800
95402451458
95452820376
95503431027
95553888745
95604334313
95654738373
95705090981
95755490525
95805939397
95856299365
95906633243
95956981741
96007337595
96057733287
96108284349
96158593763
96209027491
96259387204
96309870575
96360235640
96410577072
96460948521
96511271429
96561682243
96612039514
96662488458
96712985642
96763455086
96813867306
96864238183
96914591226
96965032552
97015391886
97065734228
97116136447
97166624024
97217072688
97267447885
97318043007
97368375075
97418652017
97468976551
97519326090
97569713157
97619975814
97670246759
97720556861
97770895998
97821496712
97871793407
97922089023
97972508070
98022859379
98073229045
98123578374
98173910482
98224357453
98274823297
98325180518
98375453957
98425719684
98476103270
98526470736
98576857134
98627265798
98677784900
98728146759
98778505922
98828945795
98879220479
98929478059
98979926502
99030309785
99080592358
99131034918
99181371644
99231721618
99282064572
99332374198
99382661867
99433216459
99483591557
99534147431
99584769780
99635080277
99685401425
99735837091
99786211541
99836641413
99886954391
99937348486
99987697977
100038124208
100088498673
100138908414
100189199477
100239613140
100290060984
100340524561
100390840439
100441249763
100491586641
100542022008
100592356498
100642712929
100693102658
100743521700
100793929593
100844304540
100894797925
100945193066
100995556142
101045967994
101096827124
101147351728
101197933800
101248326465
101298618722
101349047408
101399420769
101449867736
101500252644
101550656036
101601051587
101651461395
101701924611
101752550324
101803026463
101853404309
101903768556
101954237533
102004678588
102055028178
102105531175
102155944222
102206469149
102256856085
102307329355
102357892142
102408362356
102458771014
102509460493
102560059022
102610556810
102660950925
102711406016
102761805936
102812219174
102862624885
102913027477
102963376761
103013806354
103064233631
103114689987
103165132026
103215776508
103266181984
103316502187
103366835291
103417185218
103467544809
103517972946
103568556035
103618955645
103669502424
103719860315
103770283116
103820652750
103870997554
103921356908
103971754007
104022129865
104072500560
104122844791
104173200928
104223585692
104274126929
104324584665
104375053107
104425484291
104476034633
104526437539
104576790857
104627177600
104677633543
104727972968
104778576470
104828976309
104879366863
104930037028
104980465891
105030958630
105081396227
105132016835
105182471270
105233423641
105283742549
105334178679
105385379081
105435795753
105486517714
105536879357
105587276123
105637721536
105688166437
105738547973
105788926685
105839303478
105889676930
105940090727
105990574336
106040999615
106091397987
106141821421
106192243960
106242611852
106293014804
106343416679
106393847542
106444305777
106494813058
106545177075
106595626177
106646051513
106696588541
106746955184
106797320002
106847826205
106898373419
106948962269
106999417525
107049781310
107100267384
107150744535
107201240667
107251684926
107302098175
107352536608
107402928714
107453361593
107503852408
107554510395
107605024995
107655407847
107705958598
107756333468
107806720307
107857311481
107907726895
107958107412
108008616269
108059083259
108109480753
108159946637
108210372387
108260850811
108311277757
