1695390025938
1695440406407
1695490896738
1695541183258
1695591689454
1695642058851
1695692586546
1695743318185
1695793932351
1695844406311
1695894793996
1695945417515
1695995974112
1696046543717
1696097015977
1696147460385
1696197953017
1696248578312
1696299141945
1696349589143
1696399983977
1696450266516
1696500493897
1696550720743
1696600943509
1696651212673
1696704127357
1696754345894
1696804777039
1696855088752
1696905325303
1696955673121
1697005896350
1697056125190
1697106396809
1697156621580
1697207006917
1697257219146
1697307493819
1697357770918
1697408234663
1697458501840
1697508731618
1697558974282
1697609208046
1697659497258
1697709729323
1697759983332
1697810283686
1697860506337
1697910859914
1697961265657
1698011611690
1698061825781
1698112141772
1698162534544
1698212997463
1698263414433
1698313841677
1698364340401
1698414924239
1698465310955
1698515804262
1698566292699
1698616643696
1698667149859
1698717483674
1698767863390
1698818472243
1698868885627
1698919493463
1698970049402
1699020520281
1699070936054
1699121525601
1699172041534
1699222462606
1699272849453
1699323501920
1699373897683
1699424459293
1699474892315
1699525280243
1699575825887
1699626398197
1699676774962
1699727290689
1699777722411
1699828119795
1699878685902
1699929260220
1699979614212
1700030172720
1700080766589
1700131219548
1700181858486
1700232335756
1700282583088
1700332987649
1700383468359
1700433983797
1700484385577
1700534978698
1700585414529
1700635791507
1700686233498
1700736692926
1700787262874
1700837753347
1700888235404
1700938704693
1700989142468
1701039444594
1701089899265
1701140269989
1701190622993
1701240961090
1701291331060
1701341895574
1701392325778
1701442942531
1701493347844
1701543723063
1701594117211
1701644626991
1701695112216
1701745614414
1701796142375
1701846553673
1701896971632
1701947437093
1701997863772
1702048305507
1702098754912
1702149284064
1702199777563
1702250063342
1702300703429
1702351051530
1702401507061
1702452047261
1702502406676
1702552789981
1702603293047
1702653702110
1702704201653
1702754714553
1702805194954
1702855968226
1702906656317
1702957096176
1703007473999
1703058066783
1703108583714
1703159035035
1703209674637
1703260270082
1703310762658
1703361326273
1703411862715
1703462215539
1703512687185
1703563157564
1703613622363
1703664248837
1703714622479
1703765093458
1703815549796
1703866043116
1703916449893
1703967081163
1704017522875
1704067985607
1704118546794
1704168994639
1704219459831
1704269861910
1704320191098
1704370564976
1704420943144
1704471333052
1704521726630
1704572145824
1704622462429
1704672794500
1704723177411
1704773721031
1704824254293
1704874618637
1704925057277
1704975524165
1705026175771
1705076655463
1705127026012
1705177613600
1705228093772
1705278692267
1705328920967
1705379483715
1705429931023
1705480392602
1705530976700
1705581304858
1705631808781
1705682307969
1705732821779
1705783467046
1705834057999
1705884518413
1705935020742
1705985564449
1706036237428
1706086742910
1706137382495
1706187906402
1706238502400
1706288863726
1706339468797
1706389938965
1706440270686
1706490700744
1706541181905
1706591421632
1706641949800
1706692546761
1706742941626
1706793359347
1706843830513
1706894399753
1706944781277
1706995319330
1707045743058
1707096096375
1707146555576
1707197018520
1707247573820
1707298007460
1707348418500
1707398934227
1707449353535
1707499567368
1707549936586
1707600295433
1707650766450
1707701105056
1707751344433
1707801622467
1707852169484
1707902689960
1707953103002
1708003561255
1708054147235
1708104482424
1708154763521
1708205263537
1708255790161
1708306393306
1708356837055
1708407180767
1708457455008
1708507748751
1708558155509
1708608462155
1708658814109
1708709009473
1708759277722
1708809770347
1708860174495
1708910533838
1708960903626
1709011342801
1709061662987
1709112073905
1709162512584
1709213019122
1709263536688
1709314127472
1709364608614
1709415164711
1709465579787
1709516062418
1709566478376
1709616798654
1709667190248
1709717557064
1709768064167
1709818363850
1709868712755
1709919107150
1709969539959
1710020059952
1710070548755
1710121015886
1710171519370
1710221914642
1710272200575
1710322471446
1710372796680
1710423153873
1710473615876
1710524107604
1710574558245
1710624960919
1710675401901
1710725754588
1710776180489
1710826578730
1710876991483
1710927475856
1710977836566
1711028321138
1711078824073
1711129291458
1711179622409
1711230103541
1711280496835
1711331017041
1711381575561
1711431962579
1711482470797
1711532882686
1711583379490
1711633900373
1711684385266
1711734731805
1711785149380
1711835600564
1711886279460
1711936770765
1711987371990
1712037851903
1712088260208
1712138869379
1712189476919
1712239908576
1712290463733
1712341088138
1712391674769
1712442341704
1712492859671
1712543129413
1712593644357
1712644039996
1712694455131
1712744967471
1712795513558
1712845964676
1712896553102
1712946959407
1712997416134
1713047857850
1713098196365
1713148850445
1713199477365
1713249900247
1713300428576
1713350896350
1713401426614
1713452056183
1713502530486
1713553013481
1713603442224
1713653916158
1713704329194
1713754598306
1713804921347
1713855337795
1713905831822
1713956215132
1714006618668
1714057085728
1714107451757
1714157892185
1714208396627
1714258770885
1714309124769
1714359483442
1714409980355
1714460356603
1714510703629
1714561053109
1714611379627
1714661769069
1714712311247
1714762776202
1714813317439
1714863673948
1714914280025
1714964733093
1715015255068
1715065855777
1715116303959
1715166881886
1715217325425
1715267796022
1715318270883
1715368510111
1715418805104
1715469018754
1715519416338
1715569738708
1715620332669
1715670800592
1715721422821
1715771903884
1715822323315
1715872743242
1715923220901
1715973675450
1716024220061
1716074705733
1716125142199
1716175504911
1716225926879
1716276404052
1716326861905
1716377281349
1716427769906
1716478427168
1716528854901
1716579107137
1716629522983
1716680123628
1716730469050
1716780924867
1716831421053
1716881973607
1716932411787
1716982741576
1717033205806
1717083653262
1717134072892
1717184521161
1717234986940
1717285407322
1717335853050
1717386444324
1717436960814
1717487479750
1717537875192
1717588312966
1717638747661
1717689193722
1717739562157
1717790104791
1717840444767
1717890929942
1717941294645
1717991720154
1718042159090
1718092482393
1718142860193
1718193357728
1718243779043
1718294190813
1718344550978
1718395005503
1718445497262
1718495907490
1718546329083
1718596721785
1718647160977
1718697772924
1718748028976
1718798369431
1718848807568
1718899160315
1718949457998
1718999868542
1719050208236
1719100456393
1719150826532
1719201268286
1719251836532
1719302367323
1719352755838
1719403360770
1719453685970
1719504281294
1719554836987
1719605290487
1719655854320
1719706215097
1719756518276
1719806861101
1719857292735
1719907759875
1719958083659
1720008428326
1720059004889
1720109277180
1720159675007
1720210123892
1720260421540
1720310865705
1720361255791
1720411529428
1720461918786
1720512324432
1720562706402
1720613039495
1720663660847
1720714219317
1720764509096
1720815052582
1720865516126
1720916070350
1720966588469
1721017078021
1721067645950
1721118321554
1721168592205
1721218959435
1721269446911
1721319865511
1721370307128
1721420647634
1721471041818
1721521349671
1721571824920
1721622169101
1721672564234
1721722826053
1721773185573
1721823582334
1721873981087
1721924341754
1721974581466
1722024888414
