1695391186668
1695441645690
1695492058471
1695542347911
1695592615155
1695643077562
1695693576595
1695744046611
1695794511617
1695844879543
1695895160504
1695945468254
1695995783205
1696046273639
1696096831601
1696147241442
1696197711001
1696248384149
1696298918713
1696349284699
1701472456951
1701622911880
1701773337642
1701923843909
1702074240719
1702224757474
1702375560911
1702526028623
1702676489243
1702827224476
1702977817466
1703128384081
1703278843433
1703429566962
1703579961158
1703730524694
1703881156943
1704031738740
1704182243674
1704332602319
1704483165346
1704633645062
1704784260528
1704934694676
1705085183034
1705235652571
1705386177186
1705536854582
1705687461837
1705838120014
1705988719950
1706139155130
1706289614072
1706440127762
1706590500951
1706741093494
1706891660812
1707042210004
1707192799783
1707343283016
1707493808622
1707644391061
1707794994464
1707945622883
1708096225391
1708246854796
1708382785722
1708433108672
1708483397843
1708533630387
1708583993838
1708634407769
1708684938353
1708735274683
1708785536894
1708835929216
1708886346939
1708936762749
1708987213856
1709037574836
1709087896516
1709138249619
1709188603705
1709238898540
1709289159708
1709339445690
1709389742078
1709439985146
1709490266157
1709540709880
1709591122080
1709641502115
1709691890166
1709742275129
1709792593081
1709843067657
1709893385151
1709943640977
1709994025000
1710044360292
1710094648269
1710144996428
1710195346171
1710245561674
1710295947329
1710346303445
1710396638430
1710446972786
1710497348259
1710547678574
1710598017797
1710648231485
1710698471109
1710748767058
1710799118842
1710849452353
1710899805473
1710950084512
1711000242894
1711050686366
1711100976342
1711151328005
1711201736859
1711251965735
1711302342091
1711352667190
1711402894645
1711453151850
1711503550749
1711553898409
1711604150335
1711654574734
1711704866249
1711755076765
1711805429764
1711855924926
1711906258677
1711956551344
1712006802806
1712057162255
1712107467156
1712157815394
1712208148813
1712258458952
1712308742821
1712359110507
1712409385926
1712459902989
1712510316720
1712560502514
1712610818127
1712661087191
1712711563886
1712761819526
1712812158162
1712862496906
1712912743232
1712962985905
1713013245159
1713063589914
1713113852419
1713164250072
1713214570369
1713264895260
1713315241362
1713365716212
1713416042651
1713466512716
1713516752615
1713567005062
1713617367538
1713667815773
1713718141721
1713768362069
1713818599282
1713868918610
1713919372095
1713969741933
1714020184461
1714070536239
1714120888455
1714171247684
1714221498957
1714271938735
1714322331516
1714372722272
1714423101809
1714473407080
1714523737713
1714573945230
1714624123681
1714674355621
1714724626154
1714774881567
1714825189585
1714875504799
1714925955626
1714976306069
1715026520186
1715076902151
1715127223126
1715177527511
1715227791061
1715278168217
1715328347310
1715378534594
1715428765397
1715479033959
1715529284155
1715579592230
1715629997392
1715680236955
1715730522075
1715780881821
1715831083442
1715881502704
1715931820501
1715982168697
1716032508899
1716082900974
1716133291803
1716183678510
1716233926907
1716284239896
1716334495476
1716384773260
1716435097186
1716485314199
1716535640800
1716585955156
1716636216560
1716686667001
1716736977251
1716787376252
1716837837785
1716888099673
1716938384163
1716988642924
1717039031779
1717089309125
1717139586297
1717190004366
1717240251568
1717290683756
1717341096418
1717391422993
1717441887402
1717492179014
1717542376353
1717592527970
1717642957944
1717693400578
1717743773740
1717794127738
1717844469148
1717894893893
1717945350992
1717995717059
1718045968556
1718096408912
1718146702173
1718196910107
1718247307299
1718297641721
1718348039629
1718398283837
1718448680946
1718499059588
1718549268734
1718599721117
1718650174652
1718700455104
1718750713494
1718801039729
1718851398698
1718901728441
1718952053907
1719002335887
1719052606043
1719103038326
1719153352418
1719203621906
1719254123807
1719304489833
1719354790299
1719405224794
1719455569820
1719505774318
1719556190296
1719606406316
1719656752894
1719707246951
1719757526100
1719807873766
1719858129626
1719908493297
1719958819154
1720009094675
1720059624121
1720110126337
1720160360492
1720210685491
1720261149085
1720311552857
1720361834355
1720412968886
1720463407805
1720513708459
1720564057710
1720614396760
1720664737985
1720715194160
1720765497913
1720815797215
1720866255701
1720916697414
1720967015772
1721017340118
1721067649756
1721117892155
1721168198316
1721218578523
1721268842039
1721319106529
1721369482985
1721419799344
1721470025962
1721520261204
1721570585204
1721620874848
1721671180050
1721721467510
1721771791492
1721822071594
1721872311511
1721922681364
1721972907012
1722023180173
