1695391269047
1695441772960
1695492154042
1695542434047
1695592770678
1695643203458
1695693757079
1695744192584
1695794664243
1695844983980
1695895266585
1695945554880
1695995964281
1696046486117
1696096928906
1696147429589
1696197913313
1696248569805
1696299070109
1696349487548
1708332332604
1708332636480
1708332688456
1708332694800
1708332699259
1708332703105
1708332708548
1708332713157
1708382977712
1708433265909
1708483605327
1708533820928
1708584233395
1708634683270
1708685147695
1708735434396
1708785825772
1708836203560
1708886554335
1708937003555
1708987406858
1709037793616
1709088141832
1709138417970
1709188761677
1709239134657
1709289349076
1709339575058
1709389916856
1709440172856
1709490483607
1709540900517
1709591347308
1709641741416
1709692140943
1709742477016
1709792842627
1709843259385
1709893572699
1709943826836
1709994196098
1710044530154
1710094798901
1710145156948
1710195496301
1710245770909
1710296210460
1710346442077
1710396826670
1710447187624
1710497549931
1710547905280
1710598230545
1710648406730
1710698629502
1710748985215
1710799302272
1710849635779
1710900028228
1710950179601
1711000411860
1711050876556
1711101137893
1711151530486
1711201931764
1711252145500
1711302564794
1711352855969
1711403087843
1711453359307
1711503725210
1711554117598
1711604317975
1711654701684
1711704994040
1711755268217
1711805643260
1711856166741
1711906467114
1711956729132
1712006999631
1712057338945
1712107640187
1712158036138
1712208313442
1712258681194
1712308951349
1712359305059
1712409601400
1712460133417
1712510463750
1712560618503
1712611008256
1712661316783
1712711718082
1712761988245
1712812336015
1712862705147
1712912919144
1712963197350
1713013410633
1713063889956
1713114033551
1713164391776
1713214727894
1713265066029
1713315417811
1713365895483
1713416220888
1713466727390
1713516916899
1713567212366
1713617572071
1713667969292
1713718318911
1713768496232
1713818764634
1713869139703
1713919587658
1713970002291
1714020362120
1714070737105
1714121088867
1714171438373
1714221729082
1714272169855
1714322564376
1714372940837
1714423232688
1714473594490
1714523890644
1714574100701
1714624268411
1714674531452
1714724823064
1714775086610
1714825343045
1714875666853
1714926300973
1714976466275
1715026680815
1715077084878
1715127404154
1715177722609
1715228049885
1715278298536
1715328461967
1715378648574
1715428893575
1715479197528
1715529448159
1715579733241
1715630180548
1715680389351
1715730702068
1715781009400
1715831239313
1715881717024
1715932044701
1715982362697
1716032684077
1716083059098
1716133412296
1716183827699
1716234109102
1716284369496
1716334659290
1716384965294
1716435229664
1716485485256
1716535814902
1716586085787
1716636394172
1716686865153
1716737158625
1716787608329
1716837986455
1716888318271
1716938522215
1716988817804
1717039202441
1717089459679
1717139725283
1717190176475
1717240432062
1717290816689
1717341315973
1717391648248
1717442097215
1717492338761
1717542468789
1717592621734
1717643155314
1717693620946
1717743987135
1717794305200
1717844669026
1717895094001
1717945617741
1717995944883
1718046141542
1718096575938
1718146838762
1718197119393
1718247489198
1718297840730
1718348174880
1718398502123
1718448856428
1718499201619
1718549433211
1718599900735
1718650352446
1718700661541
1718750838471
1718801232492
1718851567522
1718901911286
1718952254954
1719002562577
1719052759150
1719103163081
1719153563472
1719203801438
1719254310703
1719304694332
1719354978527
1719405410267
1719455729543
1719505912514
1719556363151
1719606605545
1719656982976
1719707424832
1719757699752
1719808083225
1719858270140
1719908660640
1719959022757
1720009299033
1720059862224
1720110362809
1720160539004
1720210909097
1720261375238
1720311721102
1720362864900
1720413124617
1720463632834
1720513887986
1720564233935
1720614584510
1720664912568
1720715371034
1720765656568
1720815968395
1720866386547
1720916882065
1720967201047
1721017477764
1721067799624
1721118109667
1721168435688
1721218737681
1721269078973
1721319305832
1721369672185
1721420048010
1721470211202
1721520424691
1721570756828
1721621071698
1721671410258
1721721612342
1721771988066
1721822241205
1721872505732
1721922866438
1721973026474
1722023331899
