1695389765330
1695440890525
1695491222670
1695541458529
1695591778354
1695642249312
1695692707787
1695743210632
1695793892668
1695844404832
1695894863811
1695945469560
1695995935070
1696046466938
1696097004932
1696147506429
1696198018953
1696248579582
1696299195511
1696349650185
1707493979619
1707544291289
1707594864380
1707645544990
1707696146014
1707746863630
1707797381766
1707848195530
1707898707330
1707949248287
1707999979769
1708050672512
1708101203424
1708151774667
1708202315162
1708252805148
1708303305884
1708353824417
1708404272661
1708454735966
1708505456037
1708555855881
1708606323270
1708656906567
1708707286102
1708757778422
1708808390227
1708858808632
1708909408709
1708959964693
1709010501965
1709061099453
1709111696226
1709162413747
1709212930003
1709263554161
1709314098270
1709364526023
1709415104320
1709465669577
1709516179824
1709566673444
1709616994525
1709667359289
1709717774083
1709768196735
1709818582247
1709868964478
1709919429770
1709969817845
1710020200646
1710070649804
1710121019847
1710171626919
1710222066675
1710272396770
1710322726258
1710373099392
1710423551142
1710473857904
1710524363957
1710574827303
1710625266438
1710675840194
1710726274523
1710776696881
1710827355883
1710877882898
1710928395391
1710978864491
1711029631029
1711080255922
1711130801873
1711181366476
1711231715496
1711282265191
1711333045265
1711383596305
1711434018507
1711484452006
1711534991590
1711585500094
1711636048006
1711686676552
1711737147064
1711787727103
1711838236883
1711888806076
1711939270721
1711989700735
1712040177939
1712090802277
1712141321488
1712191820505
1712242405368
1712292956416
1712343353410
1712393923427
1712444566850
1712494965598
1712545304956
1712595790471
1712646194975
1712696607554
1712746859911
1712797343208
1712847949549
1712898526062
1712948962707
1712999428824
1713049774313
1713100206387
1713150827823
1713201198643
1713251653735
1713302282073
1713352741321
1713403264723
1713453930465
1713504394741
1713554723901
1713605416635
1713656049765
1713706510189
1713756888443
1713807279347
1713857810653
1713908500686
1713959116935
1714009529068
1714060151401
1714110792824
1714161224529
1714211947337
1714262579125
1714313074850
1714363587797
1714414012359
1714464459486
1714514928348
1714565269887
1714615681305
1714666118647
1714716451352
1714767188336
1714817703217
1714868250112
1714918666847
1714969229938
1715019845670
1715070315566
1715120950206
1715171552145
1715222041617
1715272534854
1715323103229
1715373358344
1715423900075
1715474303214
1715524740450
1715575202109
1715625801992
1715676365875
1715726935362
1715777565325
1715828377968
1715879081924
1715929672379
1715980223498
1716030790424
1716081462424
1716131966486
1716182436267
1716232958175
1716283409245
1716333892396
1716384371086
1716434925733
1716485408484
1716536118340
1716586459223
1716636872573
1716687324088
1716737866444
1716788319362
1716838786849
1716889169053
1716939520366
1716989852661
1717040198696
1717090624392
1717140970810
1717191382779
1717241939396
1717292337197
1717342731542
1717393485034
1717443985288
1717494482013
1717544793948
1717595088846
1717645595469
1717696193975
1717746673798
1717797184798
1717847894576
1717898569913
1717949137256
1717999726061
1718050326754
1718100703110
1718151339741
1718201865425
1718252335057
1718303023659
1718353503905
1718403814423
1718454405184
1718505078447
1718555537718
1718606137860
1718656745316
1718707478186
1718757844127
1718808209409
1718858632268
1718909129302
1718959711470
1719010336096
1719060749260
1719111049668
1719161522990
1719211979000
1719262628757
1719313134239
1719363780846
1719414434632
1719465157568
1719515692252
1719566263648
1719616820492
1719667498817
1719718034372
1719768449257
1719819013859
1719869498121
1719920052724
1719970596809
1720021150254
1720071871982
1720122337430
1720172890324
1720223610958
1720274316323
1720324862000
1720375253203
1720425662152
1720476144500
1720526761304
1720577227986
1720627612863
1720678126571
1720728496718
1720778960197
1720829515314
1720880111761
1720930509007
1720981004576
1721031438538
1721081961841
1721132359144
1721182964090
1721233389304
1721283942685
1721334622188
1721385066530
1721435738954
1721486284098
1721536688597
1721587235079
1721637695673
1721688126157
1721738602816
1721789114530
1721839538579
1721890067822
1721940451430
1721990937086
1722041369956
