1695389513433
1695440768113
1695491128780
1695541379702
1695591622204
1695642100031
1695692523693
1695743012538
1695793706485
1695844209361
1695894731609
1695945296606
1695995796994
1696046283219
1696096889618
1696147355494
1696197850238
1696248390132
1696299037075
1696349512086
1701472442603
1701622911652
1701773410369
1701923922464
1702074412557
1702224937744
1702375671719
1702526067348
1702676571034
1702827283121
1702977841216
1703128471380
1703278887676
1703429409415
1703579934495
1703730522746
1703881157625
1704031754952
1704182255339
1704332642477
1704483127182
1704633592734
1704784271720
1704934770168
1705085201233
1705235663658
1705386065882
1705536820295
1705687560859
1705838114489
1705988666447
1706139070641
1706289685213
1706440083728
1706590572438
1706741202615
1706891785149
1707042291263
1707192830777
1707343331680
1707493862436
1707544131406
1707594626662
1707645359802
1707695940912
1707746461511
1707797176132
1707847917917
1707898497678
1707949005880
1707999772359
1708050443972
1708101006177
1708151532605
1708202064740
1708252594589
1708303062023
1708353575184
1708404053132
1708454528303
1708505200785
1708555675540
1708606117330
1708656645396
1708707154472
1708757592766
1708808166869
1708858610781
1708909198892
1708959707567
1709010300734
1709060901208
1709111491693
1709162211354
1709212680225
1709263386158
1709313906167
1709364322661
1709414899975
1709465474029
1709516050393
1709566466326
1709616903057
1709667177105
1709717555459
1709768043962
1709818398881
1709868763825
1709919254001
1709969655468
1710020041731
1710070474339
1710120841761
1710171460859
1710221924529
1710272295875
1710322598624
1710372952443
1710423368903
1710473722921
1710524175064
1710574683826
1710625117760
1710675666274
1710726096744
1710776544460
1710827121059
1710877695115
1710928202250
1710978678148
1711029405211
1711080082597
1711130589177
1711181222785
1711231522403
1711282046075
1711332854896
1711383346434
1711433828515
1711484284286
1711534807553
1711585273646
1711635861793
1711686445673
1711736950961
1711787532553
1711838026624
1711888509958
1711939063109
1711989542820
1712039938974
1712090688459
1712141094411
1712191634090
1712242194970
1712292771665
1712343173622
1712393729425
1712444378199
1712494778812
1712545208007
1712595573891
1712646008703
1712696487587
1712746747072
1712797196088
1712847759537
1712898380747
1712948778789
1712999261406
1713049632404
1713100033852
1713150639159
1713201012486
1713251415959
1713302093703
1713352569573
1713402957384
1713453700967
1713504199680
1713554594571
1713605185043
1713655870382
1713706272863
1713756789339
1713807097001
1713857577058
1713908254347
1713958916885
1714009326857
1714059883905
1714110570984
1714161037724
1714211739433
1714262363380
1714312855640
1714363454060
1714413850571
1714464284421
1714514754342
1714565132302
1714615481770
1714665931089
1714716314953
1714767004291
1714817517084
1714868049416
1714918450259
1714969069566
1715019654914
1715070076876
1715120775519
1715171331933
1715221846312
1715272360212
1715322945526
1715373262621
1715423716651
1715474184729
1715524557536
1715575090195
1715625627702
1715676141317
1715726722491
1715777372376
1715827837267
1715878821366
1715929440255
1715980055469
1716030551571
1716081244726
1716131794590
1716182235868
1716232784757
1716283194672
1716333727348
1716384198821
1716434686213
1716485215813
1716535903278
1716586379594
1716636706750
1716687139749
1716737681442
1716788153887
1716838612610
1716888976826
1716939390371
1716989749224
1717040086982
1717090485634
1717140871818
1717191200707
1717241754473
1717292183850
1717342536313
1717393305917
1717443826057
1717494302370
1717544689836
1717594988676
1717645390530
1717695949524
1717746471802
1717796978569
1717847672982
1717898374945
1717948933910
1717999492076
1718050156113
1718100548312
1718151125835
1718201632236
1718252138369
1718302822048
1718353341180
1718403667372
1718454189966
1718504862672
1718555363665
1718605950899
1718656527846
1718707118890
1718757733222
1718808060308
1718858408370
1718908914135
1718959494242
1719010164553
1719060593796
1719110895700
1719161341059
1719211762790
1719262392418
1719312936351
1719363592617
1719414239637
1719464936602
1719515522089
1719566033442
1719616583414
1719667261973
1719717839745
1719768232561
1719818841079
1719869344120
1719919804960
1719970360990
1720020952467
1720071671357
1720122142280
1720172687083
1720223350707
1720274062167
1720324571952
1720375123504
1720425518423
1720475892188
1720526581342
1720577043003
1720627447080
1720677952145
1720728321408
1720778806718
1720829353372
1720879988690
1720930371299
1720980827175
1721031262081
1721081722911
1721132221592
1721182733627
1721233208958
1721283762274
1721334412228
1721384842821
1721435544381
1721486077263
1721536494334
1721587055469
1721637521622
1721687897103
1721738440616
1721788920007
1721839329274
1721889881936
1721940280016
1721990713119
1722041212978
