99156610485149
99156660722403
99156710902669
99156761076465
99156811310723
99156861488836
99156911636286
99156961784447
99157011949859
99157062107308
99157112254179
99157162426423
99157212577791
99157262726485
99157313075424
99157363320194
99157413497176
99157463701115
99157513894986
99157564099847
99157614284522
99157664501133
99157714804093
99157765399497
99157815585335
99157865812994
99157916023685
99157967717289
99158018005548
99158068191221
99158118360485
99158168541009
99158218732942
99158268918034
99158319127848
99158369362265
99158419612870
99158469924290
99158520152736
99158570402679
99158620603939
99158670779223
99158721023207
99158771359079
99158821596050
99158871788604
99158922087181
99158972263817
99159022450981
99159072687570
99159122892685
99159173058101
99159223376802
99159273690284
99159323914812
99159374119306
99159424377502
99159474630690
99159524840583
99159575133579
99159625459162
99159675659248
99159726022616
99159776220629
99159826440269
99159876595958
99159926767963
99159977048681
99160027263345
99160077445362
99160127756853
99160178050894
99160228247196
99160278465566
99160328757383
99160379067291
99160429281033
99160479536708
99160529748777
99160579983605
99160630191317
99160680421327
99160730635780
99160780825150
99160831008159
99160881182233
99160931351372
99160981528537
99161031863566
99161082139573
99161132347501
99161182547466
99161232721686
99161282887502
99161333056423
99161383311012
99161433540017
99161483730155
99161533918370
99161584198183
99161634443506
99161684629727
99161734878867
99161785210409
99161835441418
99161885642715
99161935899108
99161986073380
99162036255184
99162086423866
99162136619584
99162186799776
99162237009529
99162287316481
99162337539757
99162387724136
99162437914315
99162488128475
99162538293351
99162588477589
99162638764185
99162689103583
99162739422255
99162789699364
99162839892749
99162890077058
99162940250543
99162990547564
99163040775043
99163091014324
99163141248144
99163191448527
99163241613969
99163291776807
99163342065433
99163392270173
99163442462322
99163492765573
99163543128047
99163593430487
99163643731204
99163694024338
99163744222567
99163794435651
99163844766070
99163895087342
99163945389392
99163995674814
99164045974670
99164096342145
99164146541747
99164196741270
99164246919135
99164297137781
99164347404120
99164397722469
99164447967951
99164498186968
99164548381040
99164598664649
99164648844317
99164699111155
99164749432599
99164799750057
99164849959957
99164900203126
99164950441100
99165000651709
99165050873206
99165101174052
99165151399597
99165201573201
99165251736428
99165301891701
99165352181858
99165402372161
99165452693873
99165502966700
99165553083346
99165603278167
99165653523656
99165703732712
99165753920031
99165804203165
99165854400171
99165904608175
99165954788589
99166005036485
99166055226070
99166105395600
99166155586087
99166205796338
99166256015945
99166306223571
99166356502562
99166406698358
99166456937489
99166507176850
99166557384577
99166607571617
99166657735959
99166707980018
99166758374580
99166808664279
99166858900725
99166909139135
99166959343966
99167009545651
99167059893220
99167110110371
99167160364136
99167210545266
99167260729140
99167310891826
99167361131277
99167411466184
99167461802252
99167512102358
99167562484026
99167612767073
99167663170028
99167713383313
99167763670126
99167813914324
99167864152483
99167914436711
99167964666738
99168014838837
99168065019439
99168115310024
99168165540655
99168215783847
99168266091602
99168316402933
99168366607167
99168416826568
99168467094874
99168517382673
99168567612993
99168617940893
99168668228633
99168718408054
99168768582106
99168818877779
99168869200249
99168919375616
99168969680868
99169019869136
99169070053939
99169120222452
99169170487514
99169220697330
99169270995349
99169321177848
99169371373649
99169421554254
99169471749735
99169522007895
99169572251319
99169622430001
99169672597593
99169722758664
99169772929542
99169823104958
99169873317468
99169923498681
99169973720925
99170023901750
99170074142478
99170124349187
99170174651170
99170224971445
99170275180578
99170325432725
99170375626703
99170425931611
99170476167641
99170526354686
99170576624865
99170626915699
99170677127487
99170727335979
99170777588056
99170827806846
99170877966775
99170928095901
99170978262927
99171028466441
99171078697967
99171129011950
99171179267022
99171229434760
99171279624933
99171329806181
99171380023426
99171430200147
99171480422029
99171530614435
99171580788122
99171630973918
99171681214518
99171731425342
99171781621504
99171831880582
99171882150628
99171932330526
99171982494087
99172032744963
99172082925170
99172133103705
99172183327128
99172233497490
99172283665648
99172333856642
99172384122441
99172434355880
99172484631545
99172534883252
99172585093656
99172635307405
99172685507102
99172735798231
99172786067215
99172836285701
99172886453879
99172936644035
99172986839226
99173037118127
99173087408235
99173137665272
99173187888746
99173238094593
99173288268030
99173338398250
99173388594362
99173438844598
99173489036043
99173539207707
99173589378460
99173639643519
99173689833632
99173740012797
99173790272168
99173840530166
99173890723443
99173940903314
99173991151649
99174041353712
99174091524646
99174141690342
99174191847425
99174241995554
99174292167490
99174342436887
99174392618659
99174442777434
99174492949329
99174543135447
99174593307113
99174643474011
99174693712841
99174743888142
99174794064064
99174844239586
99174894494000
99174944747244
99174995061615
99175045271352
99175095449721
99175145606766
99175195780427
99175245984135
99175296199582
99175346486971
99175396655964
99175446827613
99175497010268
99175547179842
99175597510659
99175647825221
99175698033747
99175748204293
99175798380949
99175848525534
99175898679344
99175948900587
99175999148589
99176049319490
99176099477350
99176149697809
99176199877273
99176250040131
99176300208518
99176350375442
99176400540434
99176450700107
99176500946426
99176551199185
99176601392141
99176651561719
99176701737238
99176751898974
99176802153055
99176852476165
99176902695302
99176952867948
99177003025303
99177053274853
99177103489679
99177153645552
99177203854038
99177254039317
99177304199777
99177354438501
99177404691476
99177454886080
99177505068875
99177555240383
99177605431191
99177655629070
99177705816512
99177756039331
99177806248508
99177856441990
99177906662935
99177956961365
99178007156768
99178057372583
99178107552171
99178157739151
99178207926531
99178258160545
99178308446201
99178358643136
99178408844499
99178459122663
99178509370578
99178559573924
99178609925304
99178660276112
99178710588811
99178760795792
99178810986087
99178861319198
99178911724292
99178962074035
99179012361654
99179062550237
99179112842513
99179163143584
99179213342142
99179263503371
99179313739629
99179363928812
99179414121211
99179464315542
99179514655815
99179564899094
99179615097853
99179665390209
99179715579343
99179765776499
99179815977531
99179866304493
99179916598262
99179966784661
99180016998186
99180067203838
99180117451016
99180167629655
99180217850131
99180268167350
99180318357598
99180368551622
99180418768562
99180469012244
99180519214160
99180569544130
99180619972306
99180670288003
99180720682976
99180770958319
99180821209464
99180871479819
99180921767663
99180972037703
99181022312661
99181072568679
99181122816033
99181173065911
99181223252628
99181273493041
99181323727244
99181373920061
99181424205946
99181474385983
99181524573881
99181574766999
99181625089593
99181675298125
99181725481827
99181775671900
99181825881173
99181876074752
99181926257403
99181976552412
99182026845397
99182077111680
99182127311366
99182177569476
99182227745244
99182277932821
99182328201258
99182378432765
99182428622756
99182478810763
99182529042841
99182579252644
