99156607033526
99156657233256
99156707424611
99156757721809
99156807981532
99156858185549
99156908456621
99156958701392
99157008924975
99157059160318
99157109409915
99157159602475
99157209862200
99157260151406
99157310441363
99157360661961
99157410997226
99157461301507
99157511567243
99157561837156
99168348071988
99168348228290
99168348243947
99168348250318
99168348256459
99168348262048
99168348269491
99168348274831
99168390235764
99168440382899
99168490680686
99168540892564
99168591099643
99168641306873
99168691583814
99168741735617
99168791916951
99168842182763
99168892473217
99168942638490
99168992796626
99169043067448
99169093227166
99169143379763
99169193556952
99169243717562
99169293809843
99169343945259
99169394226118
99169444379035
99169494500988
99169544643246
99169594923084
99169645062297
99169695206708
99169745360146
99169795608759
99169845726895
99169895867661
99169946155400
99169996404110
99170046555864
99170096694517
99170146958224
99170197163240
99170247320023
99170297456332
99170347615159
99170397830613
99170447972792
99170498245074
99170548437769
99170598579556
99170648716476
99170698929145
99170749171125
99170799295683
99170849502363
99170899611103
99170949760065
99170999952551
99171050254025
99171100450808
99171150651867
99171200829029
99171251012912
99171301153748
99171351304720
99171401546592
99171451735143
99171501965908
99171552126695
99171602426286
99171652556256
99171702696942
99171752844358
99171803089686
99171853239436
99171903396637
99171953571615
99172003696205
99172053870042
99172104012991
99172154275176
99172204395930
99172254534633
99172304765668
99172354911532
99172405072830
99172455245715
99172505522882
99172555670008
99172605822532
99172655960273
99172706162925
99172756304792
99172806491499
99172856639376
99172906897543
99172957006351
99173007194491
99173057407239
99173107550639
99173157668890
99173207844160
99173257953647
99173308097729
99173358253919
99173408535023
99173458693606
99173508851549
99173559024875
99173609310707
99173659439274
99173709583235
99173759825569
99173809871137
99173860017141
99173910110083
99173960301951
99174010460065
99174060597167
99174110733427
99174160994482
99174211101597
99174261242154
99174311393267
99174361578734
99174411729657
99174461889153
99174512107481
99174562244282
99174612405201
99174662552669
99174712763035
99174763015226
99174813104963
99174863253713
99174913427552
99174963569344
99175013706979
99175063895092
99175114049343
99175164184694
99175214323761
99175264553931
99175314686247
99175364831884
99175415015711
99175465201321
99175515348070
99175565496912
99175615734713
99175665928646
99175716085681
99175766247033
99175816433013
99175866559741
99175916707181
99175966864919
99176016990609
99176067092842
99176117252155
99176167433572
99176217629962
99176267763955
99176317907132
99176368156176
99176418269967
99176468406454
99176518571155
99176568702333
99176618858441
99176669027018
99176719156594
99176769328206
99176819469450
99176869618306
99176919837867
99176970068007
99177020190177
99177070393134
99177120523757
99177170655001
99177220781358
99177271031910
99177321149783
99177371442441
99177421600217
99177471770232
99177521955211
99177572104273
99177622540237
99177672689279
99177722841316
99177773095393
99177823325433
99177873459191
99177923615993
99177973873674
99178023976761
99178074108224
99178124271786
99178174424602
99178224561733
99178274703771
99178324887065
99178375026049
99178425178444
99178475342267
99178525607170
99178575736138
99178625880190
99178676039196
99178726186362
99178776338617
99178826496231
99178876686255
99178926976516
99178977131365
99179027262336
99179077472322
99179127591985
99179177712269
99179227879798
99179278057884
99179328180071
99179378342983
99179428508639
99179478730734
99179528859041
99179579016724
99179629273315
99179679425589
99179729579697
99179779748098
99179829971265
99179880118161
99179930257877
99179980443618
99180030579238
99180080730254
99180130904005
99180181113734
99180231254893
99180281431319
99180331567190
99180381850366
99180432049207
99180482235568
99180532441851
99180582608521
99180632766327
99180682921409
99180733109733
99180783267980
99180833392874
99180883521283
99180933729344
99180983918506
99181034069416
99181084211833
99181134382104
99181184529278
99181234670423
99181284828164
99181334936796
99181385096441
99181435225085
99181485465588
99181535598018
99181585754718
99181635885085
99181686035375
99181736209462
99181786401057
99181836618303
99181886765747
99181936904976
99181987063867
99182037402706
99182087601711
99182137723713
99182187891689
99182238050069
99182288188958
99182338320876
99182388542858
99182438667224
99182488801346
99182538967579
99182589358541
