99156606918679
99156657147759
99156707339785
99156757598016
99156807897487
99156858117201
99156908323973
99156958616115
99157008845057
99157059031826
99157109341087
99157159521365
99157209751880
99157260031099
99157310296694
99157360572036
99157410828626
99157461188102
99157511452475
99157561734689
99161777366297
99161927703754
99162077951061
99162228232327
99162378544155
99162528868986
99162679099795
99162829368989
99162979609830
99163129863055
99163280095343
99163430344411
99163580664682
99163730983501
99163881266247
99164031513043
99164181790824
99164332051896
99164482376318
99164632695851
99164782974081
99164933277278
99165083538281
99165233825588
99165384224901
99165534477388
99165684761651
99165835058586
99165985382984
99166135644034
99166285944472
99166436266798
99166586605213
99166736911181
99166887154781
99167037465248
99167187820117
99167338021299
99167488315041
99167638604467
99167788938380
99167939264303
99168089619267
99168239910461
99168390154112
99168440295557
99168490466183
99168540753882
99168590977490
99168641180192
99168691415080
99168741650719
99168791799938
99168842021051
99168892265956
99168942539277
99168992702582
99169042863923
99169093130738
99169143292531
99169193440669
99169243596741
99169293740993
99169343868636
99169394032872
99169444273782
99169494404710
99169544563427
99169594720170
99169644976116
99169695122522
99169745268236
99169795433314
99169845655261
99169895785618
99169945951144
99169996237934
99170046466581
99170096616412
99170146779276
99170197047271
99170247236881
99170297381063
99170347520536
99170397713011
99170447897412
99170498068510
99170548302266
99170598483892
99170648638492
99170698793873
99170749021007
99170799201020
99170849355430
99170899536144
99170949677047
99170999822741
99171050047537
99171100339276
99171150545583
99171200708604
99171250926889
99171301073865
99171351220200
99171401391263
99171451639325
99171501832672
99171552030927
99171602215611
99171652478836
99171702611941
99171752754560
99171802903148
99171853157519
99171903295501
99171953458169
99172003628020
99172053755255
99172103927579
99172154080694
99172204324991
99172254452305
99172304607494
99172354820231
99172404971823
99172455131999
99172505311165
99172555573408
99172605730479
99172655882813
99172706030970
99172756219941
99172806365484
99172856529906
99172906720189
99172956916502
99173007111332
99173057270587
99173107453979
99173157593914
99173207728340
99173257868455
99173308018395
99173358159151
99173408337175
99173458598178
99173508758855
99173558908004
99173609106310
99173659352560
99173709497382
99173759639049
99173809782059
99173859930156
99173910025702
99173960181994
99174010346318
99174060521519
99174110654033
99174160813900
99174211019919
99174261165304
99174311309166
99174361456523
99174411642280
99174461793584
99174511974043
99174562155504
99174612312707
99174662466665
99174712637348
99174762855006
99174813018228
99174863165756
99174913315026
99174963490450
99175013632322
99175063784229
99175113960754
99175164106602
99175214245819
99175264399148
99175314616067
99175364744136
99175414892709
99175465080441
99175515264529
99175565410777
99175615581754
99175665772682
99175715985284
99175766150352
99175816314668
99175866490082
99175916623290
99175966767726
99176016918796
99176067016422
99176117158387
99176167333785
99176217504085
99176267684530
99176317825494
99176367986820
99176418196912
99176468327450
99176518468353
99176568623429
99176618766046
99176668912668
99176719031537
99176769229170
99176819380009
99176869521053
99176919661089
99176969935919
99177020125365
99177070255598
99177120443360
99177170577129
99177220711047
99177270857565
99177321028482
99177371331927
99177421512439
99177471670885
99177521838056
99177572019389
99177622242829
99177672579987
99177722744213
99177772915109
99177823156327
99177873378474
99177923524459
99177973691036
99178023903696
99178074018982
99178124169765
99178174331995
99178224480014
99178274622563
99178324771603
99178374930027
99178425078236
99178475240687
99178525431663
99178575643682
99178625794915
99178675939939
99178726102189
99178776247353
99178826406288
99178876549128
99178926704475
99178977023424
99179027189621
99179077337649
99179127510115
99179177632463
99179227776244
99179277927948
99179328110881
99179378247171
99179428408861
99179478578453
99179528792866
99179578925249
99179629107812
99179679330619
99179729484757
99179779662181
99179829809618
99179880032325
99179930180234
99179980322946
99180030496847
99180080644838
99180130801141
99180180964386
99180231166893
99180281343639
99180331485731
99180381639781
99180431929006
99180482140076
99180532315851
99180582514742
99180632679159
99180682829603
99180732996433
99180783161531
99180833323714
99180883447216
99180933594810
99180983789490
99181033974424
99181084129782
99181134300814
99181184443812
99181234594311
99181284727553
99181334878544
99181384995540
99181435150546
99181485304982
99181535512832
99181585649640
99181635809925
99181685942456
99181736124546
99181786280755
99181836482356
99181886678688
99181936828584
99181986968745
99182037131292
99182087464712
99182137652008
99182187783386
99182237954156
99182288113858
99182338249041
99182388394501
99182438586445
99182488709439
99182538863132
99182589102311
