99156606257280
99156656510402
99156706762000
99156757039073
99156807309084
99156857556736
99156907768046
99156958117164
99157008356174
99157058588031
99157108810132
99157159025450
99157209242331
99157259591681
99157309987230
99157360372322
99157410628801
99157461061433
99157511375282
99157561753091
99161777352463
99161927703714
99162077976635
99162228278286
99162378608427
99162528926877
99162679106516
99162829382252
99162979672248
99163129961756
99163280301511
99163430563861
99163580859530
99163731089384
99163881345885
99164031612666
99164181875621
99164332117510
99164482449015
99164632833150
99164783113043
99164933392909
99165083668597
99165233943674
99165384256546
99165534558069
99165584773245
99165635052193
99165685417531
99165735639249
99165785902649
99165836337758
99165886637061
99165936888015
99165987225958
99166037430339
99166087617169
99166137905285
99166188303353
99166238562168
99166288849934
99166339114469
99166389349253
99166439613538
99166490039964
99166540543455
99166590870138
99166641147656
99166691529786
99166741775959
99166792027803
99166842286528
99166892584712
99166942784935
99166993183623
99167043577983
99167094026157
99167144386327
99167194696120
99167245011944
99167295215451
99167345497205
99167395737468
99167446079386
99167496410206
99167546861054
99167597118296
99167647404928
99167697765921
99167748216168
99167798515512
99167848769929
99167899008979
99167949236504
99167999497087
99168049840063
99168100140455
99168150381453
99168200640302
99168250859583
99168301099480
99168351411702
99168401802331
99168452029014
99168502257230
99168552483784
99168602760384
99168653172641
99168703520335
99168753900566
99168804318903
99168854686191
99168905081017
99168955320332
99169005561532
99169055798125
99169106151892
99169156369671
99169206633842
99169257017630
99169307241691
99169357462035
99169407720756
99169458053035
99169508398207
99169558628468
99169608983016
99169659362057
99169709683036
99169760039698
99169810338959
99169860576103
99169910820549
99169961138395
99170011412400
99170061691303
99170112023599
99170162257635
99170212488445
99170262725757
99170312987121
99170363235351
99170413494310
99170463870611
99170514263561
99170564515578
99170614933109
99170665273118
99170715492950
99170765728669
99170815978332
99170866221985
99170916449480
99170966708586
99171016997892
99171067234435
99171117472972
99171167681072
99171217893660
99171268152888
99171318484940
99171368684697
99171418904946
99171469163104
99171519404886
99171569617653
99171619882621
99171670384103
99171720668040
99171770847205
99171821171765
99171871586514
99171921857690
99171972162490
99172022476144
99172072709423
99172122962783
99172173385265
99172223702974
99172274018501
99172324246922
99172374498329
99172424773443
99172475040154
99172525495828
99172575814859
99172626033295
99172676392179
99172726634372
99172776897908
99172827211781
99172877531915
99172927865573
99172978232500
99173028607270
99173078981448
99173129330228
99173179681561
99173229934251
99173280165157
99173330404586
99173380632889
99173430936718
99173481204171
99173531590689
99173581892876
99173632155632
99173682381530
99173732629623
99173782989920
99173833364519
99173883722373
99173933908764
99173984122856
99174034442512
99174084636893
99174134950770
99174185282315
99174235522377
99174285731681
99174336008391
99174386498242
99174436711622
99174487036196
99174537246712
99174587475677
99174637704462
99174687977946
99174738430519
99174788721100
99174839116535
99174889495674
99174939741989
99174990013945
99175040239867
99175090490058
99175140764247
99175191028650
99175241362532
99175291580201
99175341802018
99175392037285
99175442333609
99175492554343
99175542823584
99175593253336
99175643504498
99175693747728
99175744093969
99175794337319
99175844604156
99175894813934
99175945231936
99175995524888
99176045868480
99176096308003
99176146681622
99176196926789
99176247164865
99176297494996
99176347775129
99176398054660
99176448471898
99176498758941
99176549034396
99176599405130
99176649829569
99176700133629
99176750429887
99176800687684
99176850947825
99176901276724
99176951700949
99177001928796
99177052171815
99177102585705
99177152827594
99177203025663
99177253260811
99177303547229
99177353747392
99177404098883
99177454479630
99177504777346
99177555017232
99177605310290
99177655619886
99177705873422
99177756209659
99177806497490
99177856820346
99177907145846
99177957445220
99178007713367
99178058066970
99178108461528
99178158691566
99178208914452
99178259139773
99178309352994
99178359552624
99178409791936
99178460089621
99178510274437
99178560517175
99178611301088
99178661517294
99178711757498
99178762016121
99178812271438
99178862497520
99178912793893
99178963156601
99179013435016
99179063676612
99179113977513
99179164409030
99179214835289
99179265106673
99179315345365
99179365565757
99179415859326
99179466253945
99179516625418
99179566838248
99179617102020
99179667459009
99179717670798
99179767895879
99179818235470
99179868504721
99179918725722
99179968951596
99180019184933
99180069535926
99180119767669
99180170022570
99180220238538
99180270455699
99180320711941
99180371011302
99180421230305
99180471483193
99180521715397
99180571938888
99180622191584
99180672436569
99180722821436
99180773081295
99180823320750
99180873543229
99180923759889
99180973959818
99181024202164
99181074516695
99181124759071
99181175070317
99181225269203
99181275484046
99181325661338
99181375857610
99181426212245
99181476428159
99181526633505
99181576841707
99181627072504
99181677246171
99181727479783
99181777826916
99181828016177
99181878220773
99181928430427
99181978647221
99182028873950
99182079115133
99182129476267
99182179674031
99182229857902
99182280036905
99182330283747
99182380552303
99182430773805
99182481184809
99182531367728
99182581594448
