99156606384148
99156656623717
99156706871529
99156757162927
99156807426816
99156857633819
99156907950460
99156958232213
99157008456176
99157058681402
99157108888106
99157159115485
99157209362779
99157259748411
99157310179151
99157360473406
99157410827454
99157461185187
99157511534226
99157561873198
99165534646242
99165584889207
99165635280079
99165685511394
99165735755952
99165786137387
99165836467143
99165886732607
99165937023701
99165987314101
99166037503125
99166087735124
99166138148077
99166188438377
99166238693036
99166288962990
99166339228056
99166389456940
99166439779807
99166490333094
99166540677959
99166590981783
99166641355127
99166691632254
99166741879249
99166792152249
99166842398563
99166892666754
99166942972051
99166993369706
99167043782438
99167094178822
99167144523325
99167194878167
99167245090039
99167295340048
99167345604031
99167395891275
99167446248481
99167496680196
99167546967249
99167597251678
99167647594268
99167698041490
99167748368122
99167798627397
99167848883386
99167899108021
99167949346135
99167999645255
99168050007895
99168100240689
99168150499669
99168200730069
99168250953907
99168301214910
99168351638086
99168401925155
99168452125552
99168502349240
99168552595188
99168602905647
99168653291968
99168703694037
99168754070472
99168804458596
99168854866505
99168905192171
99168955426116
99169005658161
99169055983929
99169106232542
99169156473843
99169206854426
99169257123114
99169307327891
99169357553254
99169407878060
99169458266006
99169508492401
99169558824089
99169609175201
99169659488367
99169709883375
99169760204154
99169810439164
99169860662042
99169910943934
99169961264515
99170011541392
99170061886960
99170112125594
99170162355373
99170212590501
99170262845142
99170313096959
99170363331406
99170413689666
99170464081394
99170514371436
99170564728885
99170615115553
99170665358605
99170715569010
99170765849647
99170816090715
99170866310637
99170916583530
99170966841531
99171017101872
99171067335852
99171117549110
99171167767576
99171217994625
99171268330703
99171318560085
99171368780194
99171419013323
99171469274415
99171519496236
99171569726501
99171620164886
99171670527795
99171720753532
99171770973150
99171821420729
99171871681571
99171921979259
99171972291991
99172022580245
99172072812332
99172123204096
99172173488164
99172223848970
99172274116883
99172324368440
99172374621470
99172424909233
99172475278673
99172525630907
99172575930378
99172626249670
99172676490822
99172726733305
99172777042632
99172827386281
99172877619461
99172927990477
99172978433723
99173028777043
99173079132143
99173129492500
99173179813686
99173230034637
99173280263360
99173330496930
99173380789973
99173431065448
99173481373023
99173531727261
99173582020885
99173632241605
99173682496258
99173732771233
99173783235151
99173833581727
99173883822538
99173934021711
99173984327756
99174034524730
99174084772084
99174135116769
99174185437087
99174235607510
99174285839249
99174336275107
99174386595424
99174436923252
99174487152828
99174537355833
99174587581041
99174637806851
99174688238502
99174738559501
99174788882823
99174839292319
99174889597493
99174939872644
99174990102994
99175040350040
99175090629987
99175140855650
99175191204385
99175241454325
99175291674339
99175341891408
99175392196545
99175442431131
99175492658526
99175543034454
99175593370449
99175643605686
99175693901018
99175744198623
99175794461123
99175844672093
99175895019616
99175945327255
99175995608650
99176046095316
99176096510641
99176146794589
99176197024523
99176247340421
99176297604168
99176347895277
99176398286414
99176448627162
99176498876195
99176549248542
99176599617264
99176649962899
99176700271286
99176750541532
99176800808464
99176851110871
99176901502168
99176951802078
99177002031998
99177052396940
99177102684160
99177152929324
99177203114012
99177253402374
99177303621015
99177353893412
99177404327012
99177454629867
99177504883343
99177555129849
99177605456561
99177655727445
99177706013923
99177756300603
99177806628586
99177856973918
99177907276692
99177957525577
99178007823471
99178058273887
99178108550579
99178158790122
99178209014090
99178259212318
99178309419709
99178359645340
99178409927791
99178460165300
99178510379533
99178561126728
99178611391641
99178661618344
99178711871498
99178762120315
99178812370044
99178862586891
99178912931440
99178963297474
99179013518538
99179063795230
99179114160713
99179164591149
99179214950912
99179265194863
99179315442469
99179365664324
99179415960897
99179466446611
99179516717223
99179566937405
99179617289437
99179667543353
99179717756704
99179768039086
99179818352366
99179868601123
99179918814974
99179969056904
99180019374053
99180069632670
99180119858724
99180170138013
99180220325757
99180270559614
99180320845153
99180371103489
99180421353531
99180471583933
99180521809757
99180572055453
99180622291423
99180672641866
99180722921706
99180773182165
99180823413007
99180873632831
99180923836962
99180974052025
99181024351382
99181074628683
99181124877850
99181175140008
99181225358466
99181275549841
99181325734154
99181376017054
99181426289509
99181476509910
99181526713653
99181576933864
99181627146743
99181677331717
99181727652639
99181777919554
99181828092659
99181878295933
99181928517036
99181978739849
99182028953678
99182079282671
99182129549795
99182179745275
99182229936167
99182280142764
99182330390257
99182380630719
99182430981537
99182481251325
99182531458173
99182581683370
