40392899013
40443438920
40493996701
40544517067
40594956793
40645557624
40696112426
40746591532
40797195252
40847812702
40898192854
40948764359
40999393373
41049762935
41100368001
41150938545
41201501201
41251999134
41302486573
41352898844
41403221948
41453619324
41503868280
41554181261
41604444701
41654850051
41712098627
41763071595
41813366349
41863686481
41913901835
41964216774
42014485630
42064727227
42114960753
42165303758
42215689768
42265997295
42316240350
42366508487
42416736551
42467031384
42517296158
42567599959
42617910316
42668159813
42718374559
42768627863
42818867557
42869082314
42919348287
42969969202
43020275834
43070611680
43120938890
43171396327
43221919186
43272304854
43322849289
43373314040
43423819834
43474407616
43524998117
43575548574
43626016866
43676526385
43727023171
43777403498
43827801023
43878196558
43928711364
43979152693
44029514740
44079923577
44130373890
44180972412
44231403675
44281918262
44332475461
44382803200
44433320070
44483662335
44534123218
44584576478
44635067394
44685539569
44736251729
44786725034
44837121615
44887525391
44938044044
44988565237
45039219866
45089628996
45140180554
45190654792
45241122334
45291598803
45342103165
45392461557
45442912880
45493416809
45543967904
45594468493
45644935130
45695421452
45745764168
45796347136
45846998098
45897566700
45948136187
45998674453
46049151409
46099672584
46150083490
46200637694
46251179528
46301675019
46352073184
46402691378
46453346334
46503809301
46554292179
46604903839
46655381122
46705792171
46756270430
46806609621
46857107450
46907680764
46958120757
47008594574
47059116089
47109511019
47159952785
47210443847
47260860386
47311437748
47361939312
47412496593
47463062087
47513524226
47564033815
47614685450
47665132689
47715556071
47766042702
47816402626
47867045358
47917471265
47967951458
48018583769
48069046898
48119514110
48170050553
48220452104
48270824251
48321137421
48371643067
48422074665
48472720543
48523276061
48573802407
48624355128
48674730922
48725268637
48775907122
48826712599
48877092498
48927579446
48978096807
49028626644
49079069910
49129686872
49180268921
49230671333
49281071960
49331523790
49382213799
49432540007
49482956992
49533176306
49583392695
49633802572
49684358858
49734783908
49785266346
49835670474
49886147811
49936603214
49987061035
50037552207
50088208240
50138588479
50189054817
50239447840
50289879496
50340204373
50390600848
50440923370
50491295982
50541590173
50592210953
50642657596
50693292257
50743725470
50794075788
50844477614
50894923716
50945254923
50995730383
51046302236
51096584848
51146918439
51197384383
51247821285
51298206138
51348704082
51399099807
51449555061
51500072472
51550353541
51600698515
51651125940
51701576595
51752051117
51802291561
51852597650
51903031121
51953540309
52004125993
52054520555
52104909404
52155179972
52205663370
52256235172
52306547212
52356883388
52407422913
52457728303
52508037251
52558415034
52609005687
52659457823
52709840212
52760369928
52810696482
52861036976
52911392751
52961838006
53012251700
53062670390
53113124863
53163547485
53214000020
53264248457
53314566130
53365034863
53415541682
53465957518
53516430305
53566734613
53617278850
53667775834
53718321823
53768613641
53819030576
53869325200
53919750191
53970085920
54020412185
54070753141
54121204741
54171631281
54222053739
54272387813
54322669205
54373068196
54423558703
54473869670
54524203415
54574534196
54624795256
54675251794
54725664291
54776110931
54826556533
54876858878
54927204222
54977758277
55028235099
55078707370
55129124523
55179441382
55230005271
55280237342
55330522799
55380877711
55431205142
55481804986
55532236954
55582607153
55632979853
55683409747
55733700875
55784046580
55834258221
55884716467
55935111853
55985438778
56035851099
56086281018
56136643387
56186940831
56237324053
56287737179
56338170183
56388676716
56438974592
56489396473
56539851183
56590404572
56640911841
56691209102
56741445125
56791654179
56842184835
56892647014
56943044087
56993599458
57044080407
57094576510
57144873832
57195189026
57245798419
57296139484
57346467499
57396881005
57447142383
57497463962
57547782425
57598112232
57648573214
57699030566
57749329641
57799588768
57849914670
57900223002
57950816858
58001120500
58051409989
58101866158
58152209871
58202612034
58253229983
58303613073
58354041384
58404455562
58454890180
58505421593
58555746349
58606154323
58656468840
58706798814
58757247897
58807702681
58857936110
58908416487
58958870610
59009270126
59059505307
59109903630
59160199840
59210481157
59260786486
59311097330
59361645517
59412065641
59462378745
59512619216
59562948996
59613308476
59663724511
59714430155
59764963864
59815407309
59866072636
59916538931
59966880556
60017409933
60067870948
60118381383
60168759229
60219221403
60269635494
60320176398
60370508736
60420877871
60471282423
60521905236
60572227402
60622814828
60673194006
60723722834
60774141656
60824479107
60874833732
60925321016
60975761638
61026286692
61076921225
61127203083
61177525402
61227849840
61278227372
61328620876
61379082019
61429789592
61480172089
61530745253
61581198972
61631534490
61681937720
61732534900
61783029438
61833427582
61883960083
61934434707
61984795512
62035227824
62085662535
62136121034
62186692609
62237042927
62287542658
62338066229
62388554287
62438786349
62489257856
62539795633
62590296835
62640657417
62691067530
62741531494
62791799068
62842155381
62892765924
62943308092
62993832105
63044202372
63094593441
63145102905
63195423042
63245898396
63296314904
63346710462
63397106273
63447670297
63498125291
63548751665
63599150643
63649731728
63700518425
63751097308
63801468193
63851862902
63902203305
63952759291
64003210966
64053635704
64104199547
64154651801
64205084992
64255560010
64306185757
64356601016
64407158669
64457716203
64508198492
64558485350
64609026176
64659623968
64710054081
64760475249
64810931306
64861181426
64911538661
64961959249
65012296528
65062730340
65113146215
65163533495
65213841011
65264186374
65314528224
65364897450
65415243413
65465612091
65516132247
65566573455
65617038612
65667544313
65718002269
65768461344
65818834387
65869238645
65919692939
65970052023
66020597918
66071066717
66121418843
66171788003
66222234678
66272547851
66322917849
66373229090
66423591006
66473972251
66524434489
66574990409
66625438195
66676070195
66726464110
66776835573
66827103602
66877487428
66927916790
66978380294
67028654088
67078944727
67129849611
