40393145636
40443460994
40493940446
40544503138
40594917001
40645514974
40695967476
40746573090
40797120375
40847624210
40898008063
40948567214
40999152551
41049664318
41100122967
41150646188
41201225900
41251843889
41302268084
41352721437
46269187883
46419902669
46570428178
46721003657
46871511667
47022087715
47172620989
47323203709
47473677028
47624285824
47774908764
47925431976
48076160889
48226498423
48377068437
48527586608
48678172568
48828633414
48979121934
49129470133
49280135848
49430725188
49581154728
49731722369
49882200294
50032710835
50183240218
50333825220
50484574010
50635291644
50785905463
50936497247
51086920505
51237583564
51388088108
51538557880
51689274514
51839608816
51990181131
52140781836
52291267693
52441856108
52592419680
52743076909
52893588515
53044114856
53094491174
53144858899
53195300607
53245609469
53295900222
53346300747
53396653770
53447048144
53497348044
53547668357
53598057457
53648349479
53698784917
53749193338
53799629284
53849942498
53900282757
53950759163
54001065887
54051528918
54101820680
54152123538
54202484235
54252830424
54303150297
54353630976
54403861708
54454106342
54504462913
54554805288
54605075804
54655561203
54706019970
54756259766
54806503987
54856941604
54907226016
54957478044
55007800365
55058154643
55108556258
55158934400
55209320566
55259605759
55309839351
55360177124
55410538433
55460842338
55511330009
55561688698
55611955135
55662420857
55713026163
55763326490
55813776323
55864041009
55914389342
55964671558
56014937982
56065278827
56115551531
56165958577
56216405879
56266756876
56317182660
56367463274
56417787485
56468084701
56518541641
56569008705
56619476951
56669909819
56720325550
56770552148
56820988258
56871433366
56921817814
56972175233
57022565199
57072950195
57123509804
57173761340
57224065021
57274373429
57324693477
57375153486
57425466350
57475693455
57525995182
57576313953
57626689329
57677206583
57727530383
57777929765
57828198037
57878517772
57928974704
57979351285
58029599121
58079992199
58130504312
58180955610
58231424814
58281857143
58332121566
58382533241
58432966198
58483368566
58533759157
58583990384
58634365332
58684714466
58735153678
58785535282
58835809841
58886236113
58936537091
58986847136
59037086052
59087414564
59137772814
59188087233
59238421205
59288697368
59338948655
59389491844
59439851882
59490130553
59540358202
59590600637
59640855882
59691136228
59741607624
59791897919
59842286926
59892760104
59943159558
59993465278
60043825373
60094214823
60144610946
60194967120
60245332242
60295596185
60345858953
60396149167
60446463596
60496696480
60546980248
60597351364
60647600017
60697953842
60748186601
60798571745
60848788662
60899023798
60949442676
60999715978
61049970007
61100246824
61150511106
61200857401
61251330954
61301675922
61351902376
61402230555
61452494391
61502722291
61552942193
61603129540
61653530687
61703902446
61754333172
61804556102
61854868567
61905248789
61955485176
62005734330
62056047744
62106315805
62156631949
62206871858
62257333994
62307769127
62358015872
62408243763
62458477536
62508744793
62559121243
62609478713
62659745894
62710124030
62760504560
62810780188
62861094198
62911383589
62961741976
63012081320
63062468955
63112895991
63163120601
63213404461
63263706233
63313989175
63364318803
63414694667
63465265252
63515587534
63566055638
63616478139
63666887552
63717259498
63767504135
63817747537
63868139891
63918367080
63968662257
64018974016
64069372179
64119832961
64170293844
64220582885
64270932158
64321163663
64371402003
64421741257
64472042121
64522265646
64572525243
64622896141
64673315205
64723710698
64774192008
64824388558
64874707943
64925014536
64975352022
65025666259
65075949038
65126197670
65176632324
65226897585
65277162244
65327569292
65377767893
65428039388
65478342063
65528582586
65578819241
65629077152
65679583151
65729851098
65780191810
65830506563
65880748304
65931003488
65981352093
66031709990
66081972254
66132171985
66182481689
66232756983
66283010218
66333247372
66383481254
66433876114
66484101333
66534407035
66584694135
66634912019
66685225886
66735578330
66785957149
66836185222
66886521080
66936769220
66987000879
67037179907
67087479266
67137824641
