40393210363
40443713338
40494086426
40544696644
40595146492
40645643817
40696154970
40746789517
40797281016
40847759704
40898260938
40948724214
40999320859
41049850474
41100263866
41150862190
41201368034
41252033748
41302421662
41352898535
53032470512
53032558448
53032569898
53032574727
53032578682
53032582392
53032587475
53032592378
53044356016
53094720757
53145065955
53195505391
53245834910
53296139700
53346520373
53396878901
53447255029
53497659887
53547819546
53598269105
53648598372
53699020945
53749477125
53799865266
53850130899
53900495452
53951018542
54001257888
54051744196
54102034294
54152295726
54202709542
54253043384
54303348932
54353825792
54404072665
54454306722
54504696218
54555003678
54605216566
54655711940
54706233052
54756482006
54806753072
54857118884
54907340312
54957675629
55007957888
55058375132
55108766297
55159146459
55209552097
55259812242
55310019450
55360340329
55410729035
55461026967
55511497635
55561864248
55612214033
55662630050
55713190952
55763575823
55813948818
55864254233
55914599027
55964887406
56015144051
56065462612
56115795281
56166144592
56216624721
56266987672
56317414598
56367724905
56418014519
56468245480
56518817239
56569238738
56619663525
56670160610
56720474020
56770703425
56821184570
56871648812
56922032430
56972367814
57022754162
57073214036
57123735704
57173953926
57224262764
57274554506
57324922022
57375374281
57425670430
57475910575
57526180462
57576502343
57626861312
57677418493
57727729189
57778142257
57828402742
57878705570
57929146376
57979536291
58029794142
58080210213
58130686050
58181156646
58231630172
58282051728
58332331845
58382723543
58433113638
58483568178
58533922024
58584167889
58634591650
58684977563
58735335091
58785733875
58835988526
58886370928
58936812387
58987060532
59037299885
59087611980
59137967049
59188323101
59238611597
59288928349
59339164902
59389687466
59440125446
59490333490
59540453889
59590762571
59641062658
59691339774
59741846054
59792155713
59842499008
59892957708
59943359809
59993687651
60044047003
60094406500
60144817403
60195159553
60245561153
60295803688
60346088316
60396343242
60446647150
60496885104
60547130472
60597525694
60647749586
60698137944
60748375282
60798772788
60848916650
60899232967
60949619963
60999862549
61050191617
61100442513
61150685314
61201026330
61251475492
61301840832
61352175039
61402459399
61452622879
61502915890
61553052613
61603353283
61653730679
61704122362
61754529655
61804745837
61855064318
61905403872
61955678138
62005994963
62056218761
62106530028
62156816737
62207054995
62257514975
62308098232
62358190663
62408399083
62458626695
62508953042
62559264616
62609698864
62659946497
62710346498
62760739346
62810918055
62861315164
62911546314
62961957900
63012235133
63062651704
63113030700
63163340634
63213562496
63263918151
63314164441
63364480561
63414862169
63465415067
63515785865
63566263281
63616695755
63667092595
63717422936
63767679293
63817938399
63868331370
63918509547
63968877502
64019136724
64069561498
64120151104
64170421604
64220754783
64271142064
64321335051
64371581791
64421956980
64472211429
64522411219
64572763779
64623056824
64673520905
64723881457
64774342418
64824502213
64874838725
64925217044
64975528716
65025804117
65076166235
65126420945
65176879091
65227040687
65277292735
65327763074
65377900813
65428168943
65478539781
65528813215
65578946428
65629387509
65679756079
65730014424
65780408656
65830677709
65880918487
65931206066
65981564281
66031880648
66082105415
66132306024
66182656669
66232883992
66283149565
66333422950
66383661079
66434018984
66484272799
66534647526
66584821797
66635111464
66685415754
66735757053
66786195425
66836402990
66886691313
66936960938
66987129939
67037320680
67087635242
67137937386
