40393144947
40443541025
40494018312
40544591033
40595125820
40645653316
40696178631
40746625198
40797188763
40847724418
40898202889
40948669592
40999239624
41049708560
41100370321
41150917672
41201466251
41252039444
41302519107
41353146974
52291528351
52342124189
52392579066
52443127609
52493610592
52544031885
52594563091
52645190053
52695744647
52746262209
52796555291
52846943542
52897319759
52947964134
52998676020
53049148865
53099738014
53150335848
53200720579
53251190183
53301610857
53351986660
53402402011
53452914059
53503345983
53553666169
53604279768
53654793666
53705451519
53755892694
53806291222
53856755782
53907231476
53957719982
54008307590
54058759976
54109193369
54159651287
54210142552
54260597114
54311208207
54361568635
54411967722
54462503553
54512968994
54563424862
54613892877
54664327247
54714843301
54765356773
54815860563
54866329416
54916813610
54967428320
55017913018
55068429167
55118916490
55169485532
55220052455
55270455982
55320987144
55371384180
55421781262
55472190000
55522849334
55573356364
55623746877
55674361792
55724802772
55775199297
55825777711
55876247751
55926762884
55977247804
56027618618
56078066241
56128645630
56179308297
56229850610
56280392012
56331011675
56381461201
56431981437
56482534246
56533067002
56583731720
56634225520
56684768945
56735221965
56785670517
56836155530
56886737017
56937227809
56987623285
57038350802
57089031509
57139478641
57190013486
57240428337
57290902769
57341376248
57391869740
57442287377
57492745651
57543264935
57593688766
57644210262
57694867581
57745455155
57795988234
57846444985
57896981079
57947680412
57998075760
58048449870
58098973978
58149457846
58199963465
58250489098
58300884239
58351325362
58401956432
58452449907
58502887126
58553364427
58603773648
58654245040
58704774623
58755208410
58805654474
58856047609
58906461217
58956961394
59007413238
59057850909
59108434377
59158980797
59209349126
59260062678
59310659915
59361186007
59411666987
59462119407
59512597843
59562922127
59613396958
59663841708
59714361957
59764819483
59815430463
59865988725
59916490742
59967018566
60017404387
60067821869
60118527123
60169073244
60219512938
60269843029
60320227588
60370802974
60421198289
60471527554
60522039547
60572562272
60622988630
60673436287
60723937150
60774541507
60824934120
60875468073
60925968582
60976396989
61026923985
61077289003
61127613382
61178107590
61228472472
61279212804
61329570373
61380185286
61430648293
61481044087
61532527318
61582950183
61633430470
61683960823
61734752887
61785239381
61835725512
61886380692
61936754489
61987239357
62037808060
62088197147
62138652988
62189130186
62239650384
62290249408
62341069799
62391849888
62442295310
62492764163
62543428664
62593842670
62644220296
62694721805
62745228584
62795615550
62846079596
62896498684
62947115977
62997667146
63048144161
63098500114
63149100510
63199480397
63250030753
63300697306
63351084080
63401707420
63452239418
63502701786
63553238663
63603734333
63654269950
63704833572
63755356359
63805781116
63856384327
63907001562
63957526274
64007889988
64058395056
64108845558
64159278811
64209668681
64260173572
64310697579
64361221544
64411783859
64462377655
64512864732
64563274378
64613808983
64664304553
64714852385
64765314343
64815686002
64866113960
64916462443
64966832939
65017194666
65067573773
65118097813
65168503523
65218969937
65269434342
65319899693
65370301967
65420641718
65471057022
65521421649
65571807014
65622261244
65672655666
65723166314
65773663700
65824157608
65874618260
65924980487
65975377346
66025872528
66076424642
66126756177
66177101216
66227474594
66277781733
66328249780
66378555346
66428985326
66479683282
66530159879
66584250008
66634718748
66685175074
66735798372
66786317989
66836671607
66887101708
66937422831
66987749099
67038007606
67088355692
67138669636
