40393028006
40443343779
40493856766
40544430412
40594899226
40645493600
40695946254
40746485052
40796971253
40847548834
40898072893
40948470237
40999044645
41049492888
41100237477
41150755146
41201312300
41251896304
41302371922
41352867956
46269206712
46419871643
46570391487
46721097267
46871599768
47022205441
47172709514
47323216052
47473760649
47624364966
47774914622
47925522609
48076051946
48226430394
48376995672
48527582320
48678283626
48828883749
48979243849
49129580309
49280202620
49430752888
49581215788
49731800605
49882330108
50032812572
50183359277
50333840164
50484445754
50635216764
50785798556
50936277545
51086999614
51237640924
51388139435
51538593305
51689188214
51839631189
51990182126
52140781601
52291318694
52341920872
52392352517
52442887524
52493383052
52543881860
52594301805
52644957183
52695496268
52746068519
52796427246
52846730960
52897166132
52947639347
52998439334
53048947988
53099556486
53150151122
53200538607
53250997166
53301460274
53351810450
53402207787
53452744719
53503198035
53553521594
53604112280
53654593560
53705253088
53755711126
53806100274
53856577516
53907080599
53957536891
54008134121
54058548196
54108996273
54159471780
54209961629
54260341757
54311054942
54361382584
54411813057
54462309480
54512796822
54563180849
54613704768
54664209082
54714643324
54765161881
54815688975
54866083555
54916664645
54967228793
55017676706
55068260854
55118715943
55169246187
55219854859
55270311676
55320780748
55371231945
55421609385
55472032035
55522675068
55573158845
55623570656
55674126428
55724630961
55774999883
55825604345
55875985782
55926584357
55977077059
56027440805
56077880083
56128435745
56179126557
56229647606
56280214638
56330817617
56381255081
56431837697
56482281578
56532852046
56583540922
56634035103
56684496443
56735064945
56785517207
56835859145
56886513190
56937028938
56987420099
57038107464
57088782306
57139260195
57189831959
57240250443
57290692587
57341210962
57391674533
57442103775
57492587193
57543053770
57593491329
57644025517
57694648548
57745238663
57795841819
57846197900
57896786779
57947491684
57997908195
58048270762
58098766871
58149278329
58199773691
58250315405
58300683229
58351108483
58401766449
58452249482
58502678483
58553168904
58603597059
58654037810
58704557266
58755000733
58805432740
58855880510
58906331782
58956764455
59007229837
59057655651
59108197278
59158800882
59209187791
59259762858
59310474552
59360984867
59411406723
59461909566
59512434127
59562759731
59613221197
59663691150
59714144201
59764626745
59815214064
59865769520
59916372136
59966872457
60017219404
60067671616
60118319633
60168830920
60219376318
60269690222
60320026272
60370594271
60421047324
60471378890
60521843576
60572421004
60622780693
60673243265
60723701643
60774374117
60824754116
60875303776
60925804564
60976255867
61026726976
61077122768
61127460832
61177971729
61228288542
61279038312
61329415669
61380065306
61430440451
61480901621
61531341484
61582791453
61633298697
61683747284
61734526894
61785055912
61835504406
61886194067
61936607915
61987004770
62037632955
62088038008
62138455161
62188968635
62239452907
62290042515
62340826975
62391627304
62442131446
62492576140
62543242724
62593653975
62644041024
62694534640
62744998254
62795493785
62845906039
62896308453
62946907304
62997424530
63047959869
63098338509
63148949537
63199296340
63249775564
63300504921
63350904893
63401447448
63452117385
63502470577
63553059883
63603550713
63654005436
63704648707
63755177207
63805600964
63856204144
63906841445
63957314725
64007723005
64058215514
64108628880
64159095844
64209501432
64259956788
64310520617
64361042917
64411573694
64462205336
64512653613
64563073650
64613568679
64664108147
64714676801
64765125253
64815513536
64865930489
64916329153
64966682524
65017008541
65067432839
65117873829
65168298035
65218811932
65269305775
65319729991
65370180153
65420490602
65470908892
65521243289
65571636912
65622032348
65672511154
65722995781
65773417948
65823900682
65874429095
65924838712
65975197949
66025679605
66076249496
66126620337
66176988310
66227347864
66277647801
66328118536
66378409476
66428832657
66479535188
66529976467
66584121995
66634545560
66684956400
66735585824
66786134371
66836545056
66886962322
66937295586
66987649757
67037924821
67088253033
67138575223
