118420354247
118470615759
118521074136
118571431825
118621852522
118672217225
118722598833
118773041435
118823582946
118874039483
118924299524
118974707976
119024997736
119075496968
119125849160
119176205495
119226473322
119276738868
119326986213
119377255608
119427517476
119477779711
119528065183
119578327801
119632199401
119682379490
119732671808
119782994645
119833239400
119892131841
119942536568
119993131968
120043391055
120093726477
120144058471
120194410972
120244712111
120294994601
120345367201
120395659595
120445960659
120496281974
120546631712
120596965725
120647277483
120697594286
120747944598
120798342214
120848707706
120899119085
120949443484
120999783851
121050164091
121100581428
121150908143
121201311339
121251789520
121302186331
121352624524
121403020508
121453302932
121503663975
121553921824
121604217688
121654598320
121704904995
121755194416
121805501246
121855889377
121906151719
121956465777
122006957981
122057255395
122107676138
122158061508
122208409776
122258876503
122309209485
122359626996
122410036846
122460472536
122510817329
122561312288
122611697390
122662075465
122712517597
122762994311
122813333629
122863655579
122914067727
122964468311
123014781839
123065240677
123115674348
123166093874
123216503969
123266882421
123317216288
123367630785
123418038564
123468412866
123518804349
123569245720
123619603421
123669942545
123720310930
123770829257
123821223417
123871472582
123921770800
123972100373
124022545202
124072965615
124123273046
124173714126
124224031223
124274408009
124324693775
124375049535
124425423178
124475812288
124526115332
124576590588
124627018202
124677320329
124727778985
124778160146
124828579269
124878895388
124929279142
124979553587
125029901897
125080260053
125130571949
125180929874
125231304430
125281703584
125332023276
125382454743
125432925472
125483265142
125533634969
125584090912
125634420262
125684720084
125735031100
125785479296
125835754919
125886091832
125936418636
125986758010
126037101528
126087486269
126137888320
126188274412
126238676997
126289002461
126339268920
126389641061
126439949025
126490476894
126540787827
126591159106
126641539600
126691899028
126742343264
126792686376
126842999947
126893371666
126943748559
126994079456
127044532459
127095031122
127145483641
127195992667
127246518574
127296891911
127347313375
127397670756
127448163801
127498533265
127548871791
127599146759
127649379805
127699791379
127750056977
127800379980
127850757794
127901161419
127951463249
128001817014
128052126947
128102503660
128153022450
128203483187
128253811786
128304112734
128354443374
128404874966
128455103962
128505488189
128555868244
128606245583
128656616134
128706970779
128757314094
128807616092
128858074762
128908478319
128958721385
129009042636
129059313002
129109655415
129160099685
129210489589
129260838783
129311159564
129361574863
129411930612
129462318685
129512919740
129563414776
129613719027
129664238271
129714685558
129765144629
129815489622
129865814429
129916169701
129966529441
130016889468
130067250115
130117620862
130167989621
130218362962
130268759384
130319105283
130369533592
130419934040
130470269905
130520661488
130571079120
130621504457
130672130157
130722530464
130772990949
130823376852
130873689076
130923953877
130974353742
131024733051
131075112421
131125509863
131175825029
131226236473
131276577740
131326956939
131377333185
131427649804
131478005191
131528409626
131578799565
131629150644
131679645700
131730069620
131780349274
131830602913
131880973550
131931278164
131981647397
132031996097
132082262785
132132578885
132182941386
132233303887
132283634669
132333973738
132384427475
132434760955
132485025148
132535455842
132585800388
132636079762
132686382120
132736861943
132787281630
132837714975
132888160894
132938538975
132988906851
133039345330
133089706532
133140220969
133190643282
133240928494
133291182834
133341534611
133391794921
133442283677
133492566352
133543092009
133593528484
133643859306
133694125792
133744439468
133794793310
133845187226
133895576497
133945948811
133996346562
134046817935
134097218455
134147651307
134197950320
134248425034
134298665355
134348980962
134399360391
134449759819
134500028835
134550462157
134600856208
134651385923
134701649825
134751993259
134802504644
134852999914
134903367567
134953860388
135004245460
135054566677
135104944705
135155327723
135205712409
135256132855
135306401978
135356819016
135407260779
135457671578
135507999723
135558572874
135608910842
135659198000
135709716863
135760135203
135810505750
135860911310
135911357485
135961774073
136012096749
136062496999
136112826529
136163135127
136213474753
136264042526
136314394716
136364720589
136415105549
136465557373
136515936270
136566374408
136616792378
136667257099
136717673560
136768098655
136818612296
136868859219
136919220068
136969604447
137019930018
137070375569
137120684210
137171041853
137221468297
137271851823
137322212733
137372576136
137422948533
137473319734
137523607752
137574092533
137624392714
137674801231
137725204474
137775525102
137825930149
137876318073
137926647327
137977058554
138027356253
138077736852
138128076077
138178485328
138228783185
138279201981
138329611291
138380022496
138430373808
138480632469
138531000119
138581383801
138631732633
138682033311
138732473070
138782796463
138833125034
138883506542
138933869241
138984336136
139034701250
139085232736
139135704655
139186088863
139236403547
139286637071
139336947009
139387319037
139437667031
139487983426
139538353956
139588631433
139639006765
139689429550
139739818384
139790219356
139840543342
139891018240
139941487061
139991857972
140042250483
140092593073
140142957124
140193267130
140243669505
140294114158
140344442478
140394918426
140445304590
140495740682
140546132697
140596385092
140646774008
140697111565
140747509751
140797935084
140848322060
140898767690
140949137225
140999423410
141049691372
141100117897
141150470522
141200735394
141251166162
141301435683
141352110206
141402493864
141452778943
141503165155
141553435717
141603807294
141654151494
141704442765
141754788685
141805105582
141855473103
141905808404
141956241564
142006511027
142056837142
142107295676
142157652177
142207918273
142258165988
142308430134
142358750657
142409026734
142459428870
142509699853
142560137757
142610449384
142660777810
142711121344
142761483220
142811764871
142862066552
142912429755
142962921548
143013228595
143063621078
143114046987
143164447029
143214774835
143265090765
143315515213
143365930396
143416297883
143466727155
143516963739
143567420776
143617734838
143668022019
143718356776
143768730847
143819086910
143869382232
143919644415
143969927811
144020188407
144070613973
144121013502
144171345921
144221757583
144272081278
144322349333
144372572945
144422928623
144473253759
144523631445
