118419696603
118470305438
118520783918
118571332496
118621800314
118672202369
118722574822
118773010849
118823548716
118874035509
118924342382
118974674804
119024985332
119075437946
119125838144
119176189017
119226450450
119276729610
119327011091
119377308244
130348241532
130348328380
130348337511
130348340274
130348342518
130348344594
130348347546
130348350496
130398722972
130448992720
130499229013
130549545508
130599808715
130650263409
130700441098
130750728022
130801092802
130851497436
130901708589
130952075039
131002343172
131052645801
131102893362
131153158463
131203472394
131253717554
131303960621
131354227855
131404486837
131454870383
131505144201
131555541752
131605748455
131656155229
131706405474
131756682673
131807082443
131857423762
131907580593
131957876771
132008174447
132058501235
132108704358
132159099518
132209399595
132259624826
132309891331
132360293965
132410556530
132460903590
132511152019
132561449402
132611716067
132661931129
132712226639
132762463765
132812779655
132863011672
132913133305
132963375028
133013541367
133063845963
133114085504
133164399566
133214624038
133264959861
133315130907
133365322078
133415546407
133465727904
133515962243
133566187412
133616458099
133666641201
133717111903
133767237775
133817463704
133867738373
133917840311
133967978799
134018154028
134068367736
134118590559
134168832611
134219024343
134269273938
134319451672
134369724566
134419909709
134470087979
134520357306
134570675311
134621017648
134671347656
134721594663
134771908574
134822196812
134872471844
134922673407
134973034092
135023262304
135073564615
135123910023
135174271712
135224490373
135274778149
135325069974
135375324818
135425627120
135475996580
135526336616
135576576911
135626819044
135677123138
135727393772
135777773912
135828032018
135878284123
135928566194
135978841283
136029139897
136079485706
136129743102
136180027482
136230255188
136280593560
136330898628
136381224456
136431492656
136481816407
136532173148
136582566217
136632806494
136683107734
136733393466
136783678047
136834032455
136884245619
136934587235
136984845188
137035140851
137085426554
137135626255
137185959906
137236231547
137286448277
137336627189
137386957511
137437215043
137487529965
137537760242
137588120758
137638399215
137688705495
137739055074
137789352053
137839627984
137889993072
137940334621
137990556303
138040764627
138091044034
138141310198
138191735295
138241951296
138292238491
138342444888
138392755559
138443001770
138493216576
138543412677
138593792080
138643998636
138694192482
138744540399
138794910773
138845201732
138895523155
138945822146
138995983321
139046388131
139096526061
139146766494
139197175155
139247422117
139297661973
139347911422
139398352900
139448664988
139499064785
139549330688
139599544878
139649858722
139700084310
139750327293
139800629436
139850838082
139901096341
139951318307
140001671867
140051987889
140102227238
140152655085
140202864826
140253084898
140303374030
140353719008
140403953339
140454173185
140504563419
140554901645
140605186611
140655618063
140705888773
140756157114
140806368643
140856691712
140906988688
140957213841
141007498013
141057781575
141108056814
141158294740
141208540425
141258897381
141309170121
141359498396
141409882908
141460129577
141510426124
141560659544
141610936091
141661206862
141711511335
141761773288
141811969442
141862253846
141912570250
141962818406
142013022295
142063239569
142113526052
142163775872
142214006794
142264331914
142314577255
142364875296
142415054200
142465371879
142515719747
142565912645
142616169677
142666437800
142716701303
142766961534
142817305082
142867545774
142917756429
142968097246
143018353157
143068682492
143118895053
143169176219
143219379404
143269619950
143319787736
143370043473
143420236042
143470449467
143520660299
143570907258
143621156922
143671457539
143721739734
143771922930
143822169669
143872405093
143922672887
143972997033
144023161979
144073493171
144123748101
144174112000
144224392095
144274632959
144324795604
144375150263
144425349756
144475593130
