118419622664
118470128623
118520574601
118571151535
118621634516
118672051457
118722441407
118772844152
118823341858
118873875600
118924242218
118974573340
119024844569
119075257739
119125669207
119176025934
119226343444
119276620798
119326892692
119377199188
123698078560
123848548161
123999048252
124149530233
124299935320
124450433467
124600950463
124751332086
124901802038
125052303359
125202649643
125353067014
125503412543
125653774526
125804263487
125954691345
126105340425
126255806066
126406288317
126556749859
126707158928
126857507928
127007901675
127158281251
127308784232
127459226963
127609542546
127760030430
127910452537
128060825413
128211283348
128361728945
128512146251
128662531854
128812864739
128963191252
129113507250
129263830876
129414179493
129564483921
129714871160
129865437154
130015802355
130166249387
130316806349
130398576016
130448793287
130499041301
130549379299
130599642254
130649929251
130700253656
130750545092
130800893775
130851205788
130901527632
130951797967
131002164058
131052404013
131102710905
131152960739
131203322755
131253552656
131303786959
131354053891
131404328477
131454712660
131504932957
131555349636
131605606689
131655905079
131706246065
131756479098
131806890482
131857211151
131907458848
131957684615
132008026436
132058322010
132108577036
132158926103
132209206440
132259501778
132309703718
132360166005
132410399871
132460734769
132510987193
132561279252
132611526346
132661765402
132712046481
132762331218
132812562720
132862825000
132913026434
132963206695
133013432518
133063651502
133113909832
133164253316
133214507905
133264755916
133315021713
133365200880
133415434027
133465603649
133515811019
133566073173
133616333587
133666515742
133716919376
133767122154
133817300804
133867547867
133917723569
133967894838
134018050729
134068228618
134118442381
134168692646
134218900243
134269164112
134319358803
134369608708
134419791199
134469974481
134520192824
134570458174
134620791429
134671138902
134721403917
134771678269
134822002809
134872251100
134922521038
134972792435
135023101528
135073377726
135123709802
135174038450
135224319515
135274600317
135324869093
135375145773
135425439004
135475808930
135526164915
135576433798
135626667439
135676968760
135727198242
135777536849
135827860059
135878112343
135928365850
135978679681
136028980178
136079282934
136129573779
136179848391
136230095153
136280386399
136330714355
136381028255
136431339614
136481648500
136531948070
136582344454
136632696516
136682895922
136733167124
136783480497
136833829989
136884083213
136934391261
136984648082
137034996599
137085222807
137135451050
137185734709
137236065995
137286289300
137336494972
137386763602
137437039940
137487289441
137537606921
137587919040
137638250175
137688490684
137738803615
137789164064
137839436484
137889774872
137940117965
137990396140
138040611272
138090870486
138141151698
138191519769
138241787089
138292066610
138342309822
138392550528
138442818523
138493064331
138543288607
138593573895
138643857106
138694068363
138744346148
138794713001
138845001975
138895349906
138945610795
138995845159
139046142736
139096351479
139146596760
139196939261
139247283567
139297492174
139347765664
139398159566
139448444899
139498858652
139549136053
139599372787
139649622450
139699907654
139750158423
139800426281
139850682217
139900950074
139951160403
140001498133
140051797174
140102107753
140152382713
140202720722
140252934879
140303203566
140353462899
140403721106
140453976052
140504338236
140554708509
140605027369
140655405515
140705713991
140756021986
140806221824
140856497662
140906761868
140957043677
141007366393
141057620089
141107883445
141158112085
141208404692
141258710782
141309015913
141359340351
141409701414
141459936426
141510201984
141560456606
141610783170
141661046205
141711292943
141761619140
141811833408
141862043008
141912300511
141962642274
142012876859
142063073363
142113334263
142163583171
142213861065
142264100284
142314411338
142364668002
142414907807
142465227016
142515477027
142565763421
142616034691
142666263653
142716516826
142766803499
142817114951
142867392440
142917606022
142967906390
143018210023
143068518277
143118740556
143169008116
143219236279
143269455785
143319681677
143369883057
143420075420
143470288774
143520491968
143570787441
143621016106
143671291511
143721526810
143771800111
143822016835
143872238217
143922536927
143972857796
144023048131
144073326002
144123591169
144173968188
144224221012
144274480982
144324693928
144375024772
144425213301
144475460442
