118420327914
118470746840
118521147330
118571536830
118621834010
118672164171
118722499419
118772946164
118823556861
118874017695
118924297818
118974658418
119025053623
119075462047
119125863691
119176223603
119226481127
119276794711
119327173718
119377412255
127459404542
127509735492
127560098615
127610374680
127660762020
127711133158
127761535234
127811888235
127862322378
127912634868
127963053774
128013465526
128063978481
128114408975
128164982334
128215445871
128265863436
128316357407
128366793770
128417247307
128467565909
128517988885
128568408317
128618808533
128669200443
128719569280
128769961531
128820417857
128870753083
128921128314
128971463937
129021926687
129072326961
129122727230
129173135948
129223659379
129274233626
129324529603
129374922708
129425289166
129475704412
129526104401
129576530104
129627016139
129677444879
129727802980
129778198023
129828660600
129879064896
129929479473
129979898471
130030369063
130080962681
130131425897
130181796664
130232324487
130282706596
130333088986
130384132591
130434530382
130484888007
130535342719
130585796068
130636280167
130686784481
130737151727
130787649468
130838095565
130888540237
130938981075
130989428247
131039945346
131090440424
131140870141
131191351553
131241848137
131292292427
131342776638
131393239550
131443639938
131494094345
131544564996
131595148588
131645608084
131696098571
131746551318
131796936849
131847413320
131898137854
131948484444
131998841699
132049327966
132099778357
132150208228
132200601880
132250987874
132301508026
132352056372
132402430973
132452739922
132503245111
132553716084
132604184694
132654616631
132705144015
132755618847
132805965891
132856357223
132906812718
132957134857
133007552767
133057910129
133108352637
133158870169
133209207014
133259660496
133310043312
133360365229
133410856136
133461188158
133511634039
133562106486
133612480705
133662867924
133713697683
133764042326
133814646994
133865013885
133915363240
133965659275
134016170345
134066589832
134116976917
134167353021
134217709796
134268018013
134318429403
134368950335
134419352780
134469696921
134520130179
134570712915
134621052079
134671391851
134721703709
134772074157
134822450879
134872773681
134923093764
134973700183
135024052959
135074378759
135124647807
135174996961
135225324378
135275628098
135325977111
135376273063
135426663226
135477073568
135527494576
135577769898
135628182569
135678492458
135728904046
135779303368
135829628354
135879935711
135930475163
135980777837
136031137552
136081528083
136131900482
136182243643
136232589562
136283133439
136333514023
136383906041
136434361103
136484805136
136535298070
136585893047
136636182673
136686570667
136736974863
136787346402
136837738588
136888077251
136938499059
136988937584
137039420711
137089797243
137140100944
137190546903
137241016676
137291478995
137341858047
137392227794
137442698587
137493033026
137543401242
137593822124
137644153601
137694558718
137744893292
137795249066
137845638987
137896041918
137946540037
137996951269
138047387776
138097819456
138148134893
138198500352
138248892289
138299219628
138349632283
138400169359
138450561830
138500984783
138551366046
138601846470
138652238993
138702542137
138753109254
138803497859
138853906474
138904444014
138954923287
139005231022
139055696680
139106098603
139156658776
139207032277
139257611111
139308062525
139358552536
139408935997
139459239853
139509624281
139559951717
139610327030
139660682397
139711295849
139761696042
139812079115
139862525683
139912954419
139963519537
140013974891
140064302011
140114688534
140165149733
140215517843
140265880152
140316225604
140366702393
140417083917
140467470381
140517981920
140568313262
140618747735
140669162179
140719670739
140770062220
140820454663
140871080683
140921483191
140971969939
141022433159
141072876451
141123428764
141173848274
141224454364
141274950148
141325509168
141375847205
141426400242
141476828369
141527299489
141577802581
141628285537
141678713625
141729315032
141779786802
141830346897
141880761389
141931265169
141981664192
142032166826
142082616755
142133060576
142183472563
142233866650
142284294712
142334786179
142385218797
142435602846
142485957968
142536450252
142587023638
142637387760
142687809668
142738198243
142788594091
142838959619
142889355278
142939948064
142990376712
143040785293
143091243321
143141860437
143192356009
143242747901
143293076382
143343403037
143393869468
143444260202
143494601399
143544952010
143595370226
143645802139
143696208804
143746627441
143796995059
143847396660
143897921803
143948359494
143998802742
144049136624
144099592895
144150004338
144200435650
144251063244
144301378852
144351745001
144402135640
144452469786
144502837264
