118420173428
118470594149
118521019874
118571441767
118621726677
118672028644
118722350318
118772748254
118823362703
118873886193
118924182736
118974532801
119024940169
119075333158
119125764786
119176124716
119226373701
119276628459
119327091849
119377327669
123698054133
123848548175
123999069535
124149552356
124299988911
124450417623
124600876356
124751334549
124901845494
125052335541
125202801226
125353132973
125503480608
125653820629
125804342228
125954754063
126105368426
126255938797
126406398501
126556792595
126707233610
126857590891
127007998568
127158376224
127308888605
127459233278
127509574147
127559912702
127610269938
127660561427
127710975056
127761392527
127811693625
127862148740
127912497654
127962877125
128013312703
128063785930
128114218962
128164733906
128215165089
128265691292
128316157135
128366632539
128417066437
128467406670
128517830626
128568198458
128618633303
128669037769
128719409194
128769743381
128820256138
128870606083
128920931604
128971340479
129021732007
129072153658
129122563128
129172991080
129223401232
129274071297
129324388284
129374762094
129425107628
129475561660
129525922362
129576330687
129626804742
129677295461
129727629272
129778028224
129828423466
129878890757
129929325883
129979691519
130030159034
130080783397
130131213427
130181630311
130232147652
130282517867
130332884546
130383858237
130434344247
130484713887
130535133150
130585556666
130636070271
130686605262
130736983515
130787407215
130837890664
130888327526
130938809098
130989209968
131039750908
131090277145
131140672870
131191174440
131241658070
131292063159
131342515914
131393047997
131443453312
131493894514
131544317084
131594940516
131645428353
131695833363
131746369594
131796745125
131847178543
131897899158
131948336023
131998666472
132049123213
132099593746
132150017132
132200467471
132250811497
132301226288
132351808505
132402264650
132452593237
132502955831
132553511795
132603950646
132654469231
132704994506
132755425060
132805794602
132856177221
132906639804
132956996928
133007423148
133057735366
133108177507
133158722128
133209061769
133259443005
133309870018
133360234864
133410677704
133461066071
133511435039
133561930380
133612326929
133662669094
133713514715
133763871254
133814411579
133864842168
133915201260
133965540537
134015937717
134066417962
134116797746
134167170087
134217539827
134267878902
134318289321
134368698698
134419198655
134469528736
134519911432
134570504450
134620954045
134671239743
134721594560
134771917890
134822309833
134872649727
134922956258
134973317879
135023928641
135074249634
135124531589
135174838081
135225176249
135275480929
135325831184
135376157464
135426552434
135476921457
135527337780
135577647983
135628041349
135678350625
135728758680
135779168975
135829524990
135879801348
135930345334
135980657916
136031012106
136081382925
136131758119
136182119940
136232489838
136282881602
136333354202
136383719507
136434191655
136484647413
136535122403
136585745396
136636063654
136686417295
136736810489
136787176913
136837552512
136887914218
136938316607
136988789464
137039296355
137089663098
137139953053
137190356842
137240841179
137291287639
137341715021
137392062418
137442520463
137492894671
137543234270
137593661440
137644034266
137694395904
137744741933
137795106751
137845458944
137895844589
137946354583
137996744705
138047213603
138097680310
138147979090
138198354386
138248688883
138299085587
138349471875
138399976079
138450382065
138500836362
138551200714
138601703330
138652072824
138702394454
138752941192
138803338697
138853722644
138904302642
138954744994
139005112452
139055501462
139105964904
139156489591
139206833362
139257357197
139307857500
139358350613
139408774310
139459093246
139509465986
139559785519
139610191233
139660519288
139711063024
139761505905
139811886639
139862360051
139912717584
139963298872
140013809593
140064146428
140114505571
140164963286
140215324059
140265724484
140316063508
140366537302
140416916287
140467274778
140517786747
140568171706
140618593561
140668950980
140719467438
140769885834
140820234966
140870926019
140921306087
140971794038
141022254626
141072636696
141123247343
141173638372
141224225808
141274762839
141325323943
141375692790
141426227756
141476669827
141527104733
141577563467
141628066885
141678520344
141729105335
141779543177
141830173720
141880542642
141931049383
141981482273
142031979962
142082440340
142132829917
142183261524
142233657660
142284114146
142334586147
142385057491
142435437259
142485799628
142536285217
142586811522
142637241531
142687585551
142738024697
142788406358
142838780498
142889160053
142939769339
142990151425
143040584142
143091065765
143141583701
143192120974
143242576073
143292938882
143343258441
143393677389
143444077713
143494447734
143544776350
143595158365
143645639338
143696042875
143746417139
143796817611
143847208860
143897696638
143948187893
143998597637
144048994497
144099387142
144149809230
144200220023
144250885673
144301237613
144351586389
144401996029
144452316344
144502674503
